../Core/Src/main.c:132:1:__io_putchar	16	static
../Core/Src/main.c:143:5:main	8	static
../Core/Src/main.c:234:6:SystemClock_Config	120	static
../Core/Src/main.c:307:13:MX_ADC1_Init	48	static
../Core/Src/main.c:375:13:MX_DFSDM1_Init	8	static
../Core/Src/main.c:413:13:MX_ETH_Init	8	static
../Core/Src/main.c:462:13:MX_I2C1_Init	8	static
../Core/Src/main.c:510:13:MX_LTDC_Init	112	static
../Core/Src/main.c:592:13:MX_QUADSPI_Init	8	static
../Core/Src/main.c:626:13:MX_RTC_Init	8	static
../Core/Src/main.c:662:13:MX_SAI1_Init	8	static
../Core/Src/main.c:743:13:MX_SDMMC1_SD_Init	8	static
../Core/Src/main.c:774:13:MX_USART1_UART_Init	8	static
../Core/Src/main.c:822:13:MX_USB_OTG_FS_PCD_Init	8	static
../Core/Src/main.c:858:13:MX_USB_OTG_HS_PCD_Init	8	static
../Core/Src/main.c:890:13:MX_FMC_Init	64	static
../Core/Src/main.c:1012:13:MX_GPIO_Init	72	static
../Core/Src/main.c:1094:6:StartDefaultTask	56	static
../Core/Src/main.c:1115:6:Error_Handler	4	static,ignoring_inline_asm
