../Core/Src/main.c:129:1:__io_putchar	16	static
../Core/Src/main.c:140:5:main	8	static
../Core/Src/main.c:230:6:SystemClock_Config	120	static
../Core/Src/main.c:303:13:MX_ADC1_Init	48	static
../Core/Src/main.c:371:13:MX_DFSDM1_Init	8	static
../Core/Src/main.c:409:13:MX_ETH_Init	8	static
../Core/Src/main.c:458:13:MX_I2C1_Init	8	static
../Core/Src/main.c:506:13:MX_LTDC_Init	112	static
../Core/Src/main.c:588:13:MX_QUADSPI_Init	8	static
../Core/Src/main.c:622:13:MX_RTC_Init	8	static
../Core/Src/main.c:658:13:MX_SAI1_Init	8	static
../Core/Src/main.c:739:13:MX_USART1_UART_Init	8	static
../Core/Src/main.c:787:13:MX_USB_OTG_FS_PCD_Init	8	static
../Core/Src/main.c:823:13:MX_USB_OTG_HS_PCD_Init	8	static
../Core/Src/main.c:855:13:MX_FMC_Init	64	static
../Core/Src/main.c:977:13:MX_GPIO_Init	72	static
../Core/Src/main.c:1093:6:StartDefaultTask	56	static
../Core/Src/main.c:1114:6:Error_Handler	4	static,ignoring_inline_asm
