../Core/Src/stm32h7xx_hal_msp.c:63:6:HAL_MspInit	16	static
../Core/Src/stm32h7xx_hal_msp.c:86:6:HAL_ADC_MspInit	216	static
../Core/Src/stm32h7xx_hal_msp.c:137:6:HAL_ADC_MspDeInit	16	static
../Core/Src/stm32h7xx_hal_msp.c:161:6:HAL_DFSDM_ChannelMspInit	240	static
../Core/Src/stm32h7xx_hal_msp.c:216:6:HAL_DFSDM_ChannelMspDeInit	16	static
../Core/Src/stm32h7xx_hal_msp.c:246:6:HAL_ETH_MspInit	64	static
../Core/Src/stm32h7xx_hal_msp.c:307:6:HAL_ETH_MspDeInit	16	static
../Core/Src/stm32h7xx_hal_msp.c:349:6:HAL_I2C_MspInit	240	static
../Core/Src/stm32h7xx_hal_msp.c:395:6:HAL_I2C_MspDeInit	16	static
../Core/Src/stm32h7xx_hal_msp.c:426:6:HAL_LTDC_MspInit	248	static
../Core/Src/stm32h7xx_hal_msp.c:526:6:HAL_LTDC_MspDeInit	16	static
../Core/Src/stm32h7xx_hal_msp.c:589:6:HAL_QSPI_MspInit	256	static
../Core/Src/stm32h7xx_hal_msp.c:682:6:HAL_QSPI_MspDeInit	16	static
../Core/Src/stm32h7xx_hal_msp.c:725:6:HAL_RTC_MspInit	208	static
../Core/Src/stm32h7xx_hal_msp.c:758:6:HAL_RTC_MspDeInit	16	static
../Core/Src/stm32h7xx_hal_msp.c:780:6:HAL_SD_MspInit	248	static
../Core/Src/stm32h7xx_hal_msp.c:859:6:HAL_SD_MspDeInit	16	static
../Core/Src/stm32h7xx_hal_msp.c:901:6:HAL_UART_MspInit	240	static
../Core/Src/stm32h7xx_hal_msp.c:948:6:HAL_UART_MspDeInit	16	static
../Core/Src/stm32h7xx_hal_msp.c:977:6:HAL_PCD_MspInit	272	static
../Core/Src/stm32h7xx_hal_msp.c:1110:6:HAL_PCD_MspDeInit	16	static
../Core/Src/stm32h7xx_hal_msp.c:1175:13:HAL_FMC_MspInit	232	static
../Core/Src/stm32h7xx_hal_msp.c:1328:6:HAL_NOR_MspInit	16	static
../Core/Src/stm32h7xx_hal_msp.c:1338:6:HAL_SRAM_MspInit	16	static
../Core/Src/stm32h7xx_hal_msp.c:1348:6:HAL_SDRAM_MspInit	16	static
../Core/Src/stm32h7xx_hal_msp.c:1360:13:HAL_FMC_MspDeInit	8	static
../Core/Src/stm32h7xx_hal_msp.c:1471:6:HAL_NOR_MspDeInit	16	static
../Core/Src/stm32h7xx_hal_msp.c:1481:6:HAL_SRAM_MspDeInit	16	static
../Core/Src/stm32h7xx_hal_msp.c:1491:6:HAL_SDRAM_MspDeInit	16	static
../Core/Src/stm32h7xx_hal_msp.c:1503:6:HAL_SAI_MspInit	240	static
../Core/Src/stm32h7xx_hal_msp.c:1581:6:HAL_SAI_MspDeInit	16	static
