../Core/Src/stm32h7xx_hal_msp.c:63:6:HAL_MspInit	16	static
../Core/Src/stm32h7xx_hal_msp.c:86:6:HAL_ADC_MspInit	216	static
../Core/Src/stm32h7xx_hal_msp.c:137:6:HAL_ADC_MspDeInit	16	static
../Core/Src/stm32h7xx_hal_msp.c:161:6:HAL_DFSDM_ChannelMspInit	240	static
../Core/Src/stm32h7xx_hal_msp.c:216:6:HAL_DFSDM_ChannelMspDeInit	16	static
../Core/Src/stm32h7xx_hal_msp.c:246:6:HAL_ETH_MspInit	64	static
../Core/Src/stm32h7xx_hal_msp.c:307:6:HAL_ETH_MspDeInit	16	static
../Core/Src/stm32h7xx_hal_msp.c:349:6:HAL_I2C_MspInit	240	static
../Core/Src/stm32h7xx_hal_msp.c:395:6:HAL_I2C_MspDeInit	16	static
../Core/Src/stm32h7xx_hal_msp.c:426:6:HAL_LTDC_MspInit	248	static
../Core/Src/stm32h7xx_hal_msp.c:526:6:HAL_LTDC_MspDeInit	16	static
../Core/Src/stm32h7xx_hal_msp.c:589:6:HAL_QSPI_MspInit	256	static
../Core/Src/stm32h7xx_hal_msp.c:682:6:HAL_QSPI_MspDeInit	16	static
../Core/Src/stm32h7xx_hal_msp.c:725:6:HAL_RTC_MspInit	208	static
../Core/Src/stm32h7xx_hal_msp.c:758:6:HAL_RTC_MspDeInit	16	static
../Core/Src/stm32h7xx_hal_msp.c:780:6:HAL_UART_MspInit	240	static
../Core/Src/stm32h7xx_hal_msp.c:827:6:HAL_UART_MspDeInit	16	static
../Core/Src/stm32h7xx_hal_msp.c:856:6:HAL_PCD_MspInit	272	static
../Core/Src/stm32h7xx_hal_msp.c:989:6:HAL_PCD_MspDeInit	16	static
../Core/Src/stm32h7xx_hal_msp.c:1054:13:HAL_FMC_MspInit	232	static
../Core/Src/stm32h7xx_hal_msp.c:1207:6:HAL_NOR_MspInit	16	static
../Core/Src/stm32h7xx_hal_msp.c:1217:6:HAL_SRAM_MspInit	16	static
../Core/Src/stm32h7xx_hal_msp.c:1227:6:HAL_SDRAM_MspInit	16	static
../Core/Src/stm32h7xx_hal_msp.c:1239:13:HAL_FMC_MspDeInit	8	static
../Core/Src/stm32h7xx_hal_msp.c:1350:6:HAL_NOR_MspDeInit	16	static
../Core/Src/stm32h7xx_hal_msp.c:1360:6:HAL_SRAM_MspDeInit	16	static
../Core/Src/stm32h7xx_hal_msp.c:1370:6:HAL_SDRAM_MspDeInit	16	static
../Core/Src/stm32h7xx_hal_msp.c:1382:6:HAL_SAI_MspInit	240	static
../Core/Src/stm32h7xx_hal_msp.c:1460:6:HAL_SAI_MspDeInit	16	static
