../Core/Src/main.c:120:5:main	8	static
../Core/Src/main.c:175:6:SystemClock_Config	120	static
../Core/Src/main.c:241:13:MX_ADC1_Init	48	static
../Core/Src/main.c:309:13:MX_DFSDM1_Init	8	static
../Core/Src/main.c:347:13:MX_ETH_Init	8	static
../Core/Src/main.c:396:13:MX_I2C1_Init	8	static
../Core/Src/main.c:444:13:MX_LTDC_Init	112	static
../Core/Src/main.c:526:13:MX_QUADSPI_Init	8	static
../Core/Src/main.c:560:13:MX_SAI1_Init	8	static
../Core/Src/main.c:641:13:MX_SDMMC1_SD_Init	8	static
../Core/Src/main.c:672:13:MX_USART1_UART_Init	8	static
../Core/Src/main.c:720:13:MX_USB_OTG_FS_PCD_Init	8	static
../Core/Src/main.c:756:13:MX_USB_OTG_HS_PCD_Init	8	static
../Core/Src/main.c:788:13:MX_FMC_Init	64	static
../Core/Src/main.c:910:13:MX_GPIO_Init	72	static
../Core/Src/main.c:989:6:Error_Handler	4	static,ignoring_inline_asm
