../Core/Src/main.c:130:5:main	8	static
../Core/Src/main.c:220:6:SystemClock_Config	120	static
../Core/Src/main.c:286:13:MX_ADC1_Init	48	static
../Core/Src/main.c:354:13:MX_DFSDM1_Init	8	static
../Core/Src/main.c:392:13:MX_ETH_Init	8	static
../Core/Src/main.c:441:13:MX_I2C1_Init	8	static
../Core/Src/main.c:489:13:MX_LTDC_Init	112	static
../Core/Src/main.c:571:13:MX_QUADSPI_Init	8	static
../Core/Src/main.c:605:13:MX_SAI1_Init	8	static
../Core/Src/main.c:686:13:MX_SDMMC1_SD_Init	8	static
../Core/Src/main.c:717:13:MX_USART1_UART_Init	8	static
../Core/Src/main.c:765:13:MX_USB_OTG_FS_PCD_Init	8	static
../Core/Src/main.c:801:13:MX_USB_OTG_HS_PCD_Init	8	static
../Core/Src/main.c:833:13:MX_FMC_Init	64	static
../Core/Src/main.c:955:13:MX_GPIO_Init	72	static
../Core/Src/main.c:1037:6:StartDefaultTask	16	static
../Core/Src/main.c:1052:6:Error_Handler	4	static,ignoring_inline_asm
