../Core/Src/stm32h7xx_hal_msp.c:63:6:HAL_MspInit	16	static
../Core/Src/stm32h7xx_hal_msp.c:86:6:HAL_ADC_MspInit	216	static
../Core/Src/stm32h7xx_hal_msp.c:137:6:HAL_ADC_MspDeInit	16	static
../Core/Src/stm32h7xx_hal_msp.c:161:6:HAL_DFSDM_ChannelMspInit	232	static
../Core/Src/stm32h7xx_hal_msp.c:216:6:HAL_DFSDM_ChannelMspDeInit	16	static
../Core/Src/stm32h7xx_hal_msp.c:246:6:HAL_ETH_MspInit	64	static
../Core/Src/stm32h7xx_hal_msp.c:307:6:HAL_ETH_MspDeInit	16	static
../Core/Src/stm32h7xx_hal_msp.c:349:6:HAL_I2C_MspInit	232	static
../Core/Src/stm32h7xx_hal_msp.c:395:6:HAL_I2C_MspDeInit	16	static
../Core/Src/stm32h7xx_hal_msp.c:426:6:HAL_LTDC_MspInit	240	static
../Core/Src/stm32h7xx_hal_msp.c:526:6:HAL_LTDC_MspDeInit	16	static
../Core/Src/stm32h7xx_hal_msp.c:589:6:HAL_QSPI_MspInit	248	static
../Core/Src/stm32h7xx_hal_msp.c:682:6:HAL_QSPI_MspDeInit	16	static
../Core/Src/stm32h7xx_hal_msp.c:725:6:HAL_SD_MspInit	240	static
../Core/Src/stm32h7xx_hal_msp.c:804:6:HAL_SD_MspDeInit	16	static
../Core/Src/stm32h7xx_hal_msp.c:846:6:HAL_UART_MspInit	232	static
../Core/Src/stm32h7xx_hal_msp.c:893:6:HAL_UART_MspDeInit	16	static
../Core/Src/stm32h7xx_hal_msp.c:922:6:HAL_PCD_MspInit	264	static
../Core/Src/stm32h7xx_hal_msp.c:1055:6:HAL_PCD_MspDeInit	16	static
../Core/Src/stm32h7xx_hal_msp.c:1120:13:HAL_FMC_MspInit	224	static
../Core/Src/stm32h7xx_hal_msp.c:1273:6:HAL_NOR_MspInit	16	static
../Core/Src/stm32h7xx_hal_msp.c:1283:6:HAL_SRAM_MspInit	16	static
../Core/Src/stm32h7xx_hal_msp.c:1293:6:HAL_SDRAM_MspInit	16	static
../Core/Src/stm32h7xx_hal_msp.c:1305:13:HAL_FMC_MspDeInit	8	static
../Core/Src/stm32h7xx_hal_msp.c:1416:6:HAL_NOR_MspDeInit	16	static
../Core/Src/stm32h7xx_hal_msp.c:1426:6:HAL_SRAM_MspDeInit	16	static
../Core/Src/stm32h7xx_hal_msp.c:1436:6:HAL_SDRAM_MspDeInit	16	static
../Core/Src/stm32h7xx_hal_msp.c:1448:6:HAL_SAI_MspInit	232	static
../Core/Src/stm32h7xx_hal_msp.c:1526:6:HAL_SAI_MspDeInit	16	static
