Archive member included to satisfy reference by file (symbol)

/Applications/STM32CubeIDE.app/Contents/Eclipse/plugins/com.st.stm32cube.ide.mcu.externaltools.gnu-tools-for-stm32.10.3-2021.10.macos64_1.0.100.202210260954/tools/bin/../lib/gcc/arm-none-eabi/10.3.1/../../../../arm-none-eabi/lib/thumb/v7e-m+dp/hard/libc_nano.a(lib_a-errno.o)
                              ./Core/Src/syscalls.o (__errno)
/Applications/STM32CubeIDE.app/Contents/Eclipse/plugins/com.st.stm32cube.ide.mcu.externaltools.gnu-tools-for-stm32.10.3-2021.10.macos64_1.0.100.202210260954/tools/bin/../lib/gcc/arm-none-eabi/10.3.1/../../../../arm-none-eabi/lib/thumb/v7e-m+dp/hard/libc_nano.a(lib_a-exit.o)
                              /Applications/STM32CubeIDE.app/Contents/Eclipse/plugins/com.st.stm32cube.ide.mcu.externaltools.gnu-tools-for-stm32.10.3-2021.10.macos64_1.0.100.202210260954/tools/bin/../lib/gcc/arm-none-eabi/10.3.1/../../../../arm-none-eabi/lib/thumb/v7e-m+dp/hard/crt0.o (exit)
/Applications/STM32CubeIDE.app/Contents/Eclipse/plugins/com.st.stm32cube.ide.mcu.externaltools.gnu-tools-for-stm32.10.3-2021.10.macos64_1.0.100.202210260954/tools/bin/../lib/gcc/arm-none-eabi/10.3.1/../../../../arm-none-eabi/lib/thumb/v7e-m+dp/hard/libc_nano.a(lib_a-impure.o)
                              /Applications/STM32CubeIDE.app/Contents/Eclipse/plugins/com.st.stm32cube.ide.mcu.externaltools.gnu-tools-for-stm32.10.3-2021.10.macos64_1.0.100.202210260954/tools/bin/../lib/gcc/arm-none-eabi/10.3.1/../../../../arm-none-eabi/lib/thumb/v7e-m+dp/hard/libc_nano.a(lib_a-exit.o) (_global_impure_ptr)
/Applications/STM32CubeIDE.app/Contents/Eclipse/plugins/com.st.stm32cube.ide.mcu.externaltools.gnu-tools-for-stm32.10.3-2021.10.macos64_1.0.100.202210260954/tools/bin/../lib/gcc/arm-none-eabi/10.3.1/../../../../arm-none-eabi/lib/thumb/v7e-m+dp/hard/libc_nano.a(lib_a-init.o)
                              /Applications/STM32CubeIDE.app/Contents/Eclipse/plugins/com.st.stm32cube.ide.mcu.externaltools.gnu-tools-for-stm32.10.3-2021.10.macos64_1.0.100.202210260954/tools/bin/../lib/gcc/arm-none-eabi/10.3.1/../../../../arm-none-eabi/lib/thumb/v7e-m+dp/hard/crt0.o (__libc_init_array)
/Applications/STM32CubeIDE.app/Contents/Eclipse/plugins/com.st.stm32cube.ide.mcu.externaltools.gnu-tools-for-stm32.10.3-2021.10.macos64_1.0.100.202210260954/tools/bin/../lib/gcc/arm-none-eabi/10.3.1/../../../../arm-none-eabi/lib/thumb/v7e-m+dp/hard/libc_nano.a(lib_a-memcpy-stub.o)
                              ./Middlewares/Third_Party/FreeRTOS/Source/CMSIS_RTOS_V2/cmsis_os2.o (memcpy)
/Applications/STM32CubeIDE.app/Contents/Eclipse/plugins/com.st.stm32cube.ide.mcu.externaltools.gnu-tools-for-stm32.10.3-2021.10.macos64_1.0.100.202210260954/tools/bin/../lib/gcc/arm-none-eabi/10.3.1/../../../../arm-none-eabi/lib/thumb/v7e-m+dp/hard/libc_nano.a(lib_a-memset.o)
                              /Applications/STM32CubeIDE.app/Contents/Eclipse/plugins/com.st.stm32cube.ide.mcu.externaltools.gnu-tools-for-stm32.10.3-2021.10.macos64_1.0.100.202210260954/tools/bin/../lib/gcc/arm-none-eabi/10.3.1/../../../../arm-none-eabi/lib/thumb/v7e-m+dp/hard/crt0.o (memset)

Discarded input sections

 .text          0x0000000000000000        0x0 /Applications/STM32CubeIDE.app/Contents/Eclipse/plugins/com.st.stm32cube.ide.mcu.externaltools.gnu-tools-for-stm32.10.3-2021.10.macos64_1.0.100.202210260954/tools/bin/../lib/gcc/arm-none-eabi/10.3.1/thumb/v7e-m+dp/hard/crti.o
 .data          0x0000000000000000        0x0 /Applications/STM32CubeIDE.app/Contents/Eclipse/plugins/com.st.stm32cube.ide.mcu.externaltools.gnu-tools-for-stm32.10.3-2021.10.macos64_1.0.100.202210260954/tools/bin/../lib/gcc/arm-none-eabi/10.3.1/thumb/v7e-m+dp/hard/crti.o
 .bss           0x0000000000000000        0x0 /Applications/STM32CubeIDE.app/Contents/Eclipse/plugins/com.st.stm32cube.ide.mcu.externaltools.gnu-tools-for-stm32.10.3-2021.10.macos64_1.0.100.202210260954/tools/bin/../lib/gcc/arm-none-eabi/10.3.1/thumb/v7e-m+dp/hard/crti.o
 .data          0x0000000000000000        0x4 /Applications/STM32CubeIDE.app/Contents/Eclipse/plugins/com.st.stm32cube.ide.mcu.externaltools.gnu-tools-for-stm32.10.3-2021.10.macos64_1.0.100.202210260954/tools/bin/../lib/gcc/arm-none-eabi/10.3.1/thumb/v7e-m+dp/hard/crtbegin.o
 .rodata        0x0000000000000000       0x24 /Applications/STM32CubeIDE.app/Contents/Eclipse/plugins/com.st.stm32cube.ide.mcu.externaltools.gnu-tools-for-stm32.10.3-2021.10.macos64_1.0.100.202210260954/tools/bin/../lib/gcc/arm-none-eabi/10.3.1/thumb/v7e-m+dp/hard/crtbegin.o
 .text          0x0000000000000000       0x7c /Applications/STM32CubeIDE.app/Contents/Eclipse/plugins/com.st.stm32cube.ide.mcu.externaltools.gnu-tools-for-stm32.10.3-2021.10.macos64_1.0.100.202210260954/tools/bin/../lib/gcc/arm-none-eabi/10.3.1/../../../../arm-none-eabi/lib/thumb/v7e-m+dp/hard/crt0.o
[...]
Memory Configuration

Name             Origin             Length             Attributes
FLASH            0x0000000008000000 0x0000000000200000 xr
DTCMRAM          0x0000000020000000 0x0000000000020000 xrw
RAM_D1           0x0000000024000000 0x0000000000080000 xrw
RAM_D2           0x0000000030000000 0x0000000000048000 xrw
RAM_D3           0x0000000038000000 0x0000000000010000 xrw
ITCMRAM          0x0000000000000000 0x0000000000010000 xrw
*default*        0x0000000000000000 0xffffffffffffffff

Linker script and memory map

LOAD /Applications/STM32CubeIDE.app/Contents/Eclipse/plugins/com.st.stm32cube.ide.mcu.externaltools.gnu-tools-for-stm32.10.3-2021.10.macos64_1.0.100.202210260954/tools/bin/../lib/gcc/arm-none-eabi/10.3.1/thumb/v7e-m+dp/hard/crti.o
LOAD /Applications/STM32CubeIDE.app/Contents/Eclipse/plugins/com.st.stm32cube.ide.mcu.externaltools.gnu-tools-for-stm32.10.3-2021.10.macos64_1.0.100.202210260954/tools/bin/../lib/gcc/arm-none-eabi/10.3.1/thumb/v7e-m+dp/hard/crtbegin.o
LOAD /Applications/STM32CubeIDE.app/Contents/Eclipse/plugins/com.st.stm32cube.ide.mcu.externaltools.gnu-tools-for-stm32.10.3-2021.10.macos64_1.0.100.202210260954/tools/bin/../lib/gcc/arm-none-eabi/10.3.1/../../../../arm-none-eabi/lib/thumb/v7e-m+dp/hard/crt0.o
LOAD ./Core/Src/freertos.o
LOAD ./Core/Src/main.o
LOAD ./Core/Src/stm32h7xx_hal_msp.o
LOAD ./Core/Src/stm32h7xx_it.o
LOAD ./Core/Src/syscalls.o
LOAD ./Core/Src/sysmem.o
LOAD ./Core/Src/system_stm32h7xx.o
LOAD ./Core/Startup/startup_stm32h753xihx.o
LOAD ./Drivers/STM32H7xx_HAL_Driver/Src/stm32h7xx_hal_adc_ex.o
LOAD ./Drivers/STM32H7xx_HAL_Driver/Src/stm32h7xx_hal_cortex.o
LOAD ./Drivers/STM32H7xx_HAL_Driver/Src/stm32h7xx_hal_dma.o
LOAD ./Drivers/STM32H7xx_HAL_Driver/Src/stm32h7xx_hal_dma_ex.o
LOAD ./Drivers/STM32H7xx_HAL_Driver/Src/stm32h7xx_hal_exti.o
LOAD ./Drivers/STM32H7xx_HAL_Driver/Src/stm32h7xx_hal_flash.o
LOAD ./Drivers/STM32H7xx_HAL_Driver/Src/stm32h7xx_hal_flash_ex.o
LOAD ./Drivers/STM32H7xx_HAL_Driver/Src/stm32h7xx_hal_hsem.o
LOAD ./Drivers/STM32H7xx_HAL_Driver/Src/stm32h7xx_hal_ltdc.o
LOAD ./Drivers/STM32H7xx_HAL_Driver/Src/stm32h7xx_hal_ltdc_ex.o
LOAD ./Drivers/STM32H7xx_HAL_Driver/Src/stm32h7xx_hal_mdma.o
LOAD ./Drivers/STM32H7xx_HAL_Driver/Src/stm32h7xx_hal_nor.o
LOAD ./Drivers/STM32H7xx_HAL_Driver/Src/stm32h7xx_hal_pwr.o
LOAD ./Drivers/STM32H7xx_HAL_Driver/Src/stm32h7xx_hal_sdram.o
LOAD ./Drivers/STM32H7xx_HAL_Driver/Src/stm32h7xx_hal_sram.o
LOAD ./Drivers/STM32H7xx_HAL_Driver/Src/stm32h7xx_hal_tim.o
LOAD ./Drivers/STM32H7xx_HAL_Driver/Src/stm32h7xx_hal_tim_ex.o
LOAD ./Drivers/STM32H7xx_HAL_Driver/Src/stm32h7xx_ll_delayblock.o
LOAD ./Drivers/STM32H7xx_HAL_Driver/Src/stm32h7xx_ll_fmc.o
LOAD ./Middlewares/Third_Party/FreeRTOS/Source/CMSIS_RTOS_V2/cmsis_os2.o
LOAD ./Middlewares/Third_Party/FreeRTOS/Source/croutine.o
LOAD ./Middlewares/Third_Party/FreeRTOS/Source/event_groups.o
LOAD ./Middlewares/Third_Party/FreeRTOS/Source/list.o
LOAD ./Middlewares/Third_Party/FreeRTOS/Source/queue.o
LOAD ./Middlewares/Third_Party/FreeRTOS/Source/stream_buffer.o
LOAD ./Middlewares/Third_Party/FreeRTOS/Source/tasks.o
LOAD ./Middlewares/Third_Party/FreeRTOS/Source/timers.o
LOAD ./Middlewares/Third_Party/FreeRTOS/Source/portable/GCC/ARM_CM4F/port.o
LOAD ./Middlewares/Third_Party/FreeRTOS/Source/portable/MemMang/heap_4.o
START GROUP
LOAD /Applications/STM32CubeIDE.app/Contents/Eclipse/plugins/com.st.stm32cube.ide.mcu.externaltools.gnu-tools-for-stm32.10.3-2021.10.macos64_1.0.100.202210260954/tools/bin/../lib/gcc/arm-none-eabi/10.3.1/../../../../arm-none-eabi/lib/thumb/v7e-m+dp/hard/libc_nano.a
LOAD /Applications/STM32CubeIDE.app/Contents/Eclipse/plugins/com.st.stm32cube.ide.mcu.externaltools.gnu-tools-for-stm32.10.3-2021.10.macos64_1.0.100.202210260954/tools/bin/../lib/gcc/arm-none-eabi/10.3.1/../../../../arm-none-eabi/lib/thumb/v7e-m+dp/hard/libm.a
END GROUP
START GROUP
LOAD /Applications/STM32CubeIDE.app/Contents/Eclipse/plugins/com.st.stm32cube.ide.mcu.externaltools.gnu-tools-for-stm32.10.3-2021.10.macos64_1.0.100.202210260954/tools/bin/../lib/gcc/arm-none-eabi/10.3.1/thumb/v7e-m+dp/hard/libgcc.a
LOAD /Applications/STM32CubeIDE.app/Contents/Eclipse/plugins/com.st.stm32cube.ide.mcu.externaltools.gnu-tools-for-stm32.10.3-2021.10.macos64_1.0.100.202210260954/tools/bin/../lib/gcc/arm-none-eabi/10.3.1/../../../../arm-none-eabi/lib/thumb/v7e-m+dp/hard/libc_nano.a
END GROUP
START GROUP
LOAD /Applications/STM32CubeIDE.app/Contents/Eclipse/plugins/com.st.stm32cube.ide.mcu.externaltools.gnu-tools-for-stm32.10.3-2021.10.macos64_1.0.100.202210260954/tools/bin/../lib/gcc/arm-none-eabi/10.3.1/thumb/v7e-m+dp/hard/libgcc.a
LOAD /Applications/STM32CubeIDE.app/Contents/Eclipse/plugins/com.st.stm32cube.ide.mcu.externaltools.gnu-tools-for-stm32.10.3-2021.10.macos64_1.0.100.202210260954/tools/bin/../lib/gcc/arm-none-eabi/10.3.1/../../../../arm-none-eabi/lib/thumb/v7e-m+dp/hard/libc_nano.a
LOAD /Applications/STM32CubeIDE.app/Contents/Eclipse/plugins/com.st.stm32cube.ide.mcu.externaltools.gnu-tools-for-stm32.10.3-2021.10.macos64_1.0.100.202210260954/tools/bin/../lib/gcc/arm-none-eabi/10.3.1/../../../../arm-none-eabi/lib/thumb/v7e-m+dp/hard/libnosys.a
END GROUP
START GROUP
LOAD /Applications/STM32CubeIDE.app/Contents/Eclipse/plugins/com.st.stm32cube.ide.mcu.externaltools.gnu-tools-for-stm32.10.3-2021.10.macos64_1.0.100.202210260954/tools/bin/../lib/gcc/arm-none-eabi/10.3.1/thumb/v7e-m+dp/hard/libgcc.a
LOAD /Applications/STM32CubeIDE.app/Contents/Eclipse/plugins/com.st.stm32cube.ide.mcu.externaltools.gnu-tools-for-stm32.10.3-2021.10.macos64_1.0.100.202210260954/tools/bin/../lib/gcc/arm-none-eabi/10.3.1/../../../../arm-none-eabi/lib/thumb/v7e-m+dp/hard/libc_nano.a
LOAD /Applications/STM32CubeIDE.app/Contents/Eclipse/plugins/com.st.stm32cube.ide.mcu.externaltools.gnu-tools-for-stm32.10.3-2021.10.macos64_1.0.100.202210260954/tools/bin/../lib/gcc/arm-none-eabi/10.3.1/../../../../arm-none-eabi/lib/thumb/v7e-m+dp/hard/libnosys.a
END GROUP
LOAD /Applications/STM32CubeIDE.app/Contents/Eclipse/plugins/com.st.stm32cube.ide.mcu.externaltools.gnu-tools-for-stm32.10.3-2021.10.macos64_1.0.100.202210260954/tools/bin/../lib/gcc/arm-none-eabi/10.3.1/thumb/v7e-m+dp/hard/crtend.o
LOAD /Applications/STM32CubeIDE.app/Contents/Eclipse/plugins/com.st.stm32cube.ide.mcu.externaltools.gnu-tools-for-stm32.10.3-2021.10.macos64_1.0.100.202210260954/tools/bin/../lib/gcc/arm-none-eabi/10.3.1/thumb/v7e-m+dp/hard/crtn.o
                0x0000000024080000                _estack = (ORIGIN (RAM_D1) + LENGTH (RAM_D1))
                0x0000000000000200                _Min_Heap_Size = 0x200
                0x0000000000000400                _Min_Stack_Size = 0x400

.isr_vector     0x0000000008000000      0x298
                0x0000000008000000                . = ALIGN (0x4)
 *(.isr_vector)
 .isr_vector    0x0000000008000000      0x298 ./Core/Startup/startup_stm32h753xihx.o
                0x0000000008000000                g_pfnVectors
                0x0000000008000298                . = ALIGN (0x4)

.text           0x00000000080002a0     0x4ca8
                0x00000000080002a0                . = ALIGN (0x4)
 *(.text)
 .text          0x00000000080002a0       0x40 /Applications/STM32CubeIDE.app/Contents/Eclipse/plugins/com.st.stm32cube.ide.mcu.externaltools.gnu-tools-for-stm32.10.3-2021.10.macos64_1.0.100.202210260954/tools/bin/../lib/gcc/arm-none-eabi/10.3.1/thumb/v7e-m+dp/hard/crtbegin.o
 *(.text*)
 .text.main     0x00000000080002e0       0x68 ./Core/Src/main.o
                0x00000000080002e0                main
 .text.SystemClock_Config
                0x0000000008000348      0x118 ./Core/Src/main.o
                0x0000000008000348                SystemClock_Config
 .text.MX_ADC1_Init
                0x0000000008000460       0xf4 ./Core/Src/main.o
 .text.MX_DFSDM1_Init
                0x0000000008000554       0x70 ./Core/Src/main.o
 .text.MX_ETH_Init
                0x00000000080005c4       0x98 ./Core/Src/main.o
 .text.MX_I2C1_Init
                0x000000000800065c       0x80 ./Core/Src/main.o
 .text.MX_LTDC_Init
                0x00000000080006dc      0x164 ./Core/Src/main.o
 .text.MX_QUADSPI_Init
                0x0000000008000840       0x50 ./Core/Src/main.o
 .text.MX_SAI1_Init
                0x0000000008000890      0x17c ./Core/Src/main.o
 .text.MX_SDMMC1_SD_Init
                0x0000000008000a0c       0x48 ./Core/Src/main.o
 .text.MX_USART1_UART_Init
                0x0000000008000a54       0x98 ./Core/Src/main.o
 .text.MX_USB_OTG_FS_PCD_Init
                0x0000000008000aec       0x64 ./Core/Src/main.o
 .text.MX_USB_OTG_HS_PCD_Init
                0x0000000008000b50       0x64 ./Core/Src/main.o
 .text.MX_FMC_Init
                0x0000000008000bb4      0x1f8 ./Core/Src/main.o
 .text.MX_GPIO_Init
                0x0000000008000dac      0x258 ./Core/Src/main.o
 .text.StartDefaultTask
                0x0000000008001004       0x10 ./Core/Src/main.o
                0x0000000008001004                StartDefaultTask
 .text.Error_Handler
                0x0000000008001014        0xa ./Core/Src/main.o
                0x0000000008001014                Error_Handler
 *fill*         0x000000000800101e        0x2 
 .text.HAL_LTDC_MspInit
                0x0000000008001020      0x184 ./Core/Src/stm32h7xx_hal_msp.o
                0x0000000008001020                HAL_LTDC_MspInit
 .text.HAL_FMC_MspInit
                0x00000000080011a4      0x1a4 ./Core/Src/stm32h7xx_hal_msp.o
 .text.HAL_NOR_MspInit
                0x0000000008001348       0x14 ./Core/Src/stm32h7xx_hal_msp.o
                0x0000000008001348                HAL_NOR_MspInit
 .text.HAL_SRAM_MspInit
                0x000000000800135c       0x14 ./Core/Src/stm32h7xx_hal_msp.o
                0x000000000800135c                HAL_SRAM_MspInit
 .text.HAL_SDRAM_MspInit
                0x0000000008001370       0x14 ./Core/Src/stm32h7xx_hal_msp.o
                0x0000000008001370                HAL_SDRAM_MspInit
 .text.NMI_Handler
                0x0000000008001384        0x6 ./Core/Src/stm32h7xx_it.o
                0x0000000008001384                NMI_Handler
 .text.HardFault_Handler
                0x000000000800138a        0x6 ./Core/Src/stm32h7xx_it.o
                0x000000000800138a                HardFault_Handler
 .text.MemManage_Handler
                0x0000000008001390        0x6 ./Core/Src/stm32h7xx_it.o
                0x0000000008001390                MemManage_Handler
 .text.BusFault_Handler
                0x0000000008001396        0x6 ./Core/Src/stm32h7xx_it.o
                0x0000000008001396                BusFault_Handler
 .text.UsageFault_Handler
                0x000000000800139c        0x6 ./Core/Src/stm32h7xx_it.o
                0x000000000800139c                UsageFault_Handler
 .text.DebugMon_Handler
                0x00000000080013a2        0xe ./Core/Src/stm32h7xx_it.o
                0x00000000080013a2                DebugMon_Handler
 .text.SysTick_Handler
                0x00000000080013b0       0x1a ./Core/Src/stm32h7xx_it.o
                0x00000000080013b0                SysTick_Handler
 *fill*         0x00000000080013ca        0x2 
 .text.SystemInit
                0x00000000080013cc      0x110 ./Core/Src/system_stm32h7xx.o
                0x00000000080013cc                SystemInit
 .text.Reset_Handler
                0x00000000080014dc       0x50 ./Core/Startup/startup_stm32h753xihx.o
                0x00000000080014dc                Reset_Handler
 .text.Default_Handler
                0x000000000800152c        0x2 ./Core/Startup/startup_stm32h753xihx.o
                0x000000000800152c                DMA1_Stream3_IRQHandler
                0x000000000800152c                HASH_RNG_IRQHandler
                0x000000000800152c                EXTI2_IRQHandler
                0x000000000800152c                TIM8_CC_IRQHandler
                0x000000000800152c                HRTIM1_Master_IRQHandler
                0x000000000800152c                UART8_IRQHandler
                0x000000000800152c                SPI4_IRQHandler
                0x000000000800152c                TIM1_CC_IRQHandler
                0x000000000800152c                BDMA_Channel6_IRQHandler
                0x000000000800152c                DMA2_Stream5_IRQHandler
                0x000000000800152c                HRTIM1_FLT_IRQHandler
                0x000000000800152c                JPEG_IRQHandler
                0x000000000800152c                DMA1_Stream5_IRQHandler
                0x000000000800152c                BDMA_Channel1_IRQHandler
                0x000000000800152c                HRTIM1_TIMD_IRQHandler
                0x000000000800152c                TAMP_STAMP_IRQHandler
                0x000000000800152c                EXTI3_IRQHandler
                0x000000000800152c                LPTIM4_IRQHandler
                0x000000000800152c                TIM8_TRG_COM_TIM14_IRQHandler
                0x000000000800152c                LPTIM2_IRQHandler
                0x000000000800152c                DFSDM1_FLT1_IRQHandler
                0x000000000800152c                DMAMUX2_OVR_IRQHandler
                0x000000000800152c                TIM8_UP_TIM13_IRQHandler
                0x000000000800152c                I2C3_ER_IRQHandler
                0x000000000800152c                DFSDM1_FLT2_IRQHandler
                0x000000000800152c                MDMA_IRQHandler
                0x000000000800152c                LPTIM3_IRQHandler
                0x000000000800152c                HSEM1_IRQHandler
                0x000000000800152c                EXTI0_IRQHandler
                0x000000000800152c                I2C2_EV_IRQHandler
                0x000000000800152c                DMA1_Stream2_IRQHandler
                0x000000000800152c                FPU_IRQHandler
                0x000000000800152c                OTG_HS_WKUP_IRQHandler
                0x000000000800152c                FDCAN1_IT1_IRQHandler
                0x000000000800152c                LTDC_ER_IRQHandler
                0x000000000800152c                DMA2_Stream2_IRQHandler
                0x000000000800152c                HRTIM1_TIME_IRQHandler
                0x000000000800152c                SPI1_IRQHandler
                0x000000000800152c                TIM6_DAC_IRQHandler
                0x000000000800152c                DCMI_IRQHandler
                0x000000000800152c                HRTIM1_TIMC_IRQHandler
                0x000000000800152c                DMA2_Stream3_IRQHandler
                0x000000000800152c                SAI2_IRQHandler
                0x000000000800152c                DFSDM1_FLT3_IRQHandler
                0x000000000800152c                USART6_IRQHandler
                0x000000000800152c                TIM17_IRQHandler
                0x000000000800152c                USART3_IRQHandler
                0x000000000800152c                BDMA_Channel7_IRQHandler
                0x000000000800152c                CRYP_IRQHandler
                0x000000000800152c                LPTIM5_IRQHandler
                0x000000000800152c                UART5_IRQHandler
                0x000000000800152c                ADC3_IRQHandler
                0x000000000800152c                DMA2_Stream0_IRQHandler
                0x000000000800152c                TIM4_IRQHandler
                0x000000000800152c                BDMA_Channel2_IRQHandler
                0x000000000800152c                QUADSPI_IRQHandler
                0x000000000800152c                I2C1_EV_IRQHandler
                0x000000000800152c                DMA1_Stream6_IRQHandler
                0x000000000800152c                DMAMUX1_OVR_IRQHandler
                0x000000000800152c                DMA1_Stream1_IRQHandler
                0x000000000800152c                TIM16_IRQHandler
                0x000000000800152c                UART4_IRQHandler
                0x000000000800152c                BDMA_Channel5_IRQHandler
                0x000000000800152c                TIM3_IRQHandler
                0x000000000800152c                RCC_IRQHandler
                0x000000000800152c                TIM8_BRK_TIM12_IRQHandler
                0x000000000800152c                TIM1_TRG_COM_IRQHandler
                0x000000000800152c                Default_Handler
                0x000000000800152c                ECC_IRQHandler
                0x000000000800152c                CEC_IRQHandler
                0x000000000800152c                EXTI15_10_IRQHandler
                0x000000000800152c                BDMA_Channel0_IRQHandler
                0x000000000800152c                ADC_IRQHandler
                0x000000000800152c                DMA1_Stream7_IRQHandler
                0x000000000800152c                HRTIM1_TIMA_IRQHandler
                0x000000000800152c                SPI5_IRQHandler
                0x000000000800152c                TIM7_IRQHandler
                0x000000000800152c                SDMMC1_IRQHandler
                0x000000000800152c                TIM5_IRQHandler
                0x000000000800152c                DMA2_Stream7_IRQHandler
                0x000000000800152c                TIM15_IRQHandler
                0x000000000800152c                PVD_AVD_IRQHandler
                0x000000000800152c                I2C3_EV_IRQHandler
                0x000000000800152c                EXTI9_5_IRQHandler
                0x000000000800152c                RTC_WKUP_IRQHandler
                0x000000000800152c                LTDC_IRQHandler
                0x000000000800152c                SAI3_IRQHandler
                0x000000000800152c                ETH_WKUP_IRQHandler
                0x000000000800152c                SPDIF_RX_IRQHandler
                0x000000000800152c                SPI2_IRQHandler
                0x000000000800152c                OTG_HS_EP1_IN_IRQHandler
                0x000000000800152c                DMA1_Stream0_IRQHandler
                0x000000000800152c                CRS_IRQHandler
                0x000000000800152c                EXTI4_IRQHandler
                0x000000000800152c                HRTIM1_TIMB_IRQHandler
                0x000000000800152c                FDCAN2_IT1_IRQHandler
                0x000000000800152c                ETH_IRQHandler
                0x000000000800152c                TIM1_UP_IRQHandler
                0x000000000800152c                BDMA_Channel4_IRQHandler
                0x000000000800152c                OTG_HS_EP1_OUT_IRQHandler
                0x000000000800152c                WWDG_IRQHandler
                0x000000000800152c                SPI6_IRQHandler
                0x000000000800152c                MDIOS_IRQHandler
                0x000000000800152c                I2C4_EV_IRQHandler
                0x000000000800152c                FDCAN2_IT0_IRQHandler
                0x000000000800152c                LPUART1_IRQHandler
                0x000000000800152c                FDCAN1_IT0_IRQHandler
                0x000000000800152c                TIM2_IRQHandler
                0x000000000800152c                OTG_FS_WKUP_IRQHandler
                0x000000000800152c                OTG_HS_IRQHandler
                0x000000000800152c                DMA2D_IRQHandler
                0x000000000800152c                TIM1_BRK_IRQHandler
                0x000000000800152c                EXTI1_IRQHandler
                0x000000000800152c                SDMMC2_IRQHandler
                0x000000000800152c                OTG_FS_EP1_OUT_IRQHandler
                0x000000000800152c                BDMA_Channel3_IRQHandler
                0x000000000800152c                UART7_IRQHandler
                0x000000000800152c                MDIOS_WKUP_IRQHandler
                0x000000000800152c                USART2_IRQHandler
                0x000000000800152c                DFSDM1_FLT0_IRQHandler
                0x000000000800152c                SAI4_IRQHandler
                0x000000000800152c                I2C2_ER_IRQHandler
                0x000000000800152c                DMA2_Stream1_IRQHandler
                0x000000000800152c                FLASH_IRQHandler
                0x000000000800152c                DMA2_Stream4_IRQHandler
                0x000000000800152c                USART1_IRQHandler
                0x000000000800152c                OTG_FS_IRQHandler
                0x000000000800152c                SPI3_IRQHandler
                0x000000000800152c                WAKEUP_PIN_IRQHandler
                0x000000000800152c                DMA1_Stream4_IRQHandler
                0x000000000800152c                OTG_FS_EP1_IN_IRQHandler
                0x000000000800152c                I2C1_ER_IRQHandler
                0x000000000800152c                FMC_IRQHandler
                0x000000000800152c                FDCAN_CAL_IRQHandler
                0x000000000800152c                SWPMI1_IRQHandler
                0x000000000800152c                COMP1_IRQHandler
                0x000000000800152c                LPTIM1_IRQHandler
                0x000000000800152c                I2C4_ER_IRQHandler
                0x000000000800152c                DMA2_Stream6_IRQHandler
                0x000000000800152c                SAI1_IRQHandler
                0x000000000800152c                RTC_Alarm_IRQHandler
 .text.LL_ADC_IsEnabled
                0x000000000800152e       0x26 ./Drivers/STM32H7xx_HAL_Driver/Src/stm32h7xx_hal_adc_ex.o
 .text.LL_ADC_REG_IsConversionOngoing
                0x0000000008001554       0x26 ./Drivers/STM32H7xx_HAL_Driver/Src/stm32h7xx_hal_adc_ex.o
 *fill*         0x000000000800157a        0x2 
 .text.HAL_ADCEx_MultiModeConfigChannel
                0x000000000800157c      0x1bc ./Drivers/STM32H7xx_HAL_Driver/Src/stm32h7xx_hal_adc_ex.o
                0x000000000800157c                HAL_ADCEx_MultiModeConfigChannel
 .text.HAL_LTDC_Init
                0x0000000008001738      0x1a0 ./Drivers/STM32H7xx_HAL_Driver/Src/stm32h7xx_hal_ltdc.o
                0x0000000008001738                HAL_LTDC_Init
 .text.HAL_LTDC_ConfigLayer
                0x00000000080018d8       0x7c ./Drivers/STM32H7xx_HAL_Driver/Src/stm32h7xx_hal_ltdc.o
                0x00000000080018d8                HAL_LTDC_ConfigLayer
 .text.LTDC_SetConfig
                0x0000000008001954      0x334 ./Drivers/STM32H7xx_HAL_Driver/Src/stm32h7xx_hal_ltdc.o
 .text.HAL_NOR_Init
                0x0000000008001c88      0x158 ./Drivers/STM32H7xx_HAL_Driver/Src/stm32h7xx_hal_nor.o
                0x0000000008001c88                HAL_NOR_Init
 .text.HAL_NOR_ReturnToReadMode
                0x0000000008001de0       0xd0 ./Drivers/STM32H7xx_HAL_Driver/Src/stm32h7xx_hal_nor.o
                0x0000000008001de0                HAL_NOR_ReturnToReadMode
 .text.HAL_SDRAM_Init
                0x0000000008001eb0       0x78 ./Drivers/STM32H7xx_HAL_Driver/Src/stm32h7xx_hal_sdram.o
                0x0000000008001eb0                HAL_SDRAM_Init
 .text.HAL_SRAM_Init
                0x0000000008001f28       0xa0 ./Drivers/STM32H7xx_HAL_Driver/Src/stm32h7xx_hal_sram.o
                0x0000000008001f28                HAL_SRAM_Init
 .text.FMC_NORSRAM_Init
                0x0000000008001fc8      0x120 ./Drivers/STM32H7xx_HAL_Driver/Src/stm32h7xx_ll_fmc.o
                0x0000000008001fc8                FMC_NORSRAM_Init
 .text.FMC_NORSRAM_Timing_Init
                0x00000000080020e8       0xa0 ./Drivers/STM32H7xx_HAL_Driver/Src/stm32h7xx_ll_fmc.o
                0x00000000080020e8                FMC_NORSRAM_Timing_Init
 .text.FMC_NORSRAM_Extended_Timing_Init
                0x0000000008002188       0x70 ./Drivers/STM32H7xx_HAL_Driver/Src/stm32h7xx_ll_fmc.o
                0x0000000008002188                FMC_NORSRAM_Extended_Timing_Init
 .text.FMC_NORSRAM_WriteOperation_Disable
                0x00000000080021f8       0x2c ./Drivers/STM32H7xx_HAL_Driver/Src/stm32h7xx_ll_fmc.o
                0x00000000080021f8                FMC_NORSRAM_WriteOperation_Disable
 .text.FMC_SDRAM_Init
                0x0000000008002224       0xb8 ./Drivers/STM32H7xx_HAL_Driver/Src/stm32h7xx_ll_fmc.o
                0x0000000008002224                FMC_SDRAM_Init
 .text.FMC_SDRAM_Timing_Init
                0x00000000080022dc       0xd4 ./Drivers/STM32H7xx_HAL_Driver/Src/stm32h7xx_ll_fmc.o
                0x00000000080022dc                FMC_SDRAM_Timing_Init
 .text.__NVIC_SetPriority
                0x00000000080023b0       0x54 ./Middlewares/Third_Party/FreeRTOS/Source/CMSIS_RTOS_V2/cmsis_os2.o
 .text.SVC_Setup
                0x0000000008002404       0x12 ./Middlewares/Third_Party/FreeRTOS/Source/CMSIS_RTOS_V2/cmsis_os2.o
 *fill*         0x0000000008002416        0x2 
 .text.osKernelInitialize
                0x0000000008002418       0x48 ./Middlewares/Third_Party/FreeRTOS/Source/CMSIS_RTOS_V2/cmsis_os2.o
                0x0000000008002418                osKernelInitialize
 .text.osKernelStart
                0x0000000008002460       0x4c ./Middlewares/Third_Party/FreeRTOS/Source/CMSIS_RTOS_V2/cmsis_os2.o
                0x0000000008002460                osKernelStart
 .text.osThreadNew
                0x00000000080024ac      0x124 ./Middlewares/Third_Party/FreeRTOS/Source/CMSIS_RTOS_V2/cmsis_os2.o
                0x00000000080024ac                osThreadNew
 .text.osDelay  0x00000000080025d0       0x36 ./Middlewares/Third_Party/FreeRTOS/Source/CMSIS_RTOS_V2/cmsis_os2.o
                0x00000000080025d0                osDelay
 *fill*         0x0000000008002606        0x2 
 .text.vApplicationGetIdleTaskMemory
                0x0000000008002608       0x34 ./Middlewares/Third_Party/FreeRTOS/Source/CMSIS_RTOS_V2/cmsis_os2.o
                0x0000000008002608                vApplicationGetIdleTaskMemory
 .text.vApplicationGetTimerTaskMemory
                0x000000000800263c       0x34 ./Middlewares/Third_Party/FreeRTOS/Source/CMSIS_RTOS_V2/cmsis_os2.o
                0x000000000800263c                vApplicationGetTimerTaskMemory
 .text.vListInitialise
                0x0000000008002670       0x40 ./Middlewares/Third_Party/FreeRTOS/Source/list.o
                0x0000000008002670                vListInitialise
 .text.vListInitialiseItem
                0x00000000080026b0       0x1a ./Middlewares/Third_Party/FreeRTOS/Source/list.o
                0x00000000080026b0                vListInitialiseItem
 .text.vListInsertEnd
                0x00000000080026ca       0x48 ./Middlewares/Third_Party/FreeRTOS/Source/list.o
                0x00000000080026ca                vListInsertEnd
 .text.vListInsert
                0x0000000008002712       0x72 ./Middlewares/Third_Party/FreeRTOS/Source/list.o
                0x0000000008002712                vListInsert
 .text.uxListRemove
                0x0000000008002784       0x54 ./Middlewares/Third_Party/FreeRTOS/Source/list.o
                0x0000000008002784                uxListRemove
 .text.xQueueGenericReset
                0x00000000080027d8       0xd0 ./Middlewares/Third_Party/FreeRTOS/Source/queue.o
                0x00000000080027d8                xQueueGenericReset
 .text.xQueueGenericCreateStatic
                0x00000000080028a8       0xf0 ./Middlewares/Third_Party/FreeRTOS/Source/queue.o
                0x00000000080028a8                xQueueGenericCreateStatic
 .text.prvInitialiseNewQueue
                0x0000000008002998       0x46 ./Middlewares/Third_Party/FreeRTOS/Source/queue.o
 *fill*         0x00000000080029de        0x2 
 .text.xQueueGenericSend
                0x00000000080029e0      0x1fc ./Middlewares/Third_Party/FreeRTOS/Source/queue.o
                0x00000000080029e0                xQueueGenericSend
 .text.xQueueGenericSendFromISR
                0x0000000008002bdc      0x136 ./Middlewares/Third_Party/FreeRTOS/Source/queue.o
                0x0000000008002bdc                xQueueGenericSendFromISR
 *fill*         0x0000000008002d12        0x2 
 .text.xQueueReceive
                0x0000000008002d14      0x1c0 ./Middlewares/Third_Party/FreeRTOS/Source/queue.o
                0x0000000008002d14                xQueueReceive
 .text.prvCopyDataToQueue
                0x0000000008002ed4       0xd4 ./Middlewares/Third_Party/FreeRTOS/Source/queue.o
 .text.prvCopyDataFromQueue
                0x0000000008002fa8       0x4c ./Middlewares/Third_Party/FreeRTOS/Source/queue.o
 .text.prvUnlockQueue
                0x0000000008002ff4       0xa4 ./Middlewares/Third_Party/FreeRTOS/Source/queue.o
 .text.prvIsQueueEmpty
                0x0000000008003098       0x2c ./Middlewares/Third_Party/FreeRTOS/Source/queue.o
 .text.prvIsQueueFull
                0x00000000080030c4       0x30 ./Middlewares/Third_Party/FreeRTOS/Source/queue.o
 .text.vQueueAddToRegistry
                0x00000000080030f4       0x54 ./Middlewares/Third_Party/FreeRTOS/Source/queue.o
                0x00000000080030f4                vQueueAddToRegistry
 .text.vQueueWaitForMessageRestricted
                0x0000000008003148       0x68 ./Middlewares/Third_Party/FreeRTOS/Source/queue.o
                0x0000000008003148                vQueueWaitForMessageRestricted
 .text.xTaskCreateStatic
                0x00000000080031b0       0xba ./Middlewares/Third_Party/FreeRTOS/Source/tasks.o
                0x00000000080031b0                xTaskCreateStatic
 .text.xTaskCreate
                0x000000000800326a       0x8a ./Middlewares/Third_Party/FreeRTOS/Source/tasks.o
                0x000000000800326a                xTaskCreate
 .text.prvInitialiseNewTask
                0x00000000080032f4      0x11e ./Middlewares/Third_Party/FreeRTOS/Source/tasks.o
 *fill*         0x0000000008003412        0x2 
 .text.prvAddNewTaskToReadyList
                0x0000000008003414       0xe0 ./Middlewares/Third_Party/FreeRTOS/Source/tasks.o
 .text.vTaskDelay
                0x00000000080034f4       0x68 ./Middlewares/Third_Party/FreeRTOS/Source/tasks.o
                0x00000000080034f4                vTaskDelay
 .text.vTaskStartScheduler
                0x000000000800355c       0xcc ./Middlewares/Third_Party/FreeRTOS/Source/tasks.o
                0x000000000800355c                vTaskStartScheduler
 .text.vTaskSuspendAll
                0x0000000008003628       0x1c ./Middlewares/Third_Party/FreeRTOS/Source/tasks.o
                0x0000000008003628                vTaskSuspendAll
 .text.xTaskResumeAll
                0x0000000008003644      0x13c ./Middlewares/Third_Party/FreeRTOS/Source/tasks.o
                0x0000000008003644                xTaskResumeAll
 .text.xTaskGetTickCount
                0x0000000008003780       0x20 ./Middlewares/Third_Party/FreeRTOS/Source/tasks.o
                0x0000000008003780                xTaskGetTickCount
 .text.xTaskIncrementTick
                0x00000000080037a0      0x174 ./Middlewares/Third_Party/FreeRTOS/Source/tasks.o
                0x00000000080037a0                xTaskIncrementTick
 .text.vTaskSwitchContext
                0x0000000008003914       0xbc ./Middlewares/Third_Party/FreeRTOS/Source/tasks.o
                0x0000000008003914                vTaskSwitchContext
 .text.vTaskPlaceOnEventList
                0x00000000080039d0       0x48 ./Middlewares/Third_Party/FreeRTOS/Source/tasks.o
                0x00000000080039d0                vTaskPlaceOnEventList
 .text.vTaskPlaceOnEventListRestricted
                0x0000000008003a18       0x58 ./Middlewares/Third_Party/FreeRTOS/Source/tasks.o
                0x0000000008003a18                vTaskPlaceOnEventListRestricted
 .text.xTaskRemoveFromEventList
                0x0000000008003a70       0xc8 ./Middlewares/Third_Party/FreeRTOS/Source/tasks.o
                0x0000000008003a70                xTaskRemoveFromEventList
 .text.vTaskInternalSetTimeOutState
                0x0000000008003b38       0x2c ./Middlewares/Third_Party/FreeRTOS/Source/tasks.o
                0x0000000008003b38                vTaskInternalSetTimeOutState
 .text.xTaskCheckForTimeOut
                0x0000000008003b64       0xc4 ./Middlewares/Third_Party/FreeRTOS/Source/tasks.o
                0x0000000008003b64                xTaskCheckForTimeOut
 .text.vTaskMissedYield
                0x0000000008003c28       0x18 ./Middlewares/Third_Party/FreeRTOS/Source/tasks.o
                0x0000000008003c28                vTaskMissedYield
 .text.prvIdleTask
                0x0000000008003c40       0x30 ./Middlewares/Third_Party/FreeRTOS/Source/tasks.o
 .text.prvInitialiseTaskLists
                0x0000000008003c70       0x80 ./Middlewares/Third_Party/FreeRTOS/Source/tasks.o
 .text.prvCheckTasksWaitingTermination
                0x0000000008003cf0       0x5c ./Middlewares/Third_Party/FreeRTOS/Source/tasks.o
 .text.prvDeleteTCB
                0x0000000008003d4c       0x5e ./Middlewares/Third_Party/FreeRTOS/Source/tasks.o
 *fill*         0x0000000008003daa        0x2 
 .text.prvResetNextTaskUnblockTime
                0x0000000008003dac       0x40 ./Middlewares/Third_Party/FreeRTOS/Source/tasks.o
 .text.xTaskGetSchedulerState
                0x0000000008003dec       0x3c ./Middlewares/Third_Party/FreeRTOS/Source/tasks.o
                0x0000000008003dec                xTaskGetSchedulerState
 .text.xTaskPriorityDisinherit
                0x0000000008003e28       0xdc ./Middlewares/Third_Party/FreeRTOS/Source/tasks.o
                0x0000000008003e28                xTaskPriorityDisinherit
 .text.prvAddCurrentTaskToDelayedList
                0x0000000008003f04       0xa8 ./Middlewares/Third_Party/FreeRTOS/Source/tasks.o
 .text.xTimerCreateTimerTask
                0x0000000008003fac       0x90 ./Middlewares/Third_Party/FreeRTOS/Source/timers.o
                0x0000000008003fac                xTimerCreateTimerTask
 .text.xTimerGenericCommand
                0x000000000800403c       0x9c ./Middlewares/Third_Party/FreeRTOS/Source/timers.o
                0x000000000800403c                xTimerGenericCommand
 .text.prvProcessExpiredTimer
                0x00000000080040d8       0x98 ./Middlewares/Third_Party/FreeRTOS/Source/timers.o
 .text.prvTimerTask
                0x0000000008004170       0x24 ./Middlewares/Third_Party/FreeRTOS/Source/timers.o
 .text.prvProcessTimerOrBlockTask
                0x0000000008004194       0x9c ./Middlewares/Third_Party/FreeRTOS/Source/timers.o
 .text.prvGetNextExpireTime
                0x0000000008004230       0x48 ./Middlewares/Third_Party/FreeRTOS/Source/timers.o
 .text.prvSampleTimeNow
                0x0000000008004278       0x40 ./Middlewares/Third_Party/FreeRTOS/Source/timers.o
 .text.prvInsertTimerInActiveList
                0x00000000080042b8       0x84 ./Middlewares/Third_Party/FreeRTOS/Source/timers.o
 .text.prvProcessReceivedCommands
                0x000000000800433c      0x1c4 ./Middlewares/Third_Party/FreeRTOS/Source/timers.o
 .text.prvSwitchTimerLists
                0x0000000008004500       0xc8 ./Middlewares/Third_Party/FreeRTOS/Source/timers.o
 .text.prvCheckForValidListAndQueue
                0x00000000080045c8       0x80 ./Middlewares/Third_Party/FreeRTOS/Source/timers.o
 .text.pxPortInitialiseStack
                0x0000000008004648       0x68 ./Middlewares/Third_Party/FreeRTOS/Source/portable/GCC/ARM_CM4F/port.o
                0x0000000008004648                pxPortInitialiseStack
 .text.prvTaskExitError
                0x00000000080046b0       0x58 ./Middlewares/Third_Party/FreeRTOS/Source/portable/GCC/ARM_CM4F/port.o
 *fill*         0x0000000008004708        0x8 
 .text.SVC_Handler
                0x0000000008004710       0x28 ./Middlewares/Third_Party/FreeRTOS/Source/portable/GCC/ARM_CM4F/port.o
                0x0000000008004710                SVC_Handler
 .text.prvPortStartFirstTask
                0x0000000008004738       0x28 ./Middlewares/Third_Party/FreeRTOS/Source/portable/GCC/ARM_CM4F/port.o
 .text.xPortStartScheduler
                0x0000000008004760      0x144 ./Middlewares/Third_Party/FreeRTOS/Source/portable/GCC/ARM_CM4F/port.o
                0x0000000008004760                xPortStartScheduler
 .text.vPortEnterCritical
                0x00000000080048a4       0x60 ./Middlewares/Third_Party/FreeRTOS/Source/portable/GCC/ARM_CM4F/port.o
                0x00000000080048a4                vPortEnterCritical
 .text.vPortExitCritical
                0x0000000008004904       0x54 ./Middlewares/Third_Party/FreeRTOS/Source/portable/GCC/ARM_CM4F/port.o
                0x0000000008004904                vPortExitCritical
 *fill*         0x0000000008004958        0x8 
 .text.PendSV_Handler
                0x0000000008004960       0x68 ./Middlewares/Third_Party/FreeRTOS/Source/portable/GCC/ARM_CM4F/port.o
                0x0000000008004960                PendSV_Handler
 .text.xPortSysTickHandler
                0x00000000080049c8       0x44 ./Middlewares/Third_Party/FreeRTOS/Source/portable/GCC/ARM_CM4F/port.o
                0x00000000080049c8                xPortSysTickHandler
 .text.vPortSetupTimerInterrupt
                0x0000000008004a0c       0x48 ./Middlewares/Third_Party/FreeRTOS/Source/portable/GCC/ARM_CM4F/port.o
                0x0000000008004a0c                vPortSetupTimerInterrupt
 .text.vPortEnableVFP
                0x0000000008004a54       0x14 ./Middlewares/Third_Party/FreeRTOS/Source/portable/GCC/ARM_CM4F/port.o
 .text.vPortValidateInterruptPriority
                0x0000000008004a68       0x80 ./Middlewares/Third_Party/FreeRTOS/Source/portable/GCC/ARM_CM4F/port.o
                0x0000000008004a68                vPortValidateInterruptPriority
 .text.pvPortMalloc
                0x0000000008004ae8      0x198 ./Middlewares/Third_Party/FreeRTOS/Source/portable/MemMang/heap_4.o
                0x0000000008004ae8                pvPortMalloc
 .text.vPortFree
                0x0000000008004c80       0xc4 ./Middlewares/Third_Party/FreeRTOS/Source/portable/MemMang/heap_4.o
                0x0000000008004c80                vPortFree
 .text.prvHeapInit
                0x0000000008004d44       0xc4 ./Middlewares/Third_Party/FreeRTOS/Source/portable/MemMang/heap_4.o
 .text.prvInsertBlockIntoFreeList
                0x0000000008004e08       0xb4 ./Middlewares/Third_Party/FreeRTOS/Source/portable/MemMang/heap_4.o
 .text.__libc_init_array
                0x0000000008004ebc       0x48 /Applications/STM32CubeIDE.app/Contents/Eclipse/plugins/com.st.stm32cube.ide.mcu.externaltools.gnu-tools-for-stm32.10.3-2021.10.macos64_1.0.100.202210260954/tools/bin/../lib/gcc/arm-none-eabi/10.3.1/../../../../arm-none-eabi/lib/thumb/v7e-m+dp/hard/libc_nano.a(lib_a-init.o)
                0x0000000008004ebc                __libc_init_array
 .text.memcpy   0x0000000008004f04       0x1c /Applications/STM32CubeIDE.app/Contents/Eclipse/plugins/com.st.stm32cube.ide.mcu.externaltools.gnu-tools-for-stm32.10.3-2021.10.macos64_1.0.100.202210260954/tools/bin/../lib/gcc/arm-none-eabi/10.3.1/../../../../arm-none-eabi/lib/thumb/v7e-m+dp/hard/libc_nano.a(lib_a-memcpy-stub.o)
                0x0000000008004f04                memcpy
 .text.memset   0x0000000008004f20       0x10 /Applications/STM32CubeIDE.app/Contents/Eclipse/plugins/com.st.stm32cube.ide.mcu.externaltools.gnu-tools-for-stm32.10.3-2021.10.macos64_1.0.100.202210260954/tools/bin/../lib/gcc/arm-none-eabi/10.3.1/../../../../arm-none-eabi/lib/thumb/v7e-m+dp/hard/libc_nano.a(lib_a-memset.o)
                0x0000000008004f20                memset
 *(.glue_7)
 .glue_7        0x0000000008004f30        0x0 linker stubs
 *(.glue_7t)
 .glue_7t       0x0000000008004f30        0x0 linker stubs
 *(.eh_frame)
 .eh_frame      0x0000000008004f30        0x0 /Applications/STM32CubeIDE.app/Contents/Eclipse/plugins/com.st.stm32cube.ide.mcu.externaltools.gnu-tools-for-stm32.10.3-2021.10.macos64_1.0.100.202210260954/tools/bin/../lib/gcc/arm-none-eabi/10.3.1/thumb/v7e-m+dp/hard/crtbegin.o
 *(.init)
 .init          0x0000000008004f30        0x4 /Applications/STM32CubeIDE.app/Contents/Eclipse/plugins/com.st.stm32cube.ide.mcu.externaltools.gnu-tools-for-stm32.10.3-2021.10.macos64_1.0.100.202210260954/tools/bin/../lib/gcc/arm-none-eabi/10.3.1/thumb/v7e-m+dp/hard/crti.o
                0x0000000008004f30                _init
 .init          0x0000000008004f34        0x8 /Applications/STM32CubeIDE.app/Contents/Eclipse/plugins/com.st.stm32cube.ide.mcu.externaltools.gnu-tools-for-stm32.10.3-2021.10.macos64_1.0.100.202210260954/tools/bin/../lib/gcc/arm-none-eabi/10.3.1/thumb/v7e-m+dp/hard/crtn.o
 *(.fini)
 .fini          0x0000000008004f3c        0x4 /Applications/STM32CubeIDE.app/Contents/Eclipse/plugins/com.st.stm32cube.ide.mcu.externaltools.gnu-tools-for-stm32.10.3-2021.10.macos64_1.0.100.202210260954/tools/bin/../lib/gcc/arm-none-eabi/10.3.1/thumb/v7e-m+dp/hard/crti.o
                0x0000000008004f3c                _fini
 .fini          0x0000000008004f40        0x8 /Applications/STM32CubeIDE.app/Contents/Eclipse/plugins/com.st.stm32cube.ide.mcu.externaltools.gnu-tools-for-stm32.10.3-2021.10.macos64_1.0.100.202210260954/tools/bin/../lib/gcc/arm-none-eabi/10.3.1/thumb/v7e-m+dp/hard/crtn.o
                0x0000000008004f48                . = ALIGN (0x4)
                0x0000000008004f48                _etext = .

.vfp11_veneer   0x0000000008004f48        0x0
 .vfp11_veneer  0x0000000008004f48        0x0 linker stubs

.v4_bx          0x0000000008004f48        0x0
 .v4_bx         0x0000000008004f48        0x0 linker stubs

.iplt           0x0000000008004f48        0x0
 .iplt          0x0000000008004f48        0x0 /Applications/STM32CubeIDE.app/Contents/Eclipse/plugins/com.st.stm32cube.ide.mcu.externaltools.gnu-tools-for-stm32.10.3-2021.10.macos64_1.0.100.202210260954/tools/bin/../lib/gcc/arm-none-eabi/10.3.1/thumb/v7e-m+dp/hard/crtbegin.o

.rodata         0x0000000008004f48       0x48
                0x0000000008004f48                . = ALIGN (0x4)
 *(.rodata)
 .rodata        0x0000000008004f48        0xc ./Core/Src/main.o
 .rodata        0x0000000008004f54        0x5 ./Middlewares/Third_Party/FreeRTOS/Source/tasks.o
 *fill*         0x0000000008004f59        0x3 
 .rodata        0x0000000008004f5c        0xd ./Middlewares/Third_Party/FreeRTOS/Source/timers.o
 *(.rodata*)
 *fill*         0x0000000008004f69        0x3 
 .rodata.defaultTask_attributes
                0x0000000008004f6c       0x24 ./Core/Src/main.o
                0x0000000008004f6c                defaultTask_attributes
                0x0000000008004f90                . = ALIGN (0x4)

.rel.dyn        0x0000000008004f90        0x0
 .rel.iplt      0x0000000008004f90        0x0 /Applications/STM32CubeIDE.app/Contents/Eclipse/plugins/com.st.stm32cube.ide.mcu.externaltools.gnu-tools-for-stm32.10.3-2021.10.macos64_1.0.100.202210260954/tools/bin/../lib/gcc/arm-none-eabi/10.3.1/thumb/v7e-m+dp/hard/crtbegin.o

.ARM.extab
 *(.ARM.extab* .gnu.linkonce.armextab.*)

.ARM            0x0000000008004f90        0x0
                0x0000000008004f90                __exidx_start = .
 *(.ARM.exidx*)
                0x0000000008004f90                __exidx_end = .

.preinit_array  0x0000000008004f90        0x0
                0x0000000008004f90                PROVIDE (__preinit_array_start = .)
 *(.preinit_array*)
                0x0000000008004f90                PROVIDE (__preinit_array_end = .)

.init_array     0x0000000008004f90        0x4
                0x0000000008004f90                PROVIDE (__init_array_start = .)
 *(SORT_BY_NAME(.init_array.*))
 *(.init_array*)
 .init_array    0x0000000008004f90        0x4 /Applications/STM32CubeIDE.app/Contents/Eclipse/plugins/com.st.stm32cube.ide.mcu.externaltools.gnu-tools-for-stm32.10.3-2021.10.macos64_1.0.100.202210260954/tools/bin/../lib/gcc/arm-none-eabi/10.3.1/thumb/v7e-m+dp/hard/crtbegin.o
                0x0000000008004f94                PROVIDE (__init_array_end = .)

.fini_array     0x0000000008004f94        0x4
                [!provide]                        PROVIDE (__fini_array_start = .)
 *(SORT_BY_NAME(.fini_array.*))
 *(.fini_array*)
 .fini_array    0x0000000008004f94        0x4 /Applications/STM32CubeIDE.app/Contents/Eclipse/plugins/com.st.stm32cube.ide.mcu.externaltools.gnu-tools-for-stm32.10.3-2021.10.macos64_1.0.100.202210260954/tools/bin/../lib/gcc/arm-none-eabi/10.3.1/thumb/v7e-m+dp/hard/crtbegin.o
                [!provide]                        PROVIDE (__fini_array_end = .)
                0x0000000008004f98                _sidata = LOADADDR (.data)

.data           0x0000000024000000        0x8 load address 0x0000000008004f98
                0x0000000024000000                . = ALIGN (0x4)
                0x0000000024000000                _sdata = .
 *(.data)
 *(.data*)
 .data.SystemCoreClock
                0x0000000024000000        0x4 ./Core/Src/system_stm32h7xx.o
                0x0000000024000000                SystemCoreClock
 .data.uxCriticalNesting
                0x0000000024000004        0x4 ./Middlewares/Third_Party/FreeRTOS/Source/portable/GCC/ARM_CM4F/port.o
 *(.RamFunc)
 *(.RamFunc*)
                0x0000000024000008                . = ALIGN (0x4)
                0x0000000024000008                _edata = .

.igot.plt       0x0000000024000008        0x0 load address 0x0000000008004fa0
 .igot.plt      0x0000000024000008        0x0 /Applications/STM32CubeIDE.app/Contents/Eclipse/plugins/com.st.stm32cube.ide.mcu.externaltools.gnu-tools-for-stm32.10.3-2021.10.macos64_1.0.100.202210260954/tools/bin/../lib/gcc/arm-none-eabi/10.3.1/thumb/v7e-m+dp/hard/crtbegin.o

.RxDecripSection
                0x0000000024000008       0x60 load address 0x0000000008004fa0
 .RxDecripSection
                0x0000000024000008       0x60 ./Core/Src/main.o
                0x0000000024000008                DMARxDscrTab

.TxDecripSection
                0x0000000024000068       0x60 load address 0x0000000008005000
 .TxDecripSection
                0x0000000024000068       0x60 ./Core/Src/main.o
                0x0000000024000068                DMATxDscrTab
                0x00000000240000c8                . = ALIGN (0x4)

.bss            0x00000000240000c8     0x5730 load address 0x0000000008005060
                0x00000000240000c8                _sbss = .
                0x00000000240000c8                __bss_start__ = _sbss
 *(.bss)
 .bss           0x00000000240000c8       0x1c /Applications/STM32CubeIDE.app/Contents/Eclipse/plugins/com.st.stm32cube.ide.mcu.externaltools.gnu-tools-for-stm32.10.3-2021.10.macos64_1.0.100.202210260954/tools/bin/../lib/gcc/arm-none-eabi/10.3.1/thumb/v7e-m+dp/hard/crtbegin.o
 *(.bss*)
 .bss.TxConfig  0x00000000240000e4       0x34 ./Core/Src/main.o
                0x00000000240000e4                TxConfig
 .bss.hadc1     0x0000000024000118       0x64 ./Core/Src/main.o
                0x0000000024000118                hadc1
 .bss.hdfsdm1_channel1
                0x000000002400017c       0x38 ./Core/Src/main.o
                0x000000002400017c                hdfsdm1_channel1
 .bss.heth      0x00000000240001b4       0x88 ./Core/Src/main.o
                0x00000000240001b4                heth
 .bss.hi2c1     0x000000002400023c       0x4c ./Core/Src/main.o
                0x000000002400023c                hi2c1
 .bss.hltdc     0x0000000024000288       0xa8 ./Core/Src/main.o
                0x0000000024000288                hltdc
 .bss.hqspi     0x0000000024000330       0x4c ./Core/Src/main.o
                0x0000000024000330                hqspi
 .bss.hsai_BlockA1
                0x000000002400037c       0x98 ./Core/Src/main.o
                0x000000002400037c                hsai_BlockA1
 .bss.hsai_BlockB1
                0x0000000024000414       0x98 ./Core/Src/main.o
                0x0000000024000414                hsai_BlockB1
 .bss.hsd1      0x00000000240004ac       0x7c ./Core/Src/main.o
                0x00000000240004ac                hsd1
 .bss.huart1    0x0000000024000528       0x90 ./Core/Src/main.o
                0x0000000024000528                huart1
 .bss.hpcd_USB_OTG_FS
                0x00000000240005b8      0x408 ./Core/Src/main.o
                0x00000000240005b8                hpcd_USB_OTG_FS
 .bss.hpcd_USB_OTG_HS
                0x00000000240009c0      0x408 ./Core/Src/main.o
                0x00000000240009c0                hpcd_USB_OTG_HS
 .bss.hnor1     0x0000000024000dc8       0x4c ./Core/Src/main.o
                0x0000000024000dc8                hnor1
 .bss.hsram2    0x0000000024000e14       0x4c ./Core/Src/main.o
                0x0000000024000e14                hsram2
 .bss.hsdram1   0x0000000024000e60       0x34 ./Core/Src/main.o
                0x0000000024000e60                hsdram1
 .bss.defaultTaskHandle
                0x0000000024000e94        0x4 ./Core/Src/main.o
                0x0000000024000e94                defaultTaskHandle
 .bss.MACAddr.0
                0x0000000024000e98        0x6 ./Core/Src/main.o
 *fill*         0x0000000024000e9e        0x2 
 .bss.FMC_Initialized
                0x0000000024000ea0        0x4 ./Core/Src/stm32h7xx_hal_msp.o
 .bss.uwNORMemoryDataWidth
                0x0000000024000ea4        0x4 ./Drivers/STM32H7xx_HAL_Driver/Src/stm32h7xx_hal_nor.o
 .bss.KernelState
                0x0000000024000ea8        0x4 ./Middlewares/Third_Party/FreeRTOS/Source/CMSIS_RTOS_V2/cmsis_os2.o
 .bss.Idle_TCB.3
                0x0000000024000eac       0x5c ./Middlewares/Third_Party/FreeRTOS/Source/CMSIS_RTOS_V2/cmsis_os2.o
 .bss.Idle_Stack.2
                0x0000000024000f08      0x200 ./Middlewares/Third_Party/FreeRTOS/Source/CMSIS_RTOS_V2/cmsis_os2.o
 .bss.Timer_TCB.1
                0x0000000024001108       0x5c ./Middlewares/Third_Party/FreeRTOS/Source/CMSIS_RTOS_V2/cmsis_os2.o
 .bss.Timer_Stack.0
                0x0000000024001164      0x400 ./Middlewares/Third_Party/FreeRTOS/Source/CMSIS_RTOS_V2/cmsis_os2.o
 .bss.xQueueRegistry
                0x0000000024001564       0x40 ./Middlewares/Third_Party/FreeRTOS/Source/queue.o
                0x0000000024001564                xQueueRegistry
 .bss.pxCurrentTCB
                0x00000000240015a4        0x4 ./Middlewares/Third_Party/FreeRTOS/Source/tasks.o
                0x00000000240015a4                pxCurrentTCB
 .bss.pxReadyTasksLists
                0x00000000240015a8      0x460 ./Middlewares/Third_Party/FreeRTOS/Source/tasks.o
 .bss.xDelayedTaskList1
                0x0000000024001a08       0x14 ./Middlewares/Third_Party/FreeRTOS/Source/tasks.o
 .bss.xDelayedTaskList2
                0x0000000024001a1c       0x14 ./Middlewares/Third_Party/FreeRTOS/Source/tasks.o
 .bss.pxDelayedTaskList
                0x0000000024001a30        0x4 ./Middlewares/Third_Party/FreeRTOS/Source/tasks.o
 .bss.pxOverflowDelayedTaskList
                0x0000000024001a34        0x4 ./Middlewares/Third_Party/FreeRTOS/Source/tasks.o
 .bss.xPendingReadyList
                0x0000000024001a38       0x14 ./Middlewares/Third_Party/FreeRTOS/Source/tasks.o
 .bss.xTasksWaitingTermination
                0x0000000024001a4c       0x14 ./Middlewares/Third_Party/FreeRTOS/Source/tasks.o
 .bss.uxDeletedTasksWaitingCleanUp
                0x0000000024001a60        0x4 ./Middlewares/Third_Party/FreeRTOS/Source/tasks.o
 .bss.xSuspendedTaskList
                0x0000000024001a64       0x14 ./Middlewares/Third_Party/FreeRTOS/Source/tasks.o
 .bss.uxCurrentNumberOfTasks
                0x0000000024001a78        0x4 ./Middlewares/Third_Party/FreeRTOS/Source/tasks.o
 .bss.xTickCount
                0x0000000024001a7c        0x4 ./Middlewares/Third_Party/FreeRTOS/Source/tasks.o
 .bss.uxTopReadyPriority
                0x0000000024001a80        0x4 ./Middlewares/Third_Party/FreeRTOS/Source/tasks.o
 .bss.xSchedulerRunning
                0x0000000024001a84        0x4 ./Middlewares/Third_Party/FreeRTOS/Source/tasks.o
 .bss.xPendedTicks
                0x0000000024001a88        0x4 ./Middlewares/Third_Party/FreeRTOS/Source/tasks.o
 .bss.xYieldPending
                0x0000000024001a8c        0x4 ./Middlewares/Third_Party/FreeRTOS/Source/tasks.o
 .bss.xNumOfOverflows
                0x0000000024001a90        0x4 ./Middlewares/Third_Party/FreeRTOS/Source/tasks.o
 .bss.uxTaskNumber
                0x0000000024001a94        0x4 ./Middlewares/Third_Party/FreeRTOS/Source/tasks.o
 .bss.xNextTaskUnblockTime
                0x0000000024001a98        0x4 ./Middlewares/Third_Party/FreeRTOS/Source/tasks.o
 .bss.xIdleTaskHandle
                0x0000000024001a9c        0x4 ./Middlewares/Third_Party/FreeRTOS/Source/tasks.o
 .bss.uxSchedulerSuspended
                0x0000000024001aa0        0x4 ./Middlewares/Third_Party/FreeRTOS/Source/tasks.o
 .bss.xActiveTimerList1
                0x0000000024001aa4       0x14 ./Middlewares/Third_Party/FreeRTOS/Source/timers.o
 .bss.xActiveTimerList2
                0x0000000024001ab8       0x14 ./Middlewares/Third_Party/FreeRTOS/Source/timers.o
 .bss.pxCurrentTimerList
                0x0000000024001acc        0x4 ./Middlewares/Third_Party/FreeRTOS/Source/timers.o
 .bss.pxOverflowTimerList
                0x0000000024001ad0        0x4 ./Middlewares/Third_Party/FreeRTOS/Source/timers.o
 .bss.xTimerQueue
                0x0000000024001ad4        0x4 ./Middlewares/Third_Party/FreeRTOS/Source/timers.o
 .bss.xTimerTaskHandle
                0x0000000024001ad8        0x4 ./Middlewares/Third_Party/FreeRTOS/Source/timers.o
 .bss.xLastTime.2
                0x0000000024001adc        0x4 ./Middlewares/Third_Party/FreeRTOS/Source/timers.o
 .bss.ucStaticTimerQueueStorage.1
                0x0000000024001ae0       0xa0 ./Middlewares/Third_Party/FreeRTOS/Source/timers.o
 .bss.xStaticTimerQueue.0
                0x0000000024001b80       0x50 ./Middlewares/Third_Party/FreeRTOS/Source/timers.o
 .bss.ucMaxSysCallPriority
                0x0000000024001bd0        0x1 ./Middlewares/Third_Party/FreeRTOS/Source/portable/GCC/ARM_CM4F/port.o
 *fill*         0x0000000024001bd1        0x3 
 .bss.ulMaxPRIGROUPValue
                0x0000000024001bd4        0x4 ./Middlewares/Third_Party/FreeRTOS/Source/portable/GCC/ARM_CM4F/port.o
 .bss.ucHeap    0x0000000024001bd8     0x3c00 ./Middlewares/Third_Party/FreeRTOS/Source/portable/MemMang/heap_4.o
 .bss.xStart    0x00000000240057d8        0x8 ./Middlewares/Third_Party/FreeRTOS/Source/portable/MemMang/heap_4.o
 .bss.pxEnd     0x00000000240057e0        0x4 ./Middlewares/Third_Party/FreeRTOS/Source/portable/MemMang/heap_4.o
 .bss.xFreeBytesRemaining
                0x00000000240057e4        0x4 ./Middlewares/Third_Party/FreeRTOS/Source/portable/MemMang/heap_4.o
 .bss.xMinimumEverFreeBytesRemaining
                0x00000000240057e8        0x4 ./Middlewares/Third_Party/FreeRTOS/Source/portable/MemMang/heap_4.o
 .bss.xNumberOfSuccessfulAllocations
                0x00000000240057ec        0x4 ./Middlewares/Third_Party/FreeRTOS/Source/portable/MemMang/heap_4.o
 .bss.xNumberOfSuccessfulFrees
                0x00000000240057f0        0x4 ./Middlewares/Third_Party/FreeRTOS/Source/portable/MemMang/heap_4.o
 .bss.xBlockAllocatedBit
                0x00000000240057f4        0x4 ./Middlewares/Third_Party/FreeRTOS/Source/portable/MemMang/heap_4.o
 *(COMMON)
                0x00000000240057f8                . = ALIGN (0x4)
                0x00000000240057f8                _ebss = .
                0x00000000240057f8                __bss_end__ = _ebss

._user_heap_stack
                0x00000000240057f8      0x600 load address 0x0000000008005060
                0x00000000240057f8                . = ALIGN (0x8)
                [!provide]                        PROVIDE (end = .)
                0x00000000240057f8                PROVIDE (_end = .)
                0x00000000240059f8                . = (. + _Min_Heap_Size)
 *fill*         0x00000000240057f8      0x200 
                0x0000000024005df8                . = (. + _Min_Stack_Size)
 *fill*         0x00000000240059f8      0x400 
                0x0000000024005df8                . = ALIGN (0x8)

/DISCARD/
 libc.a(*)
 libm.a(*)
 libgcc.a(*)

.ARM.attributes
                0x0000000000000000       0x2e
 *(.ARM.attributes)
 .ARM.attributes
                0x0000000000000000       0x1e /Applications/STM32CubeIDE.app/Contents/Eclipse/plugins/com.st.stm32cube.ide.mcu.externaltools.gnu-tools-for-stm32.10.3-2021.10.macos64_1.0.100.202210260954/tools/bin/../lib/gcc/arm-none-eabi/10.3.1/thumb/v7e-m+dp/hard/crti.o
 .ARM.attributes
                0x000000000000001e       0x32 /Applications/STM32CubeIDE.app/Contents/Eclipse/plugins/com.st.stm32cube.ide.mcu.externaltools.gnu-tools-for-stm32.10.3-2021.10.macos64_1.0.100.202210260954/tools/bin/../lib/gcc/arm-none-eabi/10.3.1/thumb/v7e-m+dp/hard/crtbegin.o
 .ARM.attributes
                0x0000000000000050       0x32 ./Core/Src/main.o
 .ARM.attributes
                0x0000000000000082       0x32 ./Core/Src/stm32h7xx_hal_msp.o
 .ARM.attributes
                0x00000000000000b4       0x32 ./Core/Src/stm32h7xx_it.o
 .ARM.attributes
                0x00000000000000e6       0x32 ./Core/Src/system_stm32h7xx.o
 .ARM.attributes
                0x0000000000000118       0x21 ./Core/Startup/startup_stm32h753xihx.o
 .ARM.attributes
                0x0000000000000139       0x32 ./Drivers/STM32H7xx_HAL_Driver/Src/stm32h7xx_hal_adc_ex.o
 .ARM.attributes
                0x000000000000016b       0x32 ./Drivers/STM32H7xx_HAL_Driver/Src/stm32h7xx_hal_ltdc.o
 .ARM.attributes
                0x000000000000019d       0x32 ./Drivers/STM32H7xx_HAL_Driver/Src/stm32h7xx_hal_nor.o
 .ARM.attributes
                0x00000000000001cf       0x32 ./Drivers/STM32H7xx_HAL_Driver/Src/stm32h7xx_hal_sdram.o
 .ARM.attributes
                0x0000000000000201       0x32 ./Drivers/STM32H7xx_HAL_Driver/Src/stm32h7xx_hal_sram.o
 .ARM.attributes
                0x0000000000000233       0x32 ./Drivers/STM32H7xx_HAL_Driver/Src/stm32h7xx_ll_fmc.o
 .ARM.attributes
                0x0000000000000265       0x32 ./Middlewares/Third_Party/FreeRTOS/Source/CMSIS_RTOS_V2/cmsis_os2.o
 .ARM.attributes
                0x0000000000000297       0x32 ./Middlewares/Third_Party/FreeRTOS/Source/list.o
 .ARM.attributes
                0x00000000000002c9       0x32 ./Middlewares/Third_Party/FreeRTOS/Source/queue.o
 .ARM.attributes
                0x00000000000002fb       0x32 ./Middlewares/Third_Party/FreeRTOS/Source/tasks.o
 .ARM.attributes
                0x000000000000032d       0x32 ./Middlewares/Third_Party/FreeRTOS/Source/timers.o
 .ARM.attributes
                0x000000000000035f       0x32 ./Middlewares/Third_Party/FreeRTOS/Source/portable/GCC/ARM_CM4F/port.o
 .ARM.attributes
                0x0000000000000391       0x32 ./Middlewares/Third_Party/FreeRTOS/Source/portable/MemMang/heap_4.o
 .ARM.attributes
                0x00000000000003c3       0x32 /Applications/STM32CubeIDE.app/Contents/Eclipse/plugins/com.st.stm32cube.ide.mcu.externaltools.gnu-tools-for-stm32.10.3-2021.10.macos64_1.0.100.202210260954/tools/bin/../lib/gcc/arm-none-eabi/10.3.1/../../../../arm-none-eabi/lib/thumb/v7e-m+dp/hard/libc_nano.a(lib_a-init.o)
 .ARM.attributes
                0x00000000000003f5       0x32 /Applications/STM32CubeIDE.app/Contents/Eclipse/plugins/com.st.stm32cube.ide.mcu.externaltools.gnu-tools-for-stm32.10.3-2021.10.macos64_1.0.100.202210260954/tools/bin/../lib/gcc/arm-none-eabi/10.3.1/../../../../arm-none-eabi/lib/thumb/v7e-m+dp/hard/libc_nano.a(lib_a-memcpy-stub.o)
 .ARM.attributes
                0x0000000000000427       0x32 /Applications/STM32CubeIDE.app/Contents/Eclipse/plugins/com.st.stm32cube.ide.mcu.externaltools.gnu-tools-for-stm32.10.3-2021.10.macos64_1.0.100.202210260954/tools/bin/../lib/gcc/arm-none-eabi/10.3.1/../../../../arm-none-eabi/lib/thumb/v7e-m+dp/hard/libc_nano.a(lib_a-memset.o)
 .ARM.attributes
                0x0000000000000459       0x1e /Applications/STM32CubeIDE.app/Contents/Eclipse/plugins/com.st.stm32cube.ide.mcu.externaltools.gnu-tools-for-stm32.10.3-2021.10.macos64_1.0.100.202210260954/tools/bin/../lib/gcc/arm-none-eabi/10.3.1/thumb/v7e-m+dp/hard/crtn.o
OUTPUT(eval2.elf elf32-littlearm)
LOAD linker stubs
LOAD /Applications/STM32CubeIDE.app/Contents/Eclipse/plugins/com.st.stm32cube.ide.mcu.externaltools.gnu-tools-for-stm32.10.3-2021.10.macos64_1.0.100.202210260954/tools/bin/../lib/gcc/arm-none-eabi/10.3.1/../../../../arm-none-eabi/lib/thumb/v7e-m+dp/hard/libc.a
LOAD /Applications/STM32CubeIDE.app/Contents/Eclipse/plugins/com.st.stm32cube.ide.mcu.externaltools.gnu-tools-for-stm32.10.3-2021.10.macos64_1.0.100.202210260954/tools/bin/../lib/gcc/arm-none-eabi/10.3.1/../../../../arm-none-eabi/lib/thumb/v7e-m+dp/hard/libm.a
LOAD /Applications/STM32CubeIDE.app/Contents/Eclipse/plugins/com.st.stm32cube.ide.mcu.externaltools.gnu-tools-for-stm32.10.3-2021.10.macos64_1.0.100.202210260954/tools/bin/../lib/gcc/arm-none-eabi/10.3.1/thumb/v7e-m+dp/hard/libgcc.a

.debug_info     0x0000000000000000    0x1bc1e
 .debug_info    0x0000000000000000     0x4f8d ./Core/Src/main.o
 .debug_info    0x0000000000004f8d     0x4e9e ./Core/Src/stm32h7xx_hal_msp.o
 .debug_info    0x0000000000009e2b      0x134 ./Core/Src/stm32h7xx_it.o
 .debug_info    0x0000000000009f5f      0xd07 ./Core/Src/system_stm32h7xx.o
 .debug_info    0x000000000000ac66       0x22 ./Core/Startup/startup_stm32h753xihx.o
 .debug_info    0x000000000000ac88     0x20d1 ./Drivers/STM32H7xx_HAL_Driver/Src/stm32h7xx_hal_adc_ex.o
 .debug_info    0x000000000000cd59     0x1163 ./Drivers/STM32H7xx_HAL_Driver/Src/stm32h7xx_hal_ltdc.o
 .debug_info    0x000000000000debc      0xf31 ./Drivers/STM32H7xx_HAL_Driver/Src/stm32h7xx_hal_nor.o
 .debug_info    0x000000000000eded     0x10e5 ./Drivers/STM32H7xx_HAL_Driver/Src/stm32h7xx_hal_sdram.o
 .debug_info    0x000000000000fed2      0xf1d ./Drivers/STM32H7xx_HAL_Driver/Src/stm32h7xx_hal_sram.o
 .debug_info    0x0000000000010def      0xc4c ./Drivers/STM32H7xx_HAL_Driver/Src/stm32h7xx_ll_fmc.o
 .debug_info    0x0000000000011a3b     0x3f6d ./Middlewares/Third_Party/FreeRTOS/Source/CMSIS_RTOS_V2/cmsis_os2.o
 .debug_info    0x00000000000159a8      0x2d1 ./Middlewares/Third_Party/FreeRTOS/Source/list.o
 .debug_info    0x0000000000015c79     0x1cbf ./Middlewares/Third_Party/FreeRTOS/Source/queue.o
 .debug_info    0x0000000000017938     0x2362 ./Middlewares/Third_Party/FreeRTOS/Source/tasks.o
 .debug_info    0x0000000000019c9a     0x1572 ./Middlewares/Third_Party/FreeRTOS/Source/timers.o
 .debug_info    0x000000000001b20c      0x507 ./Middlewares/Third_Party/FreeRTOS/Source/portable/GCC/ARM_CM4F/port.o
 .debug_info    0x000000000001b713      0x50b ./Middlewares/Third_Party/FreeRTOS/Source/portable/MemMang/heap_4.o

.debug_abbrev   0x0000000000000000     0x294d
 .debug_abbrev  0x0000000000000000      0x318 ./Core/Src/main.o
 .debug_abbrev  0x0000000000000318      0x2e3 ./Core/Src/stm32h7xx_hal_msp.o
 .debug_abbrev  0x00000000000005fb       0xab ./Core/Src/stm32h7xx_it.o
 .debug_abbrev  0x00000000000006a6      0x147 ./Core/Src/system_stm32h7xx.o
 .debug_abbrev  0x00000000000007ed       0x12 ./Core/Startup/startup_stm32h753xihx.o
 .debug_abbrev  0x00000000000007ff      0x305 ./Drivers/STM32H7xx_HAL_Driver/Src/stm32h7xx_hal_adc_ex.o
 .debug_abbrev  0x0000000000000b04      0x221 ./Drivers/STM32H7xx_HAL_Driver/Src/stm32h7xx_hal_ltdc.o
 .debug_abbrev  0x0000000000000d25      0x1df ./Drivers/STM32H7xx_HAL_Driver/Src/stm32h7xx_hal_nor.o
 .debug_abbrev  0x0000000000000f04      0x214 ./Drivers/STM32H7xx_HAL_Driver/Src/stm32h7xx_hal_sdram.o
 .debug_abbrev  0x0000000000001118      0x1f8 ./Drivers/STM32H7xx_HAL_Driver/Src/stm32h7xx_hal_sram.o
 .debug_abbrev  0x0000000000001310      0x196 ./Drivers/STM32H7xx_HAL_Driver/Src/stm32h7xx_ll_fmc.o
 .debug_abbrev  0x00000000000014a6      0x4e6 ./Middlewares/Third_Party/FreeRTOS/Source/CMSIS_RTOS_V2/cmsis_os2.o
 .debug_abbrev  0x000000000000198c       0xf2 ./Middlewares/Third_Party/FreeRTOS/Source/list.o
 .debug_abbrev  0x0000000000001a7e      0x3a1 ./Middlewares/Third_Party/FreeRTOS/Source/queue.o
 .debug_abbrev  0x0000000000001e1f      0x37d ./Middlewares/Third_Party/FreeRTOS/Source/tasks.o
 .debug_abbrev  0x000000000000219c      0x346 ./Middlewares/Third_Party/FreeRTOS/Source/timers.o
 .debug_abbrev  0x00000000000024e2      0x259 ./Middlewares/Third_Party/FreeRTOS/Source/portable/GCC/ARM_CM4F/port.o
 .debug_abbrev  0x000000000000273b      0x212 ./Middlewares/Third_Party/FreeRTOS/Source/portable/MemMang/heap_4.o

.debug_aranges  0x0000000000000000     0x1090
 .debug_aranges
                0x0000000000000000       0xa0 ./Core/Src/main.o
 .debug_aranges
                0x00000000000000a0      0x100 ./Core/Src/stm32h7xx_hal_msp.o
 .debug_aranges
                0x00000000000001a0       0x50 ./Core/Src/stm32h7xx_it.o
 .debug_aranges
                0x00000000000001f0       0x28 ./Core/Src/system_stm32h7xx.o
 .debug_aranges
                0x0000000000000218       0x28 ./Core/Startup/startup_stm32h753xihx.o
 .debug_aranges
                0x0000000000000240      0x1d8 ./Drivers/STM32H7xx_HAL_Driver/Src/stm32h7xx_hal_adc_ex.o
 .debug_aranges
                0x0000000000000418      0x158 ./Drivers/STM32H7xx_HAL_Driver/Src/stm32h7xx_hal_ltdc.o
 .debug_aranges
                0x0000000000000570       0xa8 ./Drivers/STM32H7xx_HAL_Driver/Src/stm32h7xx_hal_nor.o
 .debug_aranges
                0x0000000000000618       0xe8 ./Drivers/STM32H7xx_HAL_Driver/Src/stm32h7xx_hal_sdram.o
 .debug_aranges
                0x0000000000000700       0xb8 ./Drivers/STM32H7xx_HAL_Driver/Src/stm32h7xx_hal_sram.o
 .debug_aranges
                0x00000000000007b8       0xc8 ./Drivers/STM32H7xx_HAL_Driver/Src/stm32h7xx_ll_fmc.o
 .debug_aranges
                0x0000000000000880      0x2a8 ./Middlewares/Third_Party/FreeRTOS/Source/CMSIS_RTOS_V2/cmsis_os2.o
 .debug_aranges
                0x0000000000000b28       0x40 ./Middlewares/Third_Party/FreeRTOS/Source/list.o
 .debug_aranges
                0x0000000000000b68      0x158 ./Middlewares/Third_Party/FreeRTOS/Source/queue.o
 .debug_aranges
                0x0000000000000cc0      0x208 ./Middlewares/Third_Party/FreeRTOS/Source/tasks.o
 .debug_aranges
                0x0000000000000ec8       0xf0 ./Middlewares/Third_Party/FreeRTOS/Source/timers.o
 .debug_aranges
                0x0000000000000fb8       0x80 ./Middlewares/Third_Party/FreeRTOS/Source/portable/GCC/ARM_CM4F/port.o
 .debug_aranges
                0x0000000000001038       0x58 ./Middlewares/Third_Party/FreeRTOS/Source/portable/MemMang/heap_4.o

.debug_ranges   0x0000000000000000      0xf78
 .debug_ranges  0x0000000000000000       0x90 ./Core/Src/main.o
 .debug_ranges  0x0000000000000090       0xf0 ./Core/Src/stm32h7xx_hal_msp.o
 .debug_ranges  0x0000000000000180       0x40 ./Core/Src/stm32h7xx_it.o
 .debug_ranges  0x00000000000001c0       0x18 ./Core/Src/system_stm32h7xx.o
 .debug_ranges  0x00000000000001d8       0x20 ./Core/Startup/startup_stm32h753xihx.o
 .debug_ranges  0x00000000000001f8      0x1c8 ./Drivers/STM32H7xx_HAL_Driver/Src/stm32h7xx_hal_adc_ex.o
 .debug_ranges  0x00000000000003c0      0x148 ./Drivers/STM32H7xx_HAL_Driver/Src/stm32h7xx_hal_ltdc.o
 .debug_ranges  0x0000000000000508       0x98 ./Drivers/STM32H7xx_HAL_Driver/Src/stm32h7xx_hal_nor.o
 .debug_ranges  0x00000000000005a0       0xd8 ./Drivers/STM32H7xx_HAL_Driver/Src/stm32h7xx_hal_sdram.o
 .debug_ranges  0x0000000000000678       0xa8 ./Drivers/STM32H7xx_HAL_Driver/Src/stm32h7xx_hal_sram.o
 .debug_ranges  0x0000000000000720       0xb8 ./Drivers/STM32H7xx_HAL_Driver/Src/stm32h7xx_ll_fmc.o
 .debug_ranges  0x00000000000007d8      0x298 ./Middlewares/Third_Party/FreeRTOS/Source/CMSIS_RTOS_V2/cmsis_os2.o
 .debug_ranges  0x0000000000000a70       0x30 ./Middlewares/Third_Party/FreeRTOS/Source/list.o
 .debug_ranges  0x0000000000000aa0      0x148 ./Middlewares/Third_Party/FreeRTOS/Source/queue.o
 .debug_ranges  0x0000000000000be8      0x1f8 ./Middlewares/Third_Party/FreeRTOS/Source/tasks.o
 .debug_ranges  0x0000000000000de0       0xe0 ./Middlewares/Third_Party/FreeRTOS/Source/timers.o
 .debug_ranges  0x0000000000000ec0       0x70 ./Middlewares/Third_Party/FreeRTOS/Source/portable/GCC/ARM_CM4F/port.o
 .debug_ranges  0x0000000000000f30       0x48 ./Middlewares/Third_Party/FreeRTOS/Source/portable/MemMang/heap_4.o

.debug_macro    0x0000000000000000     0x3e3d
 .debug_macro   0x0000000000000000      0x45f ./Core/Src/main.o
 .debug_macro   0x000000000000045f       0x16 ./Core/Src/main.o
 .debug_macro   0x0000000000000475       0x35 ./Core/Src/main.o
 .debug_macro   0x00000000000004aa       0x20 ./Core/Src/main.o
 .debug_macro   0x00000000000004ca      0x169 ./Core/Src/main.o
 .debug_macro   0x0000000000000633       0x66 ./Core/Src/main.o
 .debug_macro   0x0000000000000699       0x74 ./Core/Src/main.o
 .debug_macro   0x000000000000070d       0xdd ./Core/Src/main.o
 .debug_macro   0x00000000000007ea      0x39f ./Core/Src/stm32h7xx_hal_msp.o
 .debug_macro   0x0000000000000b89      0x411 ./Core/Src/stm32h7xx_it.o
 .debug_macro   0x0000000000000f9a      0x390 ./Core/Src/system_stm32h7xx.o
 .debug_macro   0x000000000000132a      0x39c ./Drivers/STM32H7xx_HAL_Driver/Src/stm32h7xx_hal_adc_ex.o
 .debug_macro   0x00000000000016c6      0x398 ./Drivers/STM32H7xx_HAL_Driver/Src/stm32h7xx_hal_ltdc.o
 .debug_macro   0x0000000000001a5e      0x4bd ./Drivers/STM32H7xx_HAL_Driver/Src/stm32h7xx_hal_nor.o
 .debug_macro   0x0000000000001f1b      0x390 ./Drivers/STM32H7xx_HAL_Driver/Src/stm32h7xx_hal_sdram.o
 .debug_macro   0x00000000000022ab      0x390 ./Drivers/STM32H7xx_HAL_Driver/Src/stm32h7xx_hal_sram.o
 .debug_macro   0x000000000000263b      0x3ba ./Drivers/STM32H7xx_HAL_Driver/Src/stm32h7xx_ll_fmc.o
 .debug_macro   0x00000000000029f5      0x4ef ./Middlewares/Third_Party/FreeRTOS/Source/CMSIS_RTOS_V2/cmsis_os2.o
 .debug_macro   0x0000000000002ee4       0x10 ./Middlewares/Third_Party/FreeRTOS/Source/CMSIS_RTOS_V2/cmsis_os2.o
 .debug_macro   0x0000000000002ef4       0x10 ./Middlewares/Third_Party/FreeRTOS/Source/CMSIS_RTOS_V2/cmsis_os2.o
 .debug_macro   0x0000000000002f04       0xf5 ./Middlewares/Third_Party/FreeRTOS/Source/CMSIS_RTOS_V2/cmsis_os2.o
 .debug_macro   0x0000000000002ff9       0x91 ./Middlewares/Third_Party/FreeRTOS/Source/CMSIS_RTOS_V2/cmsis_os2.o
 .debug_macro   0x000000000000308a       0x8d ./Middlewares/Third_Party/FreeRTOS/Source/CMSIS_RTOS_V2/cmsis_os2.o
 .debug_macro   0x0000000000003117       0x9a ./Middlewares/Third_Party/FreeRTOS/Source/CMSIS_RTOS_V2/cmsis_os2.o
 .debug_macro   0x00000000000031b1       0x22 ./Middlewares/Third_Party/FreeRTOS/Source/CMSIS_RTOS_V2/cmsis_os2.o
 .debug_macro   0x00000000000031d3      0x187 ./Middlewares/Third_Party/FreeRTOS/Source/list.o
 .debug_macro   0x000000000000335a      0x216 ./Middlewares/Third_Party/FreeRTOS/Source/queue.o
 .debug_macro   0x0000000000003570       0x87 ./Middlewares/Third_Party/FreeRTOS/Source/queue.o
 .debug_macro   0x00000000000035f7      0x27f ./Middlewares/Third_Party/FreeRTOS/Source/tasks.o
 .debug_macro   0x0000000000003876       0x10 ./Middlewares/Third_Party/FreeRTOS/Source/tasks.o
 .debug_macro   0x0000000000003886      0x1dc ./Middlewares/Third_Party/FreeRTOS/Source/timers.o
 .debug_macro   0x0000000000003a62       0x97 ./Middlewares/Third_Party/FreeRTOS/Source/timers.o
 .debug_macro   0x0000000000003af9      0x196 ./Middlewares/Third_Party/FreeRTOS/Source/portable/GCC/ARM_CM4F/port.o
 .debug_macro   0x0000000000003c8f      0x1ae ./Middlewares/Third_Party/FreeRTOS/Source/portable/MemMang/heap_4.o

.debug_line     0x0000000000000000    0x14244
 .debug_line    0x0000000000000000     0x1212 ./Core/Src/main.o
 .debug_line    0x0000000000001212     0x1187 ./Core/Src/stm32h7xx_hal_msp.o
 .debug_line    0x0000000000002399      0xc1a ./Core/Src/stm32h7xx_it.o
 .debug_line    0x0000000000002fb3      0xc21 ./Core/Src/system_stm32h7xx.o
 .debug_line    0x0000000000003bd4       0x88 ./Core/Startup/startup_stm32h753xihx.o
 .debug_line    0x0000000000003c5c     0x213d ./Drivers/STM32H7xx_HAL_Driver/Src/stm32h7xx_hal_adc_ex.o
 .debug_line    0x0000000000005d99     0x1a8e ./Drivers/STM32H7xx_HAL_Driver/Src/stm32h7xx_hal_ltdc.o
 .debug_line    0x0000000000007827     0x1950 ./Drivers/STM32H7xx_HAL_Driver/Src/stm32h7xx_hal_nor.o
 .debug_line    0x0000000000009177     0x115c ./Drivers/STM32H7xx_HAL_Driver/Src/stm32h7xx_hal_sdram.o
 .debug_line    0x000000000000a2d3     0x1083 ./Drivers/STM32H7xx_HAL_Driver/Src/stm32h7xx_hal_sram.o
 .debug_line    0x000000000000b356      0xdf0 ./Drivers/STM32H7xx_HAL_Driver/Src/stm32h7xx_ll_fmc.o
 .debug_line    0x000000000000c146     0x261d ./Middlewares/Third_Party/FreeRTOS/Source/CMSIS_RTOS_V2/cmsis_os2.o
 .debug_line    0x000000000000e763      0x73e ./Middlewares/Third_Party/FreeRTOS/Source/list.o
 .debug_line    0x000000000000eea1     0x1708 ./Middlewares/Third_Party/FreeRTOS/Source/queue.o
 .debug_line    0x00000000000105a9     0x1dbd ./Middlewares/Third_Party/FreeRTOS/Source/tasks.o
 .debug_line    0x0000000000012366      0xd9e ./Middlewares/Third_Party/FreeRTOS/Source/timers.o
 .debug_line    0x0000000000013104      0x7d8 ./Middlewares/Third_Party/FreeRTOS/Source/portable/GCC/ARM_CM4F/port.o
 .debug_line    0x00000000000138dc      0x968 ./Middlewares/Third_Party/FreeRTOS/Source/portable/MemMang/heap_4.o

.debug_str      0x0000000000000000   0x18cee8
 .debug_str     0x0000000000000000   0x183bf8 ./Core/Src/main.o
                                     0x184652 (size before relaxing)
 .debug_str     0x0000000000183bf8      0xdce ./Core/Src/stm32h7xx_hal_msp.o
                                     0x17fd1a (size before relaxing)
 .debug_str     0x00000000001849c6       0xd9 ./Core/Src/stm32h7xx_it.o
                                     0x180394 (size before relaxing)
 .debug_str     0x0000000000184a9f      0x31f ./Core/Src/system_stm32h7xx.o
                                     0x17ae29 (size before relaxing)
 .debug_str     0x0000000000184dbe       0x36 ./Core/Startup/startup_stm32h753xihx.o
                                         0x74 (size before relaxing)
 .debug_str     0x0000000000184df4      0xc0e ./Drivers/STM32H7xx_HAL_Driver/Src/stm32h7xx_hal_adc_ex.o
                                     0x17bc07 (size before relaxing)
 .debug_str     0x0000000000185a02      0x4a8 ./Drivers/STM32H7xx_HAL_Driver/Src/stm32h7xx_hal_ltdc.o
                                     0x17b0f6 (size before relaxing)
 .debug_str     0x0000000000185eaa      0xa2b ./Drivers/STM32H7xx_HAL_Driver/Src/stm32h7xx_hal_nor.o
                                     0x17b687 (size before relaxing)
 .debug_str     0x00000000001868d5      0x3cb ./Drivers/STM32H7xx_HAL_Driver/Src/stm32h7xx_hal_sdram.o
                                     0x17b2ae (size before relaxing)
 .debug_str     0x0000000000186ca0      0x1a8 ./Drivers/STM32H7xx_HAL_Driver/Src/stm32h7xx_hal_sram.o
                                     0x17b14f (size before relaxing)
 .debug_str     0x0000000000186e48      0x55b ./Drivers/STM32H7xx_HAL_Driver/Src/stm32h7xx_ll_fmc.o
                                     0x17b35e (size before relaxing)
 .debug_str     0x00000000001873a3     0x2feb ./Middlewares/Third_Party/FreeRTOS/Source/CMSIS_RTOS_V2/cmsis_os2.o
                                     0x1829c3 (size before relaxing)
 .debug_str     0x000000000018a38e      0x20f ./Middlewares/Third_Party/FreeRTOS/Source/list.o
                                       0xa6b1 (size before relaxing)
 .debug_str     0x000000000018a59d      0x892 ./Middlewares/Third_Party/FreeRTOS/Source/queue.o
                                       0xc1f1 (size before relaxing)
 .debug_str     0x000000000018ae2f     0x1063 ./Middlewares/Third_Party/FreeRTOS/Source/tasks.o
                                       0xccae (size before relaxing)
 .debug_str     0x000000000018be92      0x5af ./Middlewares/Third_Party/FreeRTOS/Source/timers.o
                                       0xc723 (size before relaxing)
 .debug_str     0x000000000018c441      0x783 ./Middlewares/Third_Party/FreeRTOS/Source/portable/GCC/ARM_CM4F/port.o
                                       0x8622 (size before relaxing)
 .debug_str     0x000000000018cbc4      0x324 ./Middlewares/Third_Party/FreeRTOS/Source/portable/MemMang/heap_4.o
                                       0xaff3 (size before relaxing)

.comment        0x0000000000000000       0x50
 .comment       0x0000000000000000       0x50 ./Core/Src/main.o
                                         0x51 (size before relaxing)
 .comment       0x0000000000000050       0x51 ./Core/Src/stm32h7xx_hal_msp.o
 .comment       0x0000000000000050       0x51 ./Core/Src/stm32h7xx_it.o
 .comment       0x0000000000000050       0x51 ./Core/Src/system_stm32h7xx.o
 .comment       0x0000000000000050       0x51 ./Drivers/STM32H7xx_HAL_Driver/Src/stm32h7xx_hal_adc_ex.o
 .comment       0x0000000000000050       0x51 ./Drivers/STM32H7xx_HAL_Driver/Src/stm32h7xx_hal_ltdc.o
 .comment       0x0000000000000050       0x51 ./Drivers/STM32H7xx_HAL_Driver/Src/stm32h7xx_hal_nor.o
 .comment       0x0000000000000050       0x51 ./Drivers/STM32H7xx_HAL_Driver/Src/stm32h7xx_hal_sdram.o
 .comment       0x0000000000000050       0x51 ./Drivers/STM32H7xx_HAL_Driver/Src/stm32h7xx_hal_sram.o
 .comment       0x0000000000000050       0x51 ./Drivers/STM32H7xx_HAL_Driver/Src/stm32h7xx_ll_fmc.o
 .comment       0x0000000000000050       0x51 ./Middlewares/Third_Party/FreeRTOS/Source/CMSIS_RTOS_V2/cmsis_os2.o
 .comment       0x0000000000000050       0x51 ./Middlewares/Third_Party/FreeRTOS/Source/list.o
 .comment       0x0000000000000050       0x51 ./Middlewares/Third_Party/FreeRTOS/Source/queue.o
 .comment       0x0000000000000050       0x51 ./Middlewares/Third_Party/FreeRTOS/Source/tasks.o
 .comment       0x0000000000000050       0x51 ./Middlewares/Third_Party/FreeRTOS/Source/timers.o
 .comment       0x0000000000000050       0x51 ./Middlewares/Third_Party/FreeRTOS/Source/portable/GCC/ARM_CM4F/port.o
 .comment       0x0000000000000050       0x51 ./Middlewares/Third_Party/FreeRTOS/Source/portable/MemMang/heap_4.o

.debug_frame    0x0000000000000000     0x4634
 .debug_frame   0x0000000000000000      0x218 ./Core/Src/main.o
 .debug_frame   0x0000000000000218      0x448 ./Core/Src/stm32h7xx_hal_msp.o
 .debug_frame   0x0000000000000660       0xc4 ./Core/Src/stm32h7xx_it.o
 .debug_frame   0x0000000000000724       0x58 ./Core/Src/system_stm32h7xx.o
 .debug_frame   0x000000000000077c      0x88c ./Drivers/STM32H7xx_HAL_Driver/Src/stm32h7xx_hal_adc_ex.o
 .debug_frame   0x0000000000001008      0x61c ./Drivers/STM32H7xx_HAL_Driver/Src/stm32h7xx_hal_ltdc.o
 .debug_frame   0x0000000000001624      0x2cc ./Drivers/STM32H7xx_HAL_Driver/Src/stm32h7xx_hal_nor.o
 .debug_frame   0x00000000000018f0      0x3f0 ./Drivers/STM32H7xx_HAL_Driver/Src/stm32h7xx_hal_sdram.o
 .debug_frame   0x0000000000001ce0      0x314 ./Drivers/STM32H7xx_HAL_Driver/Src/stm32h7xx_hal_sram.o
 .debug_frame   0x0000000000001ff4      0x37c ./Drivers/STM32H7xx_HAL_Driver/Src/stm32h7xx_ll_fmc.o
 .debug_frame   0x0000000000002370      0xbc8 ./Middlewares/Third_Party/FreeRTOS/Source/CMSIS_RTOS_V2/cmsis_os2.o
 .debug_frame   0x0000000000002f38       0xd8 ./Middlewares/Third_Party/FreeRTOS/Source/list.o
 .debug_frame   0x0000000000003010      0x5ec ./Middlewares/Third_Party/FreeRTOS/Source/queue.o
 .debug_frame   0x00000000000035fc      0x8f0 ./Middlewares/Third_Party/FreeRTOS/Source/tasks.o
 .debug_frame   0x0000000000003eec      0x400 ./Middlewares/Third_Party/FreeRTOS/Source/timers.o
 .debug_frame   0x00000000000042ec      0x1a8 ./Middlewares/Third_Party/FreeRTOS/Source/portable/GCC/ARM_CM4F/port.o
 .debug_frame   0x0000000000004494      0x12c ./Middlewares/Third_Party/FreeRTOS/Source/portable/MemMang/heap_4.o
 .debug_frame   0x00000000000045c0       0x2c /Applications/STM32CubeIDE.app/Contents/Eclipse/plugins/com.st.stm32cube.ide.mcu.externaltools.gnu-tools-for-stm32.10.3-2021.10.macos64_1.0.100.202210260954/tools/bin/../lib/gcc/arm-none-eabi/10.3.1/../../../../arm-none-eabi/lib/thumb/v7e-m+dp/hard/libc_nano.a(lib_a-init.o)
 .debug_frame   0x00000000000045ec       0x28 /Applications/STM32CubeIDE.app/Contents/Eclipse/plugins/com.st.stm32cube.ide.mcu.externaltools.gnu-tools-for-stm32.10.3-2021.10.macos64_1.0.100.202210260954/tools/bin/../lib/gcc/arm-none-eabi/10.3.1/../../../../arm-none-eabi/lib/thumb/v7e-m+dp/hard/libc_nano.a(lib_a-memcpy-stub.o)
 .debug_frame   0x0000000000004614       0x20 /Applications/STM32CubeIDE.app/Contents/Eclipse/plugins/com.st.stm32cube.ide.mcu.externaltools.gnu-tools-for-stm32.10.3-2021.10.macos64_1.0.100.202210260954/tools/bin/../lib/gcc/arm-none-eabi/10.3.1/../../../../arm-none-eabi/lib/thumb/v7e-m+dp/hard/libc_nano.a(lib_a-memset.o)
