Archive member included to satisfy reference by file (symbol)

/usr/local/Cellar/arm-gcc-bin@10/10.3-2021.10_1/bin/../lib/gcc/arm-none-eabi/10.3.1/../../../../arm-none-eabi/lib/thumb/v7e-m+dp/hard/libc_nano.a(lib_a-exit.o)
                              /usr/local/Cellar/arm-gcc-bin@10/10.3-2021.10_1/bin/../lib/gcc/arm-none-eabi/10.3.1/../../../../arm-none-eabi/lib/thumb/v7e-m+dp/hard/crt0.o (exit)
/usr/local/Cellar/arm-gcc-bin@10/10.3-2021.10_1/bin/../lib/gcc/arm-none-eabi/10.3.1/../../../../arm-none-eabi/lib/thumb/v7e-m+dp/hard/libc_nano.a(lib_a-impure.o)
                              /usr/local/Cellar/arm-gcc-bin@10/10.3-2021.10_1/bin/../lib/gcc/arm-none-eabi/10.3.1/../../../../arm-none-eabi/lib/thumb/v7e-m+dp/hard/libc_nano.a(lib_a-exit.o) (_global_impure_ptr)
/usr/local/Cellar/arm-gcc-bin@10/10.3-2021.10_1/bin/../lib/gcc/arm-none-eabi/10.3.1/../../../../arm-none-eabi/lib/thumb/v7e-m+dp/hard/libc_nano.a(lib_a-init.o)
                              /usr/local/Cellar/arm-gcc-bin@10/10.3-2021.10_1/bin/../lib/gcc/arm-none-eabi/10.3.1/../../../../arm-none-eabi/lib/thumb/v7e-m+dp/hard/crt0.o (__libc_init_array)
/usr/local/Cellar/arm-gcc-bin@10/10.3-2021.10_1/bin/../lib/gcc/arm-none-eabi/10.3.1/../../../../arm-none-eabi/lib/thumb/v7e-m+dp/hard/libc_nano.a(lib_a-memcpy-stub.o)
                              build/queue.o (memcpy)
/usr/local/Cellar/arm-gcc-bin@10/10.3-2021.10_1/bin/../lib/gcc/arm-none-eabi/10.3.1/../../../../arm-none-eabi/lib/thumb/v7e-m+dp/hard/libc_nano.a(lib_a-memset.o)
                              /usr/local/Cellar/arm-gcc-bin@10/10.3-2021.10_1/bin/../lib/gcc/arm-none-eabi/10.3.1/../../../../arm-none-eabi/lib/thumb/v7e-m+dp/hard/crt0.o (memset)
/usr/local/Cellar/arm-gcc-bin@10/10.3-2021.10_1/bin/../lib/gcc/arm-none-eabi/10.3.1/../../../../arm-none-eabi/lib/thumb/v7e-m+dp/hard/libnosys.a(_exit.o)
                              /usr/local/Cellar/arm-gcc-bin@10/10.3-2021.10_1/bin/../lib/gcc/arm-none-eabi/10.3.1/../../../../arm-none-eabi/lib/thumb/v7e-m+dp/hard/libc_nano.a(lib_a-exit.o) (_exit)
/usr/local/Cellar/arm-gcc-bin@10/10.3-2021.10_1/bin/../lib/gcc/arm-none-eabi/10.3.1/thumb/v7e-m+dp/hard/libgcc.a(_aeabi_uldivmod.o)
                              build/stm32h7xx_hal_uart.o (__aeabi_uldivmod)
/usr/local/Cellar/arm-gcc-bin@10/10.3-2021.10_1/bin/../lib/gcc/arm-none-eabi/10.3.1/thumb/v7e-m+dp/hard/libgcc.a(_udivmoddi4.o)
                              /usr/local/Cellar/arm-gcc-bin@10/10.3-2021.10_1/bin/../lib/gcc/arm-none-eabi/10.3.1/thumb/v7e-m+dp/hard/libgcc.a(_aeabi_uldivmod.o) (__udivmoddi4)
/usr/local/Cellar/arm-gcc-bin@10/10.3-2021.10_1/bin/../lib/gcc/arm-none-eabi/10.3.1/thumb/v7e-m+dp/hard/libgcc.a(_dvmd_tls.o)
                              /usr/local/Cellar/arm-gcc-bin@10/10.3-2021.10_1/bin/../lib/gcc/arm-none-eabi/10.3.1/thumb/v7e-m+dp/hard/libgcc.a(_aeabi_uldivmod.o) (__aeabi_ldiv0)

Discarded input sections

 .text          0x0000000000000000        0x0 /usr/local/Cellar/arm-gcc-bin@10/10.3-2021.10_1/bin/../lib/gcc/arm-none-eabi/10.3.1/thumb/v7e-m+dp/hard/crti.o
 .data          0x0000000000000000        0x0 /usr/local/Cellar/arm-gcc-bin@10/10.3-2021.10_1/bin/../lib/gcc/arm-none-eabi/10.3.1/thumb/v7e-m+dp/hard/crti.o
 .bss           0x0000000000000000        0x0 /usr/local/Cellar/arm-gcc-bin@10/10.3-2021.10_1/bin/../lib/gcc/arm-none-eabi/10.3.1/thumb/v7e-m+dp/hard/crti.o
 .data          0x0000000000000000        0x4 /usr/local/Cellar/arm-gcc-bin@10/10.3-2021.10_1/bin/../lib/gcc/arm-none-eabi/10.3.1/thumb/v7e-m+dp/hard/crtbegin.o
 .rodata        0x0000000000000000       0x24 /usr/local/Cellar/arm-gcc-bin@10/10.3-2021.10_1/bin/../lib/gcc/arm-none-eabi/10.3.1/thumb/v7e-m+dp/hard/crtbegin.o
 .text          0x0000000000000000       0x7c /usr/local/Cellar/arm-gcc-bin@10/10.3-2021.10_1/bin/../lib/gcc/arm-none-eabi/10.3.1/../../../../arm-none-eabi/lib/thumb/v7e-m+dp/hard/crt0.o
 .data          0x0000000000000000        0x0 /usr/local/Cellar/arm-gcc-bin@10/10.3-2021.10_1/bin/../lib/gcc/arm-none-eabi/10.3.1/../../../../arm-none-eabi/lib/thumb/v7e-m+dp/hard/crt0.o
 .bss           0x0000000000000000        0x0 /usr/local/Cellar/arm-gcc-bin@10/10.3-2021.10_1/bin/../lib/gcc/arm-none-eabi/10.3.1/../../../../arm-none-eabi/lib/thumb/v7e-m+dp/hard/crt0.o
 .ARM.extab     0x0000000000000000        0x0 /usr/local/Cellar/arm-gcc-bin@10/10.3-2021.10_1/bin/../lib/gcc/arm-none-eabi/10.3.1/../../../../arm-none-eabi/lib/thumb/v7e-m+dp/hard/crt0.o
 .ARM.exidx     0x0000000000000000       0x10 /usr/local/Cellar/arm-gcc-bin@10/10.3-2021.10_1/bin/../lib/gcc/arm-none-eabi/10.3.1/../../../../arm-none-eabi/lib/thumb/v7e-m+dp/hard/crt0.o
 .ARM.attributes
                0x0000000000000000       0x1c /usr/local/Cellar/arm-gcc-bin@10/10.3-2021.10_1/bin/../lib/gcc/arm-none-eabi/10.3.1/../../../../arm-none-eabi/lib/thumb/v7e-m+dp/hard/crt0.o
 .text          0x0000000000000000        0x0 build/main.o
 .data          0x0000000000000000        0x0 build/main.o
 .bss           0x0000000000000000        0x0 build/main.o
[...]
Memory Configuration

Name             Origin             Length             Attributes
DTCMRAM          0x0000000020000000 0x0000000000020000 xrw
RAM_D1           0x0000000024000000 0x0000000000080000 xrw
RAM_D2           0x0000000030000000 0x0000000000048000 xrw
RAM_D3           0x0000000038000000 0x0000000000010000 xrw
ITCMRAM          0x0000000000000000 0x0000000000010000 xrw
FLASH            0x0000000008000000 0x0000000000200000 xr
*default*        0x0000000000000000 0xffffffffffffffff

Linker script and memory map

LOAD /usr/local/Cellar/arm-gcc-bin@10/10.3-2021.10_1/bin/../lib/gcc/arm-none-eabi/10.3.1/thumb/v7e-m+dp/hard/crti.o
LOAD /usr/local/Cellar/arm-gcc-bin@10/10.3-2021.10_1/bin/../lib/gcc/arm-none-eabi/10.3.1/thumb/v7e-m+dp/hard/crtbegin.o
LOAD /usr/local/Cellar/arm-gcc-bin@10/10.3-2021.10_1/bin/../lib/gcc/arm-none-eabi/10.3.1/../../../../arm-none-eabi/lib/thumb/v7e-m+dp/hard/crt0.o
LOAD build/main.o
LOAD build/gpio.o
LOAD build/freertos.o
LOAD build/eth.o
LOAD build/usart.o
LOAD build/usb_otg.o
LOAD build/stm32h7xx_it.o
LOAD build/stm32h7xx_hal_msp.o
LOAD build/stm32h7xx_hal_timebase_tim.o
LOAD build/stm32h7xx_hal_cortex.o
LOAD build/stm32h7xx_hal_eth.o
LOAD build/stm32h7xx_hal_eth_ex.o
LOAD build/stm32h7xx_hal_rcc.o
LOAD build/stm32h7xx_hal_rcc_ex.o
LOAD build/stm32h7xx_hal_flash.o
LOAD build/stm32h7xx_hal_flash_ex.o
LOAD build/stm32h7xx_hal_gpio.o
LOAD build/stm32h7xx_hal_hsem.o
LOAD build/stm32h7xx_hal_dma.o
LOAD build/stm32h7xx_hal_dma_ex.o
LOAD build/stm32h7xx_hal_mdma.o
LOAD build/stm32h7xx_hal_pwr.o
LOAD build/stm32h7xx_hal_pwr_ex.o
LOAD build/stm32h7xx_hal.o
LOAD build/stm32h7xx_hal_i2c.o
LOAD build/stm32h7xx_hal_i2c_ex.o
LOAD build/stm32h7xx_hal_exti.o
LOAD build/stm32h7xx_hal_tim.o
LOAD build/stm32h7xx_hal_tim_ex.o
LOAD build/stm32h7xx_hal_uart.o
LOAD build/stm32h7xx_hal_uart_ex.o
LOAD build/stm32h7xx_hal_pcd.o
LOAD build/stm32h7xx_hal_pcd_ex.o
LOAD build/stm32h7xx_ll_usb.o
LOAD build/system_stm32h7xx.o
LOAD build/croutine.o
LOAD build/event_groups.o
LOAD build/list.o
LOAD build/queue.o
LOAD build/stream_buffer.o
LOAD build/tasks.o
LOAD build/timers.o
LOAD build/cmsis_os2.o
LOAD build/heap_4.o
LOAD build/port.o
LOAD build/startup_stm32h743xx.o
LOAD /usr/local/Cellar/arm-gcc-bin@10/10.3-2021.10_1/bin/../lib/gcc/arm-none-eabi/10.3.1/../../../../arm-none-eabi/lib/thumb/v7e-m+dp/hard/libc_nano.a
LOAD /usr/local/Cellar/arm-gcc-bin@10/10.3-2021.10_1/bin/../lib/gcc/arm-none-eabi/10.3.1/../../../../arm-none-eabi/lib/thumb/v7e-m+dp/hard/libm.a
LOAD /usr/local/Cellar/arm-gcc-bin@10/10.3-2021.10_1/bin/../lib/gcc/arm-none-eabi/10.3.1/../../../../arm-none-eabi/lib/thumb/v7e-m+dp/hard/libnosys.a
START GROUP
LOAD /usr/local/Cellar/arm-gcc-bin@10/10.3-2021.10_1/bin/../lib/gcc/arm-none-eabi/10.3.1/thumb/v7e-m+dp/hard/libgcc.a
LOAD /usr/local/Cellar/arm-gcc-bin@10/10.3-2021.10_1/bin/../lib/gcc/arm-none-eabi/10.3.1/../../../../arm-none-eabi/lib/thumb/v7e-m+dp/hard/libc_nano.a
END GROUP
START GROUP
LOAD /usr/local/Cellar/arm-gcc-bin@10/10.3-2021.10_1/bin/../lib/gcc/arm-none-eabi/10.3.1/thumb/v7e-m+dp/hard/libgcc.a
LOAD /usr/local/Cellar/arm-gcc-bin@10/10.3-2021.10_1/bin/../lib/gcc/arm-none-eabi/10.3.1/../../../../arm-none-eabi/lib/thumb/v7e-m+dp/hard/libc_nano.a
END GROUP
LOAD /usr/local/Cellar/arm-gcc-bin@10/10.3-2021.10_1/bin/../lib/gcc/arm-none-eabi/10.3.1/thumb/v7e-m+dp/hard/crtend.o
LOAD /usr/local/Cellar/arm-gcc-bin@10/10.3-2021.10_1/bin/../lib/gcc/arm-none-eabi/10.3.1/thumb/v7e-m+dp/hard/crtn.o
                0x0000000020020000                _estack = 0x20020000
                0x0000000000000200                _Min_Heap_Size = 0x200
                0x0000000000000400                _Min_Stack_Size = 0x400

.isr_vector     0x0000000008000000      0x298
                0x0000000008000000                . = ALIGN (0x4)
 *(.isr_vector)
 .isr_vector    0x0000000008000000      0x298 build/startup_stm32h743xx.o
                0x0000000008000000                g_pfnVectors
                0x0000000008000298                . = ALIGN (0x4)

.text           0x00000000080002a0     0x5f8c
                0x00000000080002a0                . = ALIGN (0x4)
 *(.text)
 .text          0x00000000080002a0       0x40 /usr/local/Cellar/arm-gcc-bin@10/10.3-2021.10_1/bin/../lib/gcc/arm-none-eabi/10.3.1/thumb/v7e-m+dp/hard/crtbegin.o
 .text          0x00000000080002e0       0x30 /usr/local/Cellar/arm-gcc-bin@10/10.3-2021.10_1/bin/../lib/gcc/arm-none-eabi/10.3.1/thumb/v7e-m+dp/hard/libgcc.a(_aeabi_uldivmod.o)
                0x00000000080002e0                __aeabi_uldivmod
 .text          0x0000000008000310      0x2d0 /usr/local/Cellar/arm-gcc-bin@10/10.3-2021.10_1/bin/../lib/gcc/arm-none-eabi/10.3.1/thumb/v7e-m+dp/hard/libgcc.a(_udivmoddi4.o)
                0x0000000008000310                __udivmoddi4
 .text          0x00000000080005e0        0x4 /usr/local/Cellar/arm-gcc-bin@10/10.3-2021.10_1/bin/../lib/gcc/arm-none-eabi/10.3.1/thumb/v7e-m+dp/hard/libgcc.a(_dvmd_tls.o)
                0x00000000080005e0                __aeabi_ldiv0
                0x00000000080005e0                __aeabi_idiv0
 *(.text*)
 .text.HAL_TIM_PeriodElapsedCallback
                0x00000000080005e4       0x18 build/main.o
                0x00000000080005e4                HAL_TIM_PeriodElapsedCallback
 .text.Error_Handler
                0x00000000080005fc        0x4 build/main.o
                0x00000000080005fc                Error_Handler
 .text.SystemClock_Config
                0x0000000008000600       0xc4 build/main.o
                0x0000000008000600                SystemClock_Config
 .text.main     0x00000000080006c4       0x28 build/main.o
                0x00000000080006c4                main
 .text.MX_GPIO_Init
                0x00000000080006ec      0x168 build/gpio.o
                0x00000000080006ec                MX_GPIO_Init
 .text.StartDefaultTask
                0x0000000008000854        0xa build/freertos.o
                0x0000000008000854                StartDefaultTask
 *fill*         0x000000000800085e        0x2 
 .text.MX_FREERTOS_Init
                0x0000000008000860       0x20 build/freertos.o
                0x0000000008000860                MX_FREERTOS_Init
 .text.MX_ETH_Init
                0x0000000008000880       0x6c build/eth.o
                0x0000000008000880                MX_ETH_Init
 .text.HAL_ETH_MspInit
                0x00000000080008ec      0x138 build/eth.o
                0x00000000080008ec                HAL_ETH_MspInit
 .text.MX_USART3_UART_Init
                0x0000000008000a24       0x68 build/usart.o
                0x0000000008000a24                MX_USART3_UART_Init
 .text.HAL_UART_MspInit
                0x0000000008000a8c       0x94 build/usart.o
                0x0000000008000a8c                HAL_UART_MspInit
 .text.MX_USB_OTG_FS_PCD_Init
                0x0000000008000b20       0x3c build/usb_otg.o
                0x0000000008000b20                MX_USB_OTG_FS_PCD_Init
 .text.HAL_PCD_MspInit
                0x0000000008000b5c       0xb8 build/usb_otg.o
                0x0000000008000b5c                HAL_PCD_MspInit
 .text.NMI_Handler
                0x0000000008000c14        0x2 build/stm32h7xx_it.o
                0x0000000008000c14                NMI_Handler
 .text.HardFault_Handler
                0x0000000008000c16        0x2 build/stm32h7xx_it.o
                0x0000000008000c16                HardFault_Handler
 .text.MemManage_Handler
                0x0000000008000c18        0x2 build/stm32h7xx_it.o
                0x0000000008000c18                MemManage_Handler
 .text.BusFault_Handler
                0x0000000008000c1a        0x2 build/stm32h7xx_it.o
                0x0000000008000c1a                BusFault_Handler
 .text.UsageFault_Handler
                0x0000000008000c1c        0x2 build/stm32h7xx_it.o
                0x0000000008000c1c                UsageFault_Handler
 .text.DebugMon_Handler
                0x0000000008000c1e        0x2 build/stm32h7xx_it.o
                0x0000000008000c1e                DebugMon_Handler
 .text.TIM6_DAC_IRQHandler
                0x0000000008000c20       0x10 build/stm32h7xx_it.o
                0x0000000008000c20                TIM6_DAC_IRQHandler
 .text.HAL_MspInit
                0x0000000008000c30       0x34 build/stm32h7xx_hal_msp.o
                0x0000000008000c30                HAL_MspInit
 .text.HAL_InitTick
                0x0000000008000c64       0x9c build/stm32h7xx_hal_timebase_tim.o
                0x0000000008000c64                HAL_InitTick
 .text.HAL_NVIC_SetPriorityGrouping
                0x0000000008000d00       0x24 build/stm32h7xx_hal_cortex.o
                0x0000000008000d00                HAL_NVIC_SetPriorityGrouping
 .text.HAL_NVIC_SetPriority
                0x0000000008000d24       0x6c build/stm32h7xx_hal_cortex.o
                0x0000000008000d24                HAL_NVIC_SetPriority
 .text.HAL_NVIC_EnableIRQ
                0x0000000008000d90       0x1c build/stm32h7xx_hal_cortex.o
                0x0000000008000d90                HAL_NVIC_EnableIRQ
 .text.ETH_SetMACConfig
                0x0000000008000dac      0x1b0 build/stm32h7xx_hal_eth.o
 .text.ETH_SetDMAConfig
                0x0000000008000f5c       0xb0 build/stm32h7xx_hal_eth.o
 .text.ETH_MACDMAConfig
                0x000000000800100c       0xdc build/stm32h7xx_hal_eth.o
 .text.ETH_DMATxDescListInit
                0x00000000080010e8       0x5a build/stm32h7xx_hal_eth.o
 .text.ETH_DMARxDescListInit
                0x0000000008001142       0x6e build/stm32h7xx_hal_eth.o
 .text.ETH_MAC_MDIO_ClkConfig
                0x00000000080011b0       0x78 build/stm32h7xx_hal_eth.o
 .text.HAL_ETH_Init
                0x0000000008001228      0x138 build/stm32h7xx_hal_eth.o
                0x0000000008001228                HAL_ETH_Init
 .text.HAL_RCC_OscConfig
                0x0000000008001360      0x648 build/stm32h7xx_hal_rcc.o
                0x0000000008001360                HAL_RCC_OscConfig
 .text.HAL_RCC_GetSysClockFreq
                0x00000000080019a8      0x1f4 build/stm32h7xx_hal_rcc.o
                0x00000000080019a8                HAL_RCC_GetSysClockFreq
 .text.HAL_RCC_ClockConfig
                0x0000000008001b9c      0x294 build/stm32h7xx_hal_rcc.o
                0x0000000008001b9c                HAL_RCC_ClockConfig
 .text.HAL_RCC_GetHCLKFreq
                0x0000000008001e30       0x44 build/stm32h7xx_hal_rcc.o
                0x0000000008001e30                HAL_RCC_GetHCLKFreq
 .text.HAL_RCC_GetPCLK1Freq
                0x0000000008001e74       0x24 build/stm32h7xx_hal_rcc.o
                0x0000000008001e74                HAL_RCC_GetPCLK1Freq
 .text.HAL_RCC_GetPCLK2Freq
                0x0000000008001e98       0x24 build/stm32h7xx_hal_rcc.o
                0x0000000008001e98                HAL_RCC_GetPCLK2Freq
 .text.HAL_RCC_GetClockConfig
                0x0000000008001ebc       0x54 build/stm32h7xx_hal_rcc.o
                0x0000000008001ebc                HAL_RCC_GetClockConfig
 .text.RCCEx_PLL2_Config
                0x0000000008001f10      0x10c build/stm32h7xx_hal_rcc_ex.o
 .text.RCCEx_PLL3_Config
                0x000000000800201c      0x10c build/stm32h7xx_hal_rcc_ex.o
 .text.HAL_RCCEx_PeriphCLKConfig
                0x0000000008002128      0x9c4 build/stm32h7xx_hal_rcc_ex.o
                0x0000000008002128                HAL_RCCEx_PeriphCLKConfig
 .text.HAL_RCCEx_GetD3PCLK1Freq
                0x0000000008002aec       0x24 build/stm32h7xx_hal_rcc_ex.o
                0x0000000008002aec                HAL_RCCEx_GetD3PCLK1Freq
 .text.HAL_RCCEx_GetPLL2ClockFreq
                0x0000000008002b10      0x1f8 build/stm32h7xx_hal_rcc_ex.o
                0x0000000008002b10                HAL_RCCEx_GetPLL2ClockFreq
 .text.HAL_RCCEx_GetPLL3ClockFreq
                0x0000000008002d08      0x1f8 build/stm32h7xx_hal_rcc_ex.o
                0x0000000008002d08                HAL_RCCEx_GetPLL3ClockFreq
 .text.HAL_GPIO_Init
                0x0000000008002f00      0x1fc build/stm32h7xx_hal_gpio.o
                0x0000000008002f00                HAL_GPIO_Init
 .text.HAL_GPIO_WritePin
                0x00000000080030fc        0xc build/stm32h7xx_hal_gpio.o
                0x00000000080030fc                HAL_GPIO_WritePin
 .text.HAL_PWREx_ConfigSupply
                0x0000000008003108       0x54 build/stm32h7xx_hal_pwr_ex.o
                0x0000000008003108                HAL_PWREx_ConfigSupply
 .text.HAL_PWREx_EnableUSBVoltageDetector
                0x000000000800315c       0x10 build/stm32h7xx_hal_pwr_ex.o
                0x000000000800315c                HAL_PWREx_EnableUSBVoltageDetector
 .text.HAL_Init
                0x000000000800316c       0x5c build/stm32h7xx_hal.o
                0x000000000800316c                HAL_Init
 .text.HAL_IncTick
                0x00000000080031c8       0x18 build/stm32h7xx_hal.o
                0x00000000080031c8                HAL_IncTick
 .text.HAL_GetTick
                0x00000000080031e0        0xc build/stm32h7xx_hal.o
                0x00000000080031e0                HAL_GetTick
 .text.HAL_Delay
                0x00000000080031ec       0x28 build/stm32h7xx_hal.o
                0x00000000080031ec                HAL_Delay
 .text.HAL_GetREVID
                0x0000000008003214        0xc build/stm32h7xx_hal.o
                0x0000000008003214                HAL_GetREVID
 .text.HAL_SYSCFG_ETHInterfaceSelect
                0x0000000008003220       0x14 build/stm32h7xx_hal.o
                0x0000000008003220                HAL_SYSCFG_ETHInterfaceSelect
 .text.HAL_TIM_Base_MspInit
                0x0000000008003234        0x2 build/stm32h7xx_hal_tim.o
                0x0000000008003234                HAL_TIM_Base_MspInit
 *fill*         0x0000000008003236        0x2 
 .text.HAL_TIM_Base_Start_IT
                0x0000000008003238       0x88 build/stm32h7xx_hal_tim.o
                0x0000000008003238                HAL_TIM_Base_Start_IT
 .text.HAL_TIM_OC_DelayElapsedCallback
                0x00000000080032c0        0x2 build/stm32h7xx_hal_tim.o
                0x00000000080032c0                HAL_TIM_OC_DelayElapsedCallback
 .text.HAL_TIM_IC_CaptureCallback
                0x00000000080032c2        0x2 build/stm32h7xx_hal_tim.o
                0x00000000080032c2                HAL_TIM_IC_CaptureCallback
 .text.HAL_TIM_PWM_PulseFinishedCallback
                0x00000000080032c4        0x2 build/stm32h7xx_hal_tim.o
                0x00000000080032c4                HAL_TIM_PWM_PulseFinishedCallback
 .text.HAL_TIM_TriggerCallback
                0x00000000080032c6        0x2 build/stm32h7xx_hal_tim.o
                0x00000000080032c6                HAL_TIM_TriggerCallback
 .text.HAL_TIM_IRQHandler
                0x00000000080032c8      0x19a build/stm32h7xx_hal_tim.o
                0x00000000080032c8                HAL_TIM_IRQHandler
 *fill*         0x0000000008003462        0x2 
 .text.TIM_Base_SetConfig
                0x0000000008003464      0x104 build/stm32h7xx_hal_tim.o
                0x0000000008003464                TIM_Base_SetConfig
 .text.HAL_TIM_Base_Init
                0x0000000008003568       0x60 build/stm32h7xx_hal_tim.o
                0x0000000008003568                HAL_TIM_Base_Init
 .text.HAL_TIMEx_CommutCallback
                0x00000000080035c8        0x2 build/stm32h7xx_hal_tim_ex.o
                0x00000000080035c8                HAL_TIMEx_CommutCallback
 .text.HAL_TIMEx_BreakCallback
                0x00000000080035ca        0x2 build/stm32h7xx_hal_tim_ex.o
                0x00000000080035ca                HAL_TIMEx_BreakCallback
 .text.HAL_TIMEx_Break2Callback
                0x00000000080035cc        0x2 build/stm32h7xx_hal_tim_ex.o
                0x00000000080035cc                HAL_TIMEx_Break2Callback
 *fill*         0x00000000080035ce        0x2 
 .text.UART_SetConfig
                0x00000000080035d0      0x5f4 build/stm32h7xx_hal_uart.o
                0x00000000080035d0                UART_SetConfig
 .text.UART_AdvFeatureConfig
                0x0000000008003bc4       0xca build/stm32h7xx_hal_uart.o
                0x0000000008003bc4                UART_AdvFeatureConfig
 .text.UART_WaitOnFlagUntilTimeout
                0x0000000008003c8e       0xb0 build/stm32h7xx_hal_uart.o
                0x0000000008003c8e                UART_WaitOnFlagUntilTimeout
 .text.UART_CheckIdleState
                0x0000000008003d3e       0x74 build/stm32h7xx_hal_uart.o
                0x0000000008003d3e                UART_CheckIdleState
 .text.HAL_UART_Init
                0x0000000008003db2       0x66 build/stm32h7xx_hal_uart.o
                0x0000000008003db2                HAL_UART_Init
 .text.UARTEx_SetNbDataToProcess
                0x0000000008003e18       0x4c build/stm32h7xx_hal_uart_ex.o
 .text.HAL_UARTEx_DisableFifoMode
                0x0000000008003e64       0x3e build/stm32h7xx_hal_uart_ex.o
                0x0000000008003e64                HAL_UARTEx_DisableFifoMode
 .text.HAL_UARTEx_SetTxFifoThreshold
                0x0000000008003ea2       0x4a build/stm32h7xx_hal_uart_ex.o
                0x0000000008003ea2                HAL_UARTEx_SetTxFifoThreshold
 .text.HAL_UARTEx_SetRxFifoThreshold
                0x0000000008003eec       0x4a build/stm32h7xx_hal_uart_ex.o
                0x0000000008003eec                HAL_UARTEx_SetRxFifoThreshold
 .text.HAL_PCD_Init
                0x0000000008003f36      0x13c build/stm32h7xx_hal_pcd.o
                0x0000000008003f36                HAL_PCD_Init
 *fill*         0x0000000008004072        0x2 
 .text.HAL_PCDEx_ActivateLPM
                0x0000000008004074       0x28 build/stm32h7xx_hal_pcd_ex.o
                0x0000000008004074                HAL_PCDEx_ActivateLPM
 .text.USB_CoreReset
                0x000000000800409c       0x3c build/stm32h7xx_ll_usb.o
 .text.USB_CoreInit
                0x00000000080040d8       0x9c build/stm32h7xx_ll_usb.o
                0x00000000080040d8                USB_CoreInit
 .text.USB_DisableGlobalInt
                0x0000000008004174        0xc build/stm32h7xx_ll_usb.o
                0x0000000008004174                USB_DisableGlobalInt
 .text.USB_SetCurrentMode
                0x0000000008004180       0x30 build/stm32h7xx_ll_usb.o
                0x0000000008004180                USB_SetCurrentMode
 .text.USB_FlushTxFifo
                0x00000000080041b0       0x28 build/stm32h7xx_ll_usb.o
                0x00000000080041b0                USB_FlushTxFifo
 .text.USB_FlushRxFifo
                0x00000000080041d8       0x24 build/stm32h7xx_ll_usb.o
                0x00000000080041d8                USB_FlushRxFifo
 .text.USB_SetDevSpeed
                0x00000000080041fc        0xe build/stm32h7xx_ll_usb.o
                0x00000000080041fc                USB_SetDevSpeed
 *fill*         0x000000000800420a        0x2 
 .text.USB_DevInit
                0x000000000800420c      0x188 build/stm32h7xx_ll_usb.o
                0x000000000800420c                USB_DevInit
 .text.USB_DevDisconnect
                0x0000000008004394       0x1c build/stm32h7xx_ll_usb.o
                0x0000000008004394                USB_DevDisconnect
 .text.SystemInit
                0x00000000080043b0       0xd4 build/system_stm32h7xx.o
                0x00000000080043b0                SystemInit
 .text.vListInitialise
                0x0000000008004484       0x16 build/list.o
                0x0000000008004484                vListInitialise
 .text.vListInitialiseItem
                0x000000000800449a        0x6 build/list.o
                0x000000000800449a                vListInitialiseItem
 .text.vListInsertEnd
                0x00000000080044a0       0x16 build/list.o
                0x00000000080044a0                vListInsertEnd
 .text.vListInsert
                0x00000000080044b6       0x32 build/list.o
                0x00000000080044b6                vListInsert
 .text.uxListRemove
                0x00000000080044e8       0x26 build/list.o
                0x00000000080044e8                uxListRemove
 .text.prvIsQueueFull
                0x000000000800450e       0x1e build/queue.o
 .text.prvIsQueueEmpty
                0x000000000800452c       0x1a build/queue.o
 .text.prvCopyDataToQueue
                0x0000000008004546       0x76 build/queue.o
 .text.prvCopyDataFromQueue
                0x00000000080045bc       0x24 build/queue.o
 .text.prvUnlockQueue
                0x00000000080045e0       0x6e build/queue.o
 .text.xQueueGenericReset
                0x000000000800464e       0x84 build/queue.o
                0x000000000800464e                xQueueGenericReset
 .text.prvInitialiseNewQueue
                0x00000000080046d2       0x22 build/queue.o
 .text.xQueueGenericCreateStatic
                0x00000000080046f4       0xa6 build/queue.o
                0x00000000080046f4                xQueueGenericCreateStatic
 .text.xQueueGenericSend
                0x000000000800479a      0x188 build/queue.o
                0x000000000800479a                xQueueGenericSend
 .text.xQueueGenericSendFromISR
                0x0000000008004922       0xce build/queue.o
                0x0000000008004922                xQueueGenericSendFromISR
 .text.xQueueReceive
                0x00000000080049f0      0x15e build/queue.o
                0x00000000080049f0                xQueueReceive
 *fill*         0x0000000008004b4e        0x2 
 .text.vQueueAddToRegistry
                0x0000000008004b50       0x28 build/queue.o
                0x0000000008004b50                vQueueAddToRegistry
 .text.vQueueWaitForMessageRestricted
                0x0000000008004b78       0x52 build/queue.o
                0x0000000008004b78                vQueueWaitForMessageRestricted
 *fill*         0x0000000008004bca        0x2 
 .text.prvResetNextTaskUnblockTime
                0x0000000008004bcc       0x2c build/tasks.o
 .text.prvInitialiseNewTask
                0x0000000008004bf8       0xa6 build/tasks.o
 *fill*         0x0000000008004c9e        0x2 
 .text.prvInitialiseTaskLists
                0x0000000008004ca0       0x68 build/tasks.o
 .text.prvAddNewTaskToReadyList
                0x0000000008004d08       0xac build/tasks.o
 .text.prvDeleteTCB
                0x0000000008004db4       0x38 build/tasks.o
 .text.prvCheckTasksWaitingTermination
                0x0000000008004dec       0x4c build/tasks.o
 .text.prvIdleTask
                0x0000000008004e38       0x28 build/tasks.o
 .text.prvAddCurrentTaskToDelayedList
                0x0000000008004e60       0x84 build/tasks.o
 .text.xTaskCreateStatic
                0x0000000008004ee4       0x76 build/tasks.o
                0x0000000008004ee4                xTaskCreateStatic
 .text.xTaskCreate
                0x0000000008004f5a       0x68 build/tasks.o
                0x0000000008004f5a                xTaskCreate
 *fill*         0x0000000008004fc2        0x2 
 .text.vTaskStartScheduler
                0x0000000008004fc4       0x9c build/tasks.o
                0x0000000008004fc4                vTaskStartScheduler
 .text.vTaskSuspendAll
                0x0000000008005060       0x10 build/tasks.o
                0x0000000008005060                vTaskSuspendAll
 .text.xTaskGetTickCount
                0x0000000008005070        0xc build/tasks.o
                0x0000000008005070                xTaskGetTickCount
 .text.xTaskIncrementTick
                0x000000000800507c      0x118 build/tasks.o
                0x000000000800507c                xTaskIncrementTick
 .text.xTaskResumeAll
                0x0000000008005194       0xf8 build/tasks.o
                0x0000000008005194                xTaskResumeAll
 .text.vTaskDelay
                0x000000000800528c       0x4c build/tasks.o
                0x000000000800528c                vTaskDelay
 .text.vTaskSwitchContext
                0x00000000080052d8       0x94 build/tasks.o
                0x00000000080052d8                vTaskSwitchContext
 .text.vTaskPlaceOnEventList
                0x000000000800536c       0x30 build/tasks.o
                0x000000000800536c                vTaskPlaceOnEventList
 .text.vTaskPlaceOnEventListRestricted
                0x000000000800539c       0x38 build/tasks.o
                0x000000000800539c                vTaskPlaceOnEventListRestricted
 .text.xTaskRemoveFromEventList
                0x00000000080053d4       0x8c build/tasks.o
                0x00000000080053d4                xTaskRemoveFromEventList
 .text.vTaskInternalSetTimeOutState
                0x0000000008005460       0x18 build/tasks.o
                0x0000000008005460                vTaskInternalSetTimeOutState
 .text.xTaskCheckForTimeOut
                0x0000000008005478       0x84 build/tasks.o
                0x0000000008005478                xTaskCheckForTimeOut
 .text.vTaskMissedYield
                0x00000000080054fc        0xc build/tasks.o
                0x00000000080054fc                vTaskMissedYield
 .text.xTaskGetSchedulerState
                0x0000000008005508       0x20 build/tasks.o
                0x0000000008005508                xTaskGetSchedulerState
 .text.xTaskPriorityDisinherit
                0x0000000008005528       0x90 build/tasks.o
                0x0000000008005528                xTaskPriorityDisinherit
 .text.prvGetNextExpireTime
                0x00000000080055b8       0x20 build/timers.o
 .text.prvInsertTimerInActiveList
                0x00000000080055d8       0x50 build/timers.o
 .text.prvCheckForValidListAndQueue
                0x0000000008005628       0x70 build/timers.o
 .text.xTimerCreateTimerTask
                0x0000000008005698       0x64 build/timers.o
                0x0000000008005698                xTimerCreateTimerTask
 .text.xTimerGenericCommand
                0x00000000080056fc       0x6c build/timers.o
                0x00000000080056fc                xTimerGenericCommand
 .text.prvSwitchTimerLists
                0x0000000008005768       0x7c build/timers.o
 .text.prvSampleTimeNow
                0x00000000080057e4       0x2c build/timers.o
 .text.prvProcessExpiredTimer
                0x0000000008005810       0x6c build/timers.o
 .text.prvProcessTimerOrBlockTask
                0x000000000800587c       0x78 build/timers.o
 .text.prvProcessReceivedCommands
                0x00000000080058f4      0x10c build/timers.o
 .text.prvTimerTask
                0x0000000008005a00       0x16 build/timers.o
 .text.SysTick_Handler
                0x0000000008005a16       0x18 build/cmsis_os2.o
                0x0000000008005a16                SysTick_Handler
 *fill*         0x0000000008005a2e        0x2 
 .text.osKernelInitialize
                0x0000000008005a30       0x24 build/cmsis_os2.o
                0x0000000008005a30                osKernelInitialize
 .text.osKernelStart
                0x0000000008005a54       0x38 build/cmsis_os2.o
                0x0000000008005a54                osKernelStart
 .text.osThreadNew
                0x0000000008005a8c       0xbc build/cmsis_os2.o
                0x0000000008005a8c                osThreadNew
 .text.osDelay  0x0000000008005b48       0x1c build/cmsis_os2.o
                0x0000000008005b48                osDelay
 .text.vApplicationGetIdleTaskMemory
                0x0000000008005b64       0x18 build/cmsis_os2.o
                0x0000000008005b64                vApplicationGetIdleTaskMemory
 .text.vApplicationGetTimerTaskMemory
                0x0000000008005b7c       0x18 build/cmsis_os2.o
                0x0000000008005b7c                vApplicationGetTimerTaskMemory
 .text.prvHeapInit
                0x0000000008005b94       0x64 build/heap_4.o
 .text.prvInsertBlockIntoFreeList
                0x0000000008005bf8       0x64 build/heap_4.o
 .text.pvPortMalloc
                0x0000000008005c5c       0xfc build/heap_4.o
                0x0000000008005c5c                pvPortMalloc
 .text.vPortFree
                0x0000000008005d58       0x7c build/heap_4.o
                0x0000000008005d58                vPortFree
 .text.prvTaskExitError
                0x0000000008005dd4       0x40 build/port.o
 .text.prvPortStartFirstTask
                0x0000000008005e14       0x28 build/port.o
 .text.vPortEnableVFP
                0x0000000008005e3c       0x14 build/port.o
 .text.pxPortInitialiseStack
                0x0000000008005e50       0x2c build/port.o
                0x0000000008005e50                pxPortInitialiseStack
 *fill*         0x0000000008005e7c        0x4 
 .text.SVC_Handler
                0x0000000008005e80       0x24 build/port.o
                0x0000000008005e80                SVC_Handler
 .text.vPortEnterCritical
                0x0000000008005ea4       0x44 build/port.o
                0x0000000008005ea4                vPortEnterCritical
 .text.vPortExitCritical
                0x0000000008005ee8       0x2c build/port.o
                0x0000000008005ee8                vPortExitCritical
 *fill*         0x0000000008005f14        0xc 
 .text.PendSV_Handler
                0x0000000008005f20       0x64 build/port.o
                0x0000000008005f20                PendSV_Handler
 .text.xPortSysTickHandler
                0x0000000008005f84       0x2c build/port.o
                0x0000000008005f84                xPortSysTickHandler
 .text.vPortSetupTimerInterrupt
                0x0000000008005fb0       0x28 build/port.o
                0x0000000008005fb0                vPortSetupTimerInterrupt
 .text.xPortStartScheduler
                0x0000000008005fd8      0x118 build/port.o
                0x0000000008005fd8                xPortStartScheduler
 .text.vPortValidateInterruptPriority
                0x00000000080060f0       0x5c build/port.o
                0x00000000080060f0                vPortValidateInterruptPriority
 .text.Reset_Handler
                0x000000000800614c       0x50 build/startup_stm32h743xx.o
                0x000000000800614c                Reset_Handler
 .text.Default_Handler
                0x000000000800619c        0x2 build/startup_stm32h743xx.o
                0x000000000800619c                DMA1_Stream3_IRQHandler
                0x000000000800619c                EXTI2_IRQHandler
                0x000000000800619c                TIM8_CC_IRQHandler
                0x000000000800619c                HRTIM1_Master_IRQHandler
                0x000000000800619c                UART8_IRQHandler
                0x000000000800619c                SPI4_IRQHandler
                0x000000000800619c                TIM1_CC_IRQHandler
                0x000000000800619c                BDMA_Channel6_IRQHandler
                0x000000000800619c                DMA2_Stream5_IRQHandler
                0x000000000800619c                HRTIM1_FLT_IRQHandler
                0x000000000800619c                JPEG_IRQHandler
                0x000000000800619c                DMA1_Stream5_IRQHandler
                0x000000000800619c                BDMA_Channel1_IRQHandler
                0x000000000800619c                HRTIM1_TIMD_IRQHandler
                0x000000000800619c                TAMP_STAMP_IRQHandler
                0x000000000800619c                EXTI3_IRQHandler
                0x000000000800619c                LPTIM4_IRQHandler
                0x000000000800619c                TIM8_TRG_COM_TIM14_IRQHandler
                0x000000000800619c                LPTIM2_IRQHandler
                0x000000000800619c                DFSDM1_FLT1_IRQHandler
                0x000000000800619c                DMAMUX2_OVR_IRQHandler
                0x000000000800619c                TIM8_UP_TIM13_IRQHandler
                0x000000000800619c                I2C3_ER_IRQHandler
                0x000000000800619c                DFSDM1_FLT2_IRQHandler
                0x000000000800619c                MDMA_IRQHandler
                0x000000000800619c                LPTIM3_IRQHandler
                0x000000000800619c                HSEM1_IRQHandler
                0x000000000800619c                EXTI0_IRQHandler
                0x000000000800619c                I2C2_EV_IRQHandler
                0x000000000800619c                DMA1_Stream2_IRQHandler
                0x000000000800619c                FPU_IRQHandler
                0x000000000800619c                OTG_HS_WKUP_IRQHandler
                0x000000000800619c                FDCAN1_IT1_IRQHandler
                0x000000000800619c                LTDC_ER_IRQHandler
                0x000000000800619c                DMA2_Stream2_IRQHandler
                0x000000000800619c                HRTIM1_TIME_IRQHandler
                0x000000000800619c                SPI1_IRQHandler
                0x000000000800619c                DCMI_IRQHandler
                0x000000000800619c                HRTIM1_TIMC_IRQHandler
                0x000000000800619c                DMA2_Stream3_IRQHandler
                0x000000000800619c                SAI2_IRQHandler
                0x000000000800619c                DFSDM1_FLT3_IRQHandler
                0x000000000800619c                USART6_IRQHandler
                0x000000000800619c                TIM17_IRQHandler
                0x000000000800619c                USART3_IRQHandler
                0x000000000800619c                BDMA_Channel7_IRQHandler
                0x000000000800619c                LPTIM5_IRQHandler
                0x000000000800619c                UART5_IRQHandler
                0x000000000800619c                ADC3_IRQHandler
                0x000000000800619c                DMA2_Stream0_IRQHandler
                0x000000000800619c                TIM4_IRQHandler
                0x000000000800619c                BDMA_Channel2_IRQHandler
                0x000000000800619c                QUADSPI_IRQHandler
                0x000000000800619c                I2C1_EV_IRQHandler
                0x000000000800619c                DMA1_Stream6_IRQHandler
                0x000000000800619c                DMAMUX1_OVR_IRQHandler
                0x000000000800619c                DMA1_Stream1_IRQHandler
                0x000000000800619c                TIM16_IRQHandler
                0x000000000800619c                UART4_IRQHandler
                0x000000000800619c                BDMA_Channel5_IRQHandler
                0x000000000800619c                TIM3_IRQHandler
                0x000000000800619c                RCC_IRQHandler
                0x000000000800619c                TIM8_BRK_TIM12_IRQHandler
                0x000000000800619c                TIM1_TRG_COM_IRQHandler
                0x000000000800619c                Default_Handler
                0x000000000800619c                ECC_IRQHandler
                0x000000000800619c                CEC_IRQHandler
                0x000000000800619c                EXTI15_10_IRQHandler
                0x000000000800619c                BDMA_Channel0_IRQHandler
                0x000000000800619c                ADC_IRQHandler
                0x000000000800619c                DMA1_Stream7_IRQHandler
                0x000000000800619c                HRTIM1_TIMA_IRQHandler
                0x000000000800619c                SPI5_IRQHandler
                0x000000000800619c                TIM7_IRQHandler
                0x000000000800619c                SDMMC1_IRQHandler
                0x000000000800619c                TIM5_IRQHandler
                0x000000000800619c                DMA2_Stream7_IRQHandler
                0x000000000800619c                TIM15_IRQHandler
                0x000000000800619c                PVD_AVD_IRQHandler
                0x000000000800619c                I2C3_EV_IRQHandler
                0x000000000800619c                EXTI9_5_IRQHandler
                0x000000000800619c                RTC_WKUP_IRQHandler
                0x000000000800619c                LTDC_IRQHandler
                0x000000000800619c                SAI3_IRQHandler
                0x000000000800619c                ETH_WKUP_IRQHandler
                0x000000000800619c                SPDIF_RX_IRQHandler
                0x000000000800619c                SPI2_IRQHandler
                0x000000000800619c                OTG_HS_EP1_IN_IRQHandler
                0x000000000800619c                DMA1_Stream0_IRQHandler
                0x000000000800619c                CRS_IRQHandler
                0x000000000800619c                EXTI4_IRQHandler
                0x000000000800619c                RNG_IRQHandler
                0x000000000800619c                HRTIM1_TIMB_IRQHandler
                0x000000000800619c                FDCAN2_IT1_IRQHandler
                0x000000000800619c                ETH_IRQHandler
                0x000000000800619c                TIM1_UP_IRQHandler
                0x000000000800619c                BDMA_Channel4_IRQHandler
                0x000000000800619c                OTG_HS_EP1_OUT_IRQHandler
                0x000000000800619c                WWDG_IRQHandler
                0x000000000800619c                SPI6_IRQHandler
                0x000000000800619c                MDIOS_IRQHandler
                0x000000000800619c                I2C4_EV_IRQHandler
                0x000000000800619c                FDCAN2_IT0_IRQHandler
                0x000000000800619c                LPUART1_IRQHandler
                0x000000000800619c                FDCAN1_IT0_IRQHandler
                0x000000000800619c                TIM2_IRQHandler
                0x000000000800619c                OTG_FS_WKUP_IRQHandler
                0x000000000800619c                OTG_HS_IRQHandler
                0x000000000800619c                DMA2D_IRQHandler
                0x000000000800619c                TIM1_BRK_IRQHandler
                0x000000000800619c                EXTI1_IRQHandler
                0x000000000800619c                SDMMC2_IRQHandler
                0x000000000800619c                OTG_FS_EP1_OUT_IRQHandler
                0x000000000800619c                BDMA_Channel3_IRQHandler
                0x000000000800619c                UART7_IRQHandler
                0x000000000800619c                MDIOS_WKUP_IRQHandler
                0x000000000800619c                USART2_IRQHandler
                0x000000000800619c                DFSDM1_FLT0_IRQHandler
                0x000000000800619c                SAI4_IRQHandler
                0x000000000800619c                I2C2_ER_IRQHandler
                0x000000000800619c                DMA2_Stream1_IRQHandler
                0x000000000800619c                FLASH_IRQHandler
                0x000000000800619c                DMA2_Stream4_IRQHandler
                0x000000000800619c                USART1_IRQHandler
                0x000000000800619c                OTG_FS_IRQHandler
                0x000000000800619c                SPI3_IRQHandler
                0x000000000800619c                WAKEUP_PIN_IRQHandler
                0x000000000800619c                DMA1_Stream4_IRQHandler
                0x000000000800619c                OTG_FS_EP1_IN_IRQHandler
                0x000000000800619c                I2C1_ER_IRQHandler
                0x000000000800619c                FMC_IRQHandler
                0x000000000800619c                FDCAN_CAL_IRQHandler
                0x000000000800619c                SWPMI1_IRQHandler
                0x000000000800619c                COMP1_IRQHandler
                0x000000000800619c                LPTIM1_IRQHandler
                0x000000000800619c                I2C4_ER_IRQHandler
                0x000000000800619c                DMA2_Stream6_IRQHandler
                0x000000000800619c                SAI1_IRQHandler
                0x000000000800619c                RTC_Alarm_IRQHandler
 *fill*         0x000000000800619e        0x2 
 .text.__libc_init_array
                0x00000000080061a0       0x48 /usr/local/Cellar/arm-gcc-bin@10/10.3-2021.10_1/bin/../lib/gcc/arm-none-eabi/10.3.1/../../../../arm-none-eabi/lib/thumb/v7e-m+dp/hard/libc_nano.a(lib_a-init.o)
                0x00000000080061a0                __libc_init_array
 .text.memcpy   0x00000000080061e8       0x1c /usr/local/Cellar/arm-gcc-bin@10/10.3-2021.10_1/bin/../lib/gcc/arm-none-eabi/10.3.1/../../../../arm-none-eabi/lib/thumb/v7e-m+dp/hard/libc_nano.a(lib_a-memcpy-stub.o)
                0x00000000080061e8                memcpy
 .text.memset   0x0000000008006204       0x10 /usr/local/Cellar/arm-gcc-bin@10/10.3-2021.10_1/bin/../lib/gcc/arm-none-eabi/10.3.1/../../../../arm-none-eabi/lib/thumb/v7e-m+dp/hard/libc_nano.a(lib_a-memset.o)
                0x0000000008006204                memset
 *(.glue_7)
 .glue_7        0x0000000008006214        0x0 linker stubs
 *(.glue_7t)
 .glue_7t       0x0000000008006214        0x0 linker stubs
 *(.eh_frame)
 .eh_frame      0x0000000008006214        0x0 /usr/local/Cellar/arm-gcc-bin@10/10.3-2021.10_1/bin/../lib/gcc/arm-none-eabi/10.3.1/thumb/v7e-m+dp/hard/crtbegin.o
 *(.init)
 .init          0x0000000008006214        0x4 /usr/local/Cellar/arm-gcc-bin@10/10.3-2021.10_1/bin/../lib/gcc/arm-none-eabi/10.3.1/thumb/v7e-m+dp/hard/crti.o
                0x0000000008006214                _init
 .init          0x0000000008006218        0x8 /usr/local/Cellar/arm-gcc-bin@10/10.3-2021.10_1/bin/../lib/gcc/arm-none-eabi/10.3.1/thumb/v7e-m+dp/hard/crtn.o
 *(.fini)
 .fini          0x0000000008006220        0x4 /usr/local/Cellar/arm-gcc-bin@10/10.3-2021.10_1/bin/../lib/gcc/arm-none-eabi/10.3.1/thumb/v7e-m+dp/hard/crti.o
                0x0000000008006220                _fini
 .fini          0x0000000008006224        0x8 /usr/local/Cellar/arm-gcc-bin@10/10.3-2021.10_1/bin/../lib/gcc/arm-none-eabi/10.3.1/thumb/v7e-m+dp/hard/crtn.o
                0x000000000800622c                . = ALIGN (0x4)
                0x000000000800622c                _etext = .

.vfp11_veneer   0x000000000800622c        0x0
 .vfp11_veneer  0x000000000800622c        0x0 linker stubs

.v4_bx          0x000000000800622c        0x0
 .v4_bx         0x000000000800622c        0x0 linker stubs

.iplt           0x000000000800622c        0x0
 .iplt          0x000000000800622c        0x0 /usr/local/Cellar/arm-gcc-bin@10/10.3-2021.10_1/bin/../lib/gcc/arm-none-eabi/10.3.1/thumb/v7e-m+dp/hard/crtbegin.o

.rodata         0x000000000800622c       0x80
                0x000000000800622c                . = ALIGN (0x4)
 *(.rodata)
 *(.rodata*)
 .rodata.str1.4
                0x000000000800622c        0xc build/freertos.o
 .rodata.defaultTask_attributes
                0x0000000008006238       0x24 build/freertos.o
                0x0000000008006238                defaultTask_attributes
 .rodata.UARTPrescTable
                0x000000000800625c       0x18 build/stm32h7xx_hal_uart.o
                0x000000000800625c                UARTPrescTable
 .rodata.denominator.0
                0x0000000008006274        0x8 build/stm32h7xx_hal_uart_ex.o
 .rodata.numerator.1
                0x000000000800627c        0x8 build/stm32h7xx_hal_uart_ex.o
 .rodata.D1CorePrescTable
                0x0000000008006284       0x10 build/system_stm32h7xx.o
                0x0000000008006284                D1CorePrescTable
 .rodata.vTaskStartScheduler.str1.4
                0x0000000008006294        0x5 build/tasks.o
 *fill*         0x0000000008006299        0x3 
 .rodata.prvCheckForValidListAndQueue.str1.4
                0x000000000800629c        0x5 build/timers.o
 *fill*         0x00000000080062a1        0x3 
 .rodata.xTimerCreateTimerTask.str1.4
                0x00000000080062a4        0x8 build/timers.o
                0x00000000080062ac                . = ALIGN (0x4)

.ARM.extab
 *(.ARM.extab* .gnu.linkonce.armextab.*)

.ARM            0x00000000080062ac        0x8
                0x00000000080062ac                __exidx_start = .
 *(.ARM.exidx*)
 .ARM.exidx     0x00000000080062ac        0x8 /usr/local/Cellar/arm-gcc-bin@10/10.3-2021.10_1/bin/../lib/gcc/arm-none-eabi/10.3.1/thumb/v7e-m+dp/hard/libgcc.a(_udivmoddi4.o)
                0x00000000080062b4                __exidx_end = .

.rel.dyn        0x00000000080062b4        0x0
 .rel.iplt      0x00000000080062b4        0x0 /usr/local/Cellar/arm-gcc-bin@10/10.3-2021.10_1/bin/../lib/gcc/arm-none-eabi/10.3.1/thumb/v7e-m+dp/hard/crtbegin.o

.preinit_array  0x00000000080062b4        0x0
                0x00000000080062b4                PROVIDE (__preinit_array_start = .)
 *(.preinit_array*)
                0x00000000080062b4                PROVIDE (__preinit_array_end = .)

.init_array     0x00000000080062b4        0x4
                0x00000000080062b4                PROVIDE (__init_array_start = .)
 *(SORT_BY_NAME(.init_array.*))
 *(.init_array*)
 .init_array    0x00000000080062b4        0x4 /usr/local/Cellar/arm-gcc-bin@10/10.3-2021.10_1/bin/../lib/gcc/arm-none-eabi/10.3.1/thumb/v7e-m+dp/hard/crtbegin.o
                0x00000000080062b8                PROVIDE (__init_array_end = .)

.fini_array     0x00000000080062b8        0x4
                [!provide]                        PROVIDE (__fini_array_start = .)
 *(SORT_BY_NAME(.fini_array.*))
 *(.fini_array*)
 .fini_array    0x00000000080062b8        0x4 /usr/local/Cellar/arm-gcc-bin@10/10.3-2021.10_1/bin/../lib/gcc/arm-none-eabi/10.3.1/thumb/v7e-m+dp/hard/crtbegin.o
                [!provide]                        PROVIDE (__fini_array_end = .)
                0x00000000080062bc                _sidata = LOADADDR (.data)

.data           0x0000000020000000       0x14 load address 0x00000000080062bc
                0x0000000020000000                . = ALIGN (0x4)
                0x0000000020000000                _sdata = .
 *(.data)
 *(.data*)
 .data.uwTickFreq
                0x0000000020000000        0x1 build/stm32h7xx_hal.o
                0x0000000020000000                uwTickFreq
 *fill*         0x0000000020000001        0x3 
 .data.uwTickPrio
                0x0000000020000004        0x4 build/stm32h7xx_hal.o
                0x0000000020000004                uwTickPrio
 .data.SystemCoreClock
                0x0000000020000008        0x4 build/system_stm32h7xx.o
                0x0000000020000008                SystemCoreClock
 .data.SystemD2Clock
                0x000000002000000c        0x4 build/system_stm32h7xx.o
                0x000000002000000c                SystemD2Clock
 .data.uxCriticalNesting
                0x0000000020000010        0x4 build/port.o
                0x0000000020000014                . = ALIGN (0x4)
                0x0000000020000014                _edata = .

.igot.plt       0x0000000020000014        0x0 load address 0x00000000080062d0
 .igot.plt      0x0000000020000014        0x0 /usr/local/Cellar/arm-gcc-bin@10/10.3-2021.10_1/bin/../lib/gcc/arm-none-eabi/10.3.1/thumb/v7e-m+dp/hard/crtbegin.o

.RxDecripSection
                0x0000000020000014       0x60 load address 0x00000000080062d0
 .RxDecripSection
                0x0000000020000014       0x60 build/eth.o
                0x0000000020000014                DMARxDscrTab

.TxDecripSection
                0x0000000020000074       0x60 load address 0x0000000008006330
 .TxDecripSection
                0x0000000020000074       0x60 build/eth.o
                0x0000000020000074                DMATxDscrTab
                0x00000000200000d4                . = ALIGN (0x4)

.bss            0x00000000200000d4     0x4f1c load address 0x0000000008006390
                0x00000000200000d4                _sbss = .
                0x00000000200000d4                __bss_start__ = _sbss
 *(.bss)
 .bss           0x00000000200000d4       0x1c /usr/local/Cellar/arm-gcc-bin@10/10.3-2021.10_1/bin/../lib/gcc/arm-none-eabi/10.3.1/thumb/v7e-m+dp/hard/crtbegin.o
 *(.bss*)
 .bss.defaultTaskHandle
                0x00000000200000f0        0x4 build/freertos.o
                0x00000000200000f0                defaultTaskHandle
 .bss.MACAddr.0
                0x00000000200000f4        0x6 build/eth.o
 *fill*         0x00000000200000fa        0x2 
 .bss.TxConfig  0x00000000200000fc       0x34 build/eth.o
                0x00000000200000fc                TxConfig
 .bss.heth      0x0000000020000130       0x88 build/eth.o
                0x0000000020000130                heth
 .bss.huart3    0x00000000200001b8       0x90 build/usart.o
                0x00000000200001b8                huart3
 .bss.hpcd_USB_OTG_FS
                0x0000000020000248      0x408 build/usb_otg.o
                0x0000000020000248                hpcd_USB_OTG_FS
 .bss.htim6     0x0000000020000650       0x4c build/stm32h7xx_hal_timebase_tim.o
                0x0000000020000650                htim6
 .bss.uwTick    0x000000002000069c        0x4 build/stm32h7xx_hal.o
                0x000000002000069c                uwTick
 .bss.xQueueRegistry
                0x00000000200006a0       0x40 build/queue.o
                0x00000000200006a0                xQueueRegistry
 .bss.pxCurrentTCB
                0x00000000200006e0        0x4 build/tasks.o
                0x00000000200006e0                pxCurrentTCB
 .bss.pxDelayedTaskList
                0x00000000200006e4        0x4 build/tasks.o
 .bss.pxOverflowDelayedTaskList
                0x00000000200006e8        0x4 build/tasks.o
 .bss.pxReadyTasksLists
                0x00000000200006ec      0x460 build/tasks.o
 .bss.uxCurrentNumberOfTasks
                0x0000000020000b4c        0x4 build/tasks.o
 .bss.uxDeletedTasksWaitingCleanUp
                0x0000000020000b50        0x4 build/tasks.o
 .bss.uxSchedulerSuspended
                0x0000000020000b54        0x4 build/tasks.o
 .bss.uxTaskNumber
                0x0000000020000b58        0x4 build/tasks.o
 .bss.uxTopReadyPriority
                0x0000000020000b5c        0x4 build/tasks.o
 .bss.xDelayedTaskList1
                0x0000000020000b60       0x14 build/tasks.o
 .bss.xDelayedTaskList2
                0x0000000020000b74       0x14 build/tasks.o
 .bss.xIdleTaskHandle
                0x0000000020000b88        0x4 build/tasks.o
 .bss.xNextTaskUnblockTime
                0x0000000020000b8c        0x4 build/tasks.o
 .bss.xNumOfOverflows
                0x0000000020000b90        0x4 build/tasks.o
 .bss.xPendedTicks
                0x0000000020000b94        0x4 build/tasks.o
 .bss.xPendingReadyList
                0x0000000020000b98       0x14 build/tasks.o
 .bss.xSchedulerRunning
                0x0000000020000bac        0x4 build/tasks.o
 .bss.xSuspendedTaskList
                0x0000000020000bb0       0x14 build/tasks.o
 .bss.xTasksWaitingTermination
                0x0000000020000bc4       0x14 build/tasks.o
 .bss.xTickCount
                0x0000000020000bd8        0x4 build/tasks.o
 .bss.xYieldPending
                0x0000000020000bdc        0x4 build/tasks.o
 .bss.pxCurrentTimerList
                0x0000000020000be0        0x4 build/timers.o
 .bss.pxOverflowTimerList
                0x0000000020000be4        0x4 build/timers.o
 .bss.ucStaticTimerQueueStorage.1
                0x0000000020000be8       0xa0 build/timers.o
 .bss.xActiveTimerList1
                0x0000000020000c88       0x14 build/timers.o
 .bss.xActiveTimerList2
                0x0000000020000c9c       0x14 build/timers.o
 .bss.xLastTime.2
                0x0000000020000cb0        0x4 build/timers.o
 .bss.xStaticTimerQueue.0
                0x0000000020000cb4       0x50 build/timers.o
 .bss.xTimerQueue
                0x0000000020000d04        0x4 build/timers.o
 .bss.xTimerTaskHandle
                0x0000000020000d08        0x4 build/timers.o
 .bss.Idle_Stack.2
                0x0000000020000d0c      0x200 build/cmsis_os2.o
 .bss.Idle_TCB.3
                0x0000000020000f0c       0x5c build/cmsis_os2.o
 .bss.KernelState
                0x0000000020000f68        0x4 build/cmsis_os2.o
 .bss.Timer_Stack.0
                0x0000000020000f6c      0x400 build/cmsis_os2.o
 .bss.Timer_TCB.1
                0x000000002000136c       0x5c build/cmsis_os2.o
 .bss.pxEnd     0x00000000200013c8        0x4 build/heap_4.o
 .bss.ucHeap    0x00000000200013cc     0x3c00 build/heap_4.o
 .bss.xBlockAllocatedBit
                0x0000000020004fcc        0x4 build/heap_4.o
 .bss.xFreeBytesRemaining
                0x0000000020004fd0        0x4 build/heap_4.o
 .bss.xMinimumEverFreeBytesRemaining
                0x0000000020004fd4        0x4 build/heap_4.o
 .bss.xNumberOfSuccessfulAllocations
                0x0000000020004fd8        0x4 build/heap_4.o
 .bss.xNumberOfSuccessfulFrees
                0x0000000020004fdc        0x4 build/heap_4.o
 .bss.xStart    0x0000000020004fe0        0x8 build/heap_4.o
 .bss.ucMaxSysCallPriority
                0x0000000020004fe8        0x1 build/port.o
 *fill*         0x0000000020004fe9        0x3 
 .bss.ulMaxPRIGROUPValue
                0x0000000020004fec        0x4 build/port.o
 *(COMMON)
                0x0000000020004ff0                . = ALIGN (0x4)
                0x0000000020004ff0                _ebss = .
                0x0000000020004ff0                __bss_end__ = _ebss

._user_heap_stack
                0x0000000020004ff0      0x600 load address 0x0000000008006390
                0x0000000020004ff0                . = ALIGN (0x8)
                [!provide]                        PROVIDE (end = .)
                [!provide]                        PROVIDE (_end = .)
                0x00000000200051f0                . = (. + _Min_Heap_Size)
 *fill*         0x0000000020004ff0      0x200 
                0x00000000200055f0                . = (. + _Min_Stack_Size)
 *fill*         0x00000000200051f0      0x400 
                0x00000000200055f0                . = ALIGN (0x8)

/DISCARD/
 libc.a(*)
 libm.a(*)
 libgcc.a(*)

.ARM.attributes
                0x0000000000000000       0x2e
 *(.ARM.attributes)
 .ARM.attributes
                0x0000000000000000       0x1e /usr/local/Cellar/arm-gcc-bin@10/10.3-2021.10_1/bin/../lib/gcc/arm-none-eabi/10.3.1/thumb/v7e-m+dp/hard/crti.o
 .ARM.attributes
                0x000000000000001e       0x32 /usr/local/Cellar/arm-gcc-bin@10/10.3-2021.10_1/bin/../lib/gcc/arm-none-eabi/10.3.1/thumb/v7e-m+dp/hard/crtbegin.o
 .ARM.attributes
                0x0000000000000050       0x32 build/main.o
 .ARM.attributes
                0x0000000000000082       0x32 build/gpio.o
 .ARM.attributes
                0x00000000000000b4       0x32 build/freertos.o
 .ARM.attributes
                0x00000000000000e6       0x32 build/eth.o
 .ARM.attributes
                0x0000000000000118       0x32 build/usart.o
 .ARM.attributes
                0x000000000000014a       0x32 build/usb_otg.o
 .ARM.attributes
                0x000000000000017c       0x32 build/stm32h7xx_it.o
 .ARM.attributes
                0x00000000000001ae       0x32 build/stm32h7xx_hal_msp.o
 .ARM.attributes
                0x00000000000001e0       0x32 build/stm32h7xx_hal_timebase_tim.o
 .ARM.attributes
                0x0000000000000212       0x32 build/stm32h7xx_hal_cortex.o
 .ARM.attributes
                0x0000000000000244       0x32 build/stm32h7xx_hal_eth.o
 .ARM.attributes
                0x0000000000000276       0x32 build/stm32h7xx_hal_rcc.o
 .ARM.attributes
                0x00000000000002a8       0x32 build/stm32h7xx_hal_rcc_ex.o
 .ARM.attributes
                0x00000000000002da       0x32 build/stm32h7xx_hal_gpio.o
 .ARM.attributes
                0x000000000000030c       0x32 build/stm32h7xx_hal_pwr_ex.o
 .ARM.attributes
                0x000000000000033e       0x32 build/stm32h7xx_hal.o
 .ARM.attributes
                0x0000000000000370       0x32 build/stm32h7xx_hal_tim.o
 .ARM.attributes
                0x00000000000003a2       0x32 build/stm32h7xx_hal_tim_ex.o
 .ARM.attributes
                0x00000000000003d4       0x32 build/stm32h7xx_hal_uart.o
 .ARM.attributes
                0x0000000000000406       0x32 build/stm32h7xx_hal_uart_ex.o
 .ARM.attributes
                0x0000000000000438       0x32 build/stm32h7xx_hal_pcd.o
 .ARM.attributes
                0x000000000000046a       0x32 build/stm32h7xx_hal_pcd_ex.o
 .ARM.attributes
                0x000000000000049c       0x32 build/stm32h7xx_ll_usb.o
 .ARM.attributes
                0x00000000000004ce       0x32 build/system_stm32h7xx.o
 .ARM.attributes
                0x0000000000000500       0x32 build/list.o
 .ARM.attributes
                0x0000000000000532       0x32 build/queue.o
 .ARM.attributes
                0x0000000000000564       0x32 build/tasks.o
 .ARM.attributes
                0x0000000000000596       0x32 build/timers.o
 .ARM.attributes
                0x00000000000005c8       0x32 build/cmsis_os2.o
 .ARM.attributes
                0x00000000000005fa       0x32 build/heap_4.o
 .ARM.attributes
                0x000000000000062c       0x32 build/port.o
 .ARM.attributes
                0x000000000000065e       0x21 build/startup_stm32h743xx.o
 .ARM.attributes
                0x000000000000067f       0x32 /usr/local/Cellar/arm-gcc-bin@10/10.3-2021.10_1/bin/../lib/gcc/arm-none-eabi/10.3.1/../../../../arm-none-eabi/lib/thumb/v7e-m+dp/hard/libc_nano.a(lib_a-init.o)
 .ARM.attributes
                0x00000000000006b1       0x32 /usr/local/Cellar/arm-gcc-bin@10/10.3-2021.10_1/bin/../lib/gcc/arm-none-eabi/10.3.1/../../../../arm-none-eabi/lib/thumb/v7e-m+dp/hard/libc_nano.a(lib_a-memcpy-stub.o)
 .ARM.attributes
                0x00000000000006e3       0x32 /usr/local/Cellar/arm-gcc-bin@10/10.3-2021.10_1/bin/../lib/gcc/arm-none-eabi/10.3.1/../../../../arm-none-eabi/lib/thumb/v7e-m+dp/hard/libc_nano.a(lib_a-memset.o)
 .ARM.attributes
                0x0000000000000715       0x1e /usr/local/Cellar/arm-gcc-bin@10/10.3-2021.10_1/bin/../lib/gcc/arm-none-eabi/10.3.1/thumb/v7e-m+dp/hard/libgcc.a(_aeabi_uldivmod.o)
 .ARM.attributes
                0x0000000000000733       0x32 /usr/local/Cellar/arm-gcc-bin@10/10.3-2021.10_1/bin/../lib/gcc/arm-none-eabi/10.3.1/thumb/v7e-m+dp/hard/libgcc.a(_udivmoddi4.o)
 .ARM.attributes
                0x0000000000000765       0x1e /usr/local/Cellar/arm-gcc-bin@10/10.3-2021.10_1/bin/../lib/gcc/arm-none-eabi/10.3.1/thumb/v7e-m+dp/hard/libgcc.a(_dvmd_tls.o)
 .ARM.attributes
                0x0000000000000783       0x1e /usr/local/Cellar/arm-gcc-bin@10/10.3-2021.10_1/bin/../lib/gcc/arm-none-eabi/10.3.1/thumb/v7e-m+dp/hard/crtn.o
OUTPUT(build/NucleoH7_freeRTOS.elf elf32-littlearm)
LOAD linker stubs
LOAD /usr/local/Cellar/arm-gcc-bin@10/10.3-2021.10_1/bin/../lib/gcc/arm-none-eabi/10.3.1/../../../../arm-none-eabi/lib/thumb/v7e-m+dp/hard/libc.a
LOAD /usr/local/Cellar/arm-gcc-bin@10/10.3-2021.10_1/bin/../lib/gcc/arm-none-eabi/10.3.1/../../../../arm-none-eabi/lib/thumb/v7e-m+dp/hard/libm.a
LOAD /usr/local/Cellar/arm-gcc-bin@10/10.3-2021.10_1/bin/../lib/gcc/arm-none-eabi/10.3.1/thumb/v7e-m+dp/hard/libgcc.a

.debug_info     0x0000000000000000    0x2fcc3
 .debug_info    0x0000000000000000      0xfcf build/main.o
 .debug_info    0x0000000000000fcf      0x85e build/gpio.o
 .debug_info    0x000000000000182d      0x387 build/freertos.o
 .debug_info    0x0000000000001bb4     0x1a66 build/eth.o
 .debug_info    0x000000000000361a     0x137d build/usart.o
 .debug_info    0x0000000000004997     0x1173 build/usb_otg.o
 .debug_info    0x0000000000005b0a      0x8ea build/stm32h7xx_it.o
 .debug_info    0x00000000000063f4      0x8fb build/stm32h7xx_hal_msp.o
 .debug_info    0x0000000000006cef     0x12b1 build/stm32h7xx_hal_timebase_tim.o
 .debug_info    0x0000000000007fa0     0x1507 build/stm32h7xx_hal_cortex.o
 .debug_info    0x00000000000094a7     0x3099 build/stm32h7xx_hal_eth.o
 .debug_info    0x000000000000c540     0x13bd build/stm32h7xx_hal_rcc.o
 .debug_info    0x000000000000d8fd     0x1c07 build/stm32h7xx_hal_rcc_ex.o
 .debug_info    0x000000000000f504      0xee1 build/stm32h7xx_hal_gpio.o
 .debug_info    0x00000000000103e5     0x13f3 build/stm32h7xx_hal_pwr_ex.o
 .debug_info    0x00000000000117d8     0x18de build/stm32h7xx_hal.o
 .debug_info    0x00000000000130b6     0x40aa build/stm32h7xx_hal_tim.o
 .debug_info    0x0000000000017160     0x1f5b build/stm32h7xx_hal_tim_ex.o
 .debug_info    0x00000000000190bb     0x2bac build/stm32h7xx_hal_uart.o
 .debug_info    0x000000000001bc67     0x106e build/stm32h7xx_hal_uart_ex.o
 .debug_info    0x000000000001ccd5     0x1bca build/stm32h7xx_hal_pcd.o
 .debug_info    0x000000000001e89f      0xaed build/stm32h7xx_hal_pcd_ex.o
 .debug_info    0x000000000001f38c     0x213a build/stm32h7xx_ll_usb.o
 .debug_info    0x00000000000214c6      0xeb5 build/system_stm32h7xx.o
 .debug_info    0x000000000002237b      0x30f build/list.o
 .debug_info    0x000000000002268a     0x2965 build/queue.o
 .debug_info    0x0000000000024fef     0x333f build/tasks.o
 .debug_info    0x000000000002832e     0x1bd3 build/timers.o
 .debug_info    0x0000000000029f01     0x51be build/cmsis_os2.o
 .debug_info    0x000000000002f0bf      0x61a build/heap_4.o
 .debug_info    0x000000000002f6d9      0x5c8 build/port.o
 .debug_info    0x000000000002fca1       0x22 build/startup_stm32h743xx.o

.debug_abbrev   0x0000000000000000     0x4bc2
 .debug_abbrev  0x0000000000000000      0x23f build/main.o
 .debug_abbrev  0x000000000000023f      0x160 build/gpio.o
 .debug_abbrev  0x000000000000039f      0x10e build/freertos.o
 .debug_abbrev  0x00000000000004ad      0x210 build/eth.o
 .debug_abbrev  0x00000000000006bd      0x1f8 build/usart.o
 .debug_abbrev  0x00000000000008b5      0x1e6 build/usb_otg.o
 .debug_abbrev  0x0000000000000a9b      0x17c build/stm32h7xx_it.o
 .debug_abbrev  0x0000000000000c17      0x11c build/stm32h7xx_hal_msp.o
 .debug_abbrev  0x0000000000000d33      0x211 build/stm32h7xx_hal_timebase_tim.o
 .debug_abbrev  0x0000000000000f44      0x395 build/stm32h7xx_hal_cortex.o
 .debug_abbrev  0x00000000000012d9      0x2aa build/stm32h7xx_hal_eth.o
 .debug_abbrev  0x0000000000001583      0x269 build/stm32h7xx_hal_rcc.o
 .debug_abbrev  0x00000000000017ec      0x286 build/stm32h7xx_hal_rcc_ex.o
 .debug_abbrev  0x0000000000001a72      0x253 build/stm32h7xx_hal_gpio.o
 .debug_abbrev  0x0000000000001cc5      0x2b6 build/stm32h7xx_hal_pwr_ex.o
 .debug_abbrev  0x0000000000001f7b      0x261 build/stm32h7xx_hal.o
 .debug_abbrev  0x00000000000021dc      0x282 build/stm32h7xx_hal_tim.o
 .debug_abbrev  0x000000000000245e      0x298 build/stm32h7xx_hal_tim_ex.o
 .debug_abbrev  0x00000000000026f6      0x2e1 build/stm32h7xx_hal_uart.o
 .debug_abbrev  0x00000000000029d7      0x267 build/stm32h7xx_hal_uart_ex.o
 .debug_abbrev  0x0000000000002c3e      0x2c2 build/stm32h7xx_hal_pcd.o
 .debug_abbrev  0x0000000000002f00      0x26c build/stm32h7xx_hal_pcd_ex.o
 .debug_abbrev  0x000000000000316c      0x2f9 build/stm32h7xx_ll_usb.o
 .debug_abbrev  0x0000000000003465      0x12a build/system_stm32h7xx.o
 .debug_abbrev  0x000000000000358f      0x124 build/list.o
 .debug_abbrev  0x00000000000036b3      0x3c4 build/queue.o
 .debug_abbrev  0x0000000000003a77      0x387 build/tasks.o
 .debug_abbrev  0x0000000000003dfe      0x366 build/timers.o
 .debug_abbrev  0x0000000000004164      0x559 build/cmsis_os2.o
 .debug_abbrev  0x00000000000046bd      0x269 build/heap_4.o
 .debug_abbrev  0x0000000000004926      0x28a build/port.o
 .debug_abbrev  0x0000000000004bb0       0x12 build/startup_stm32h743xx.o

.debug_loc      0x0000000000000000    0x22655
 .debug_loc     0x0000000000000000       0xc8 build/main.o
 .debug_loc     0x00000000000000c8       0x39 build/gpio.o
 .debug_loc     0x0000000000000101       0x65 build/freertos.o
 .debug_loc     0x0000000000000166      0x10a build/eth.o
 .debug_loc     0x0000000000000270       0xea build/usart.o
 .debug_loc     0x000000000000035a      0x124 build/usb_otg.o
 .debug_loc     0x000000000000047e       0x20 build/stm32h7xx_it.o
 .debug_loc     0x000000000000049e       0x38 build/stm32h7xx_hal_msp.o
 .debug_loc     0x00000000000004d6       0xfa build/stm32h7xx_hal_timebase_tim.o
 .debug_loc     0x00000000000005d0      0x786 build/stm32h7xx_hal_cortex.o
 .debug_loc     0x0000000000000d56     0x2383 build/stm32h7xx_hal_eth.o
 .debug_loc     0x00000000000030d9      0xa81 build/stm32h7xx_hal_rcc.o
 .debug_loc     0x0000000000003b5a     0x1bd8 build/stm32h7xx_hal_rcc_ex.o
 .debug_loc     0x0000000000005732      0x483 build/stm32h7xx_hal_gpio.o
 .debug_loc     0x0000000000005bb5      0x65b build/stm32h7xx_hal_pwr_ex.o
 .debug_loc     0x0000000000006210      0x526 build/stm32h7xx_hal.o
 .debug_loc     0x0000000000006736     0x595d build/stm32h7xx_hal_tim.o
 .debug_loc     0x000000000000c093     0x292b build/stm32h7xx_hal_tim_ex.o
 .debug_loc     0x000000000000e9be     0x2962 build/stm32h7xx_hal_uart.o
 .debug_loc     0x0000000000011320      0xc04 build/stm32h7xx_hal_uart_ex.o
 .debug_loc     0x0000000000011f24     0x1508 build/stm32h7xx_hal_pcd.o
 .debug_loc     0x000000000001342c      0x28e build/stm32h7xx_hal_pcd_ex.o
 .debug_loc     0x00000000000136ba     0x288b build/stm32h7xx_ll_usb.o
 .debug_loc     0x0000000000015f45      0x1d8 build/system_stm32h7xx.o
 .debug_loc     0x000000000001611d       0xe5 build/list.o
 .debug_loc     0x0000000000016202     0x1fa3 build/queue.o
 .debug_loc     0x00000000000181a5     0x2c5f build/tasks.o
 .debug_loc     0x000000000001ae04     0x156d build/timers.o
 .debug_loc     0x000000000001c371     0x5c40 build/cmsis_os2.o
 .debug_loc     0x0000000000021fb1      0x4e4 build/heap_4.o
 .debug_loc     0x0000000000022495      0x1c0 build/port.o

.debug_aranges  0x0000000000000000     0x1ca8
 .debug_aranges
                0x0000000000000000       0x38 build/main.o
 .debug_aranges
                0x0000000000000038       0x20 build/gpio.o
 .debug_aranges
                0x0000000000000058       0x28 build/freertos.o
 .debug_aranges
                0x0000000000000080       0x30 build/eth.o
 .debug_aranges
                0x00000000000000b0       0x30 build/usart.o
 .debug_aranges
                0x00000000000000e0       0x30 build/usb_otg.o
 .debug_aranges
                0x0000000000000110       0x50 build/stm32h7xx_it.o
 .debug_aranges
                0x0000000000000160       0x20 build/stm32h7xx_hal_msp.o
 .debug_aranges
                0x0000000000000180       0x30 build/stm32h7xx_hal_timebase_tim.o
 .debug_aranges
                0x00000000000001b0       0xb0 build/stm32h7xx_hal_cortex.o
 .debug_aranges
                0x0000000000000260      0x1b0 build/stm32h7xx_hal_eth.o
 .debug_aranges
                0x0000000000000410       0x88 build/stm32h7xx_hal_rcc.o
 .debug_aranges
                0x0000000000000498       0xf8 build/stm32h7xx_hal_rcc_ex.o
 .debug_aranges
                0x0000000000000590       0x58 build/stm32h7xx_hal_gpio.o
 .debug_aranges
                0x00000000000005e8      0x158 build/stm32h7xx_hal_pwr_ex.o
 .debug_aranges
                0x0000000000000740      0x198 build/stm32h7xx_hal.o
 .debug_aranges
                0x00000000000008d8      0x3e0 build/stm32h7xx_hal_tim.o
 .debug_aranges
                0x0000000000000cb8      0x188 build/stm32h7xx_hal_tim_ex.o
 .debug_aranges
                0x0000000000000e40      0x248 build/stm32h7xx_hal_uart.o
 .debug_aranges
                0x0000000000001088       0xa0 build/stm32h7xx_hal_uart_ex.o
 .debug_aranges
                0x0000000000001128      0x130 build/stm32h7xx_hal_pcd.o
 .debug_aranges
                0x0000000000001258       0x60 build/stm32h7xx_hal_pcd_ex.o
 .debug_aranges
                0x00000000000012b8      0x198 build/stm32h7xx_ll_usb.o
 .debug_aranges
                0x0000000000001450       0x28 build/system_stm32h7xx.o
 .debug_aranges
                0x0000000000001478       0x40 build/list.o
 .debug_aranges
                0x00000000000014b8      0x158 build/queue.o
 .debug_aranges
                0x0000000000001610      0x208 build/tasks.o
 .debug_aranges
                0x0000000000001818       0xf0 build/timers.o
 .debug_aranges
                0x0000000000001908      0x2a0 build/cmsis_os2.o
 .debug_aranges
                0x0000000000001ba8       0x58 build/heap_4.o
 .debug_aranges
                0x0000000000001c00       0x80 build/port.o
 .debug_aranges
                0x0000000000001c80       0x28 build/startup_stm32h743xx.o

.debug_ranges   0x0000000000000000     0x1e08
 .debug_ranges  0x0000000000000000       0x28 build/main.o
 .debug_ranges  0x0000000000000028       0x10 build/gpio.o
 .debug_ranges  0x0000000000000038       0x18 build/freertos.o
 .debug_ranges  0x0000000000000050       0x20 build/eth.o
 .debug_ranges  0x0000000000000070       0x20 build/usart.o
 .debug_ranges  0x0000000000000090       0x20 build/usb_otg.o
 .debug_ranges  0x00000000000000b0       0x40 build/stm32h7xx_it.o
 .debug_ranges  0x00000000000000f0       0x10 build/stm32h7xx_hal_msp.o
 .debug_ranges  0x0000000000000100       0x20 build/stm32h7xx_hal_timebase_tim.o
 .debug_ranges  0x0000000000000120      0x100 build/stm32h7xx_hal_cortex.o
 .debug_ranges  0x0000000000000220      0x1a0 build/stm32h7xx_hal_eth.o
 .debug_ranges  0x00000000000003c0       0xe8 build/stm32h7xx_hal_rcc.o
 .debug_ranges  0x00000000000004a8       0xe8 build/stm32h7xx_hal_rcc_ex.o
 .debug_ranges  0x0000000000000590       0x48 build/stm32h7xx_hal_gpio.o
 .debug_ranges  0x00000000000005d8      0x1a8 build/stm32h7xx_hal_pwr_ex.o
 .debug_ranges  0x0000000000000780      0x188 build/stm32h7xx_hal.o
 .debug_ranges  0x0000000000000908      0x3d0 build/stm32h7xx_hal_tim.o
 .debug_ranges  0x0000000000000cd8      0x178 build/stm32h7xx_hal_tim_ex.o
 .debug_ranges  0x0000000000000e50      0x238 build/stm32h7xx_hal_uart.o
 .debug_ranges  0x0000000000001088       0x90 build/stm32h7xx_hal_uart_ex.o
 .debug_ranges  0x0000000000001118      0x120 build/stm32h7xx_hal_pcd.o
 .debug_ranges  0x0000000000001238       0x50 build/stm32h7xx_hal_pcd_ex.o
 .debug_ranges  0x0000000000001288      0x188 build/stm32h7xx_ll_usb.o
 .debug_ranges  0x0000000000001410       0x18 build/system_stm32h7xx.o
 .debug_ranges  0x0000000000001428       0x30 build/list.o
 .debug_ranges  0x0000000000001458      0x200 build/queue.o
 .debug_ranges  0x0000000000001658      0x338 build/tasks.o
 .debug_ranges  0x0000000000001990       0xe0 build/timers.o
 .debug_ranges  0x0000000000001a70      0x2a8 build/cmsis_os2.o
 .debug_ranges  0x0000000000001d18       0x48 build/heap_4.o
 .debug_ranges  0x0000000000001d60       0x88 build/port.o
 .debug_ranges  0x0000000000001de8       0x20 build/startup_stm32h743xx.o

.debug_line     0x0000000000000000    0x1fc2c
 .debug_line    0x0000000000000000      0x420 build/main.o
 .debug_line    0x0000000000000420      0x23d build/gpio.o
 .debug_line    0x000000000000065d      0x17f build/freertos.o
 .debug_line    0x00000000000007dc      0x384 build/eth.o
 .debug_line    0x0000000000000b60      0x368 build/usart.o
 .debug_line    0x0000000000000ec8      0x377 build/usb_otg.o
 .debug_line    0x000000000000123f      0x277 build/stm32h7xx_it.o
 .debug_line    0x00000000000014b6      0x18b build/stm32h7xx_hal_msp.o
 .debug_line    0x0000000000001641      0x2ce build/stm32h7xx_hal_timebase_tim.o
 .debug_line    0x000000000000190f      0x781 build/stm32h7xx_hal_cortex.o
 .debug_line    0x0000000000002090     0x1ff3 build/stm32h7xx_hal_eth.o
 .debug_line    0x0000000000004083     0x11d5 build/stm32h7xx_hal_rcc.o
 .debug_line    0x0000000000005258     0x1d8d build/stm32h7xx_hal_rcc_ex.o
 .debug_line    0x0000000000006fe5      0x69e build/stm32h7xx_hal_gpio.o
 .debug_line    0x0000000000007683      0xa76 build/stm32h7xx_hal_pwr_ex.o
 .debug_line    0x00000000000080f9      0x8b6 build/stm32h7xx_hal.o
 .debug_line    0x00000000000089af     0x4cbc build/stm32h7xx_hal_tim.o
 .debug_line    0x000000000000d66b     0x1e4d build/stm32h7xx_hal_tim_ex.o
 .debug_line    0x000000000000f4b8     0x2caf build/stm32h7xx_hal_uart.o
 .debug_line    0x0000000000012167      0xab2 build/stm32h7xx_hal_uart_ex.o
 .debug_line    0x0000000000012c19     0x1364 build/stm32h7xx_hal_pcd.o
 .debug_line    0x0000000000013f7d      0x48c build/stm32h7xx_hal_pcd_ex.o
 .debug_line    0x0000000000014409     0x1bbd build/stm32h7xx_ll_usb.o
 .debug_line    0x0000000000015fc6      0x43c build/system_stm32h7xx.o
 .debug_line    0x0000000000016402      0x353 build/list.o
 .debug_line    0x0000000000016755     0x202c build/queue.o
 .debug_line    0x0000000000018781     0x2d83 build/tasks.o
 .debug_line    0x000000000001b504      0xf09 build/timers.o
 .debug_line    0x000000000001c40d     0x297c build/cmsis_os2.o
 .debug_line    0x000000000001ed89      0x729 build/heap_4.o
 .debug_line    0x000000000001f4b2      0x704 build/port.o
 .debug_line    0x000000000001fbb6       0x76 build/startup_stm32h743xx.o

.debug_str      0x0000000000000000     0xb217
 .debug_str     0x0000000000000000      0xab2 build/main.o
                                        0xb9c (size before relaxing)
 .debug_str     0x0000000000000ab2      0x2a5 build/gpio.o
                                        0x4b0 (size before relaxing)
 .debug_str     0x0000000000000d57      0x4d2 build/freertos.o
                                        0x68f (size before relaxing)
 .debug_str     0x0000000000001229      0x89e build/eth.o
                                        0xe13 (size before relaxing)
 .debug_str     0x0000000000001ac7      0x614 build/usart.o
                                        0xe3f (size before relaxing)
 .debug_str     0x00000000000020db      0x3fc build/usb_otg.o
                                        0xca1 (size before relaxing)
 .debug_str     0x00000000000024d7       0xaa build/stm32h7xx_it.o
                                        0x894 (size before relaxing)
 .debug_str     0x0000000000002581      0x833 build/stm32h7xx_hal_msp.o
                                        0xc31 (size before relaxing)
 .debug_str     0x0000000000002db4      0x123 build/stm32h7xx_hal_timebase_tim.o
                                       0x140d (size before relaxing)
 .debug_str     0x0000000000002ed7      0x584 build/stm32h7xx_hal_cortex.o
                                       0x1055 (size before relaxing)
 .debug_str     0x000000000000345b      0xbbc build/stm32h7xx_hal_eth.o
                                       0x199d (size before relaxing)
 .debug_str     0x0000000000004017      0x30a build/stm32h7xx_hal_rcc.o
                                        0xa27 (size before relaxing)
 .debug_str     0x0000000000004321      0x64d build/stm32h7xx_hal_rcc_ex.o
                                        0xf09 (size before relaxing)
 .debug_str     0x000000000000496e       0xe5 build/stm32h7xx_hal_gpio.o
                                        0x6e1 (size before relaxing)
 .debug_str     0x0000000000004a53      0x52e build/stm32h7xx_hal_pwr_ex.o
                                        0xa56 (size before relaxing)
 .debug_str     0x0000000000004f81      0x5db build/stm32h7xx_hal.o
                                       0x14bd (size before relaxing)
 .debug_str     0x000000000000555c      0xeda build/stm32h7xx_hal_tim.o
                                       0x1829 (size before relaxing)
 .debug_str     0x0000000000006436      0x6a3 build/stm32h7xx_hal_tim_ex.o
                                       0x114d (size before relaxing)
 .debug_str     0x0000000000006ad9      0x8fc build/stm32h7xx_hal_uart.o
                                       0x1474 (size before relaxing)
 .debug_str     0x00000000000073d5      0x219 build/stm32h7xx_hal_uart_ex.o
                                        0xb43 (size before relaxing)
 .debug_str     0x00000000000075ee      0x78b build/stm32h7xx_hal_pcd.o
                                        0xdaf (size before relaxing)
 .debug_str     0x0000000000007d79      0x1ac build/stm32h7xx_hal_pcd_ex.o
                                        0x800 (size before relaxing)
 .debug_str     0x0000000000007f25      0x44c build/stm32h7xx_ll_usb.o
                                        0xce7 (size before relaxing)
 .debug_str     0x0000000000008371       0x3d build/system_stm32h7xx.o
                                        0x73c (size before relaxing)
 .debug_str     0x00000000000083ae      0x14d build/list.o
                                        0x30d (size before relaxing)
 .debug_str     0x00000000000084fb      0xa2a build/queue.o
                                        0xd23 (size before relaxing)
 .debug_str     0x0000000000008f25      0xc95 build/tasks.o
                                       0x12f2 (size before relaxing)
 .debug_str     0x0000000000009bba      0x5d8 build/timers.o
                                        0xc53 (size before relaxing)
 .debug_str     0x000000000000a192      0xc25 build/cmsis_os2.o
                                       0x256a (size before relaxing)
 .debug_str     0x000000000000adb7      0x2bf build/heap_4.o
                                        0x51b (size before relaxing)
 .debug_str     0x000000000000b076      0x17d build/port.o
                                        0x48d (size before relaxing)
 .debug_str     0x000000000000b1f3       0x24 build/startup_stm32h743xx.o
                                         0x75 (size before relaxing)

.comment        0x0000000000000000       0x49
 .comment       0x0000000000000000       0x49 build/main.o
                                         0x4a (size before relaxing)
 .comment       0x0000000000000049       0x4a build/gpio.o
 .comment       0x0000000000000049       0x4a build/freertos.o
 .comment       0x0000000000000049       0x4a build/eth.o
 .comment       0x0000000000000049       0x4a build/usart.o
 .comment       0x0000000000000049       0x4a build/usb_otg.o
 .comment       0x0000000000000049       0x4a build/stm32h7xx_it.o
 .comment       0x0000000000000049       0x4a build/stm32h7xx_hal_msp.o
 .comment       0x0000000000000049       0x4a build/stm32h7xx_hal_timebase_tim.o
 .comment       0x0000000000000049       0x4a build/stm32h7xx_hal_cortex.o
 .comment       0x0000000000000049       0x4a build/stm32h7xx_hal_eth.o
 .comment       0x0000000000000049       0x4a build/stm32h7xx_hal_rcc.o
 .comment       0x0000000000000049       0x4a build/stm32h7xx_hal_rcc_ex.o
 .comment       0x0000000000000049       0x4a build/stm32h7xx_hal_gpio.o
 .comment       0x0000000000000049       0x4a build/stm32h7xx_hal_pwr_ex.o
 .comment       0x0000000000000049       0x4a build/stm32h7xx_hal.o
 .comment       0x0000000000000049       0x4a build/stm32h7xx_hal_tim.o
 .comment       0x0000000000000049       0x4a build/stm32h7xx_hal_tim_ex.o
 .comment       0x0000000000000049       0x4a build/stm32h7xx_hal_uart.o
 .comment       0x0000000000000049       0x4a build/stm32h7xx_hal_uart_ex.o
 .comment       0x0000000000000049       0x4a build/stm32h7xx_hal_pcd.o
 .comment       0x0000000000000049       0x4a build/stm32h7xx_hal_pcd_ex.o
 .comment       0x0000000000000049       0x4a build/stm32h7xx_ll_usb.o
 .comment       0x0000000000000049       0x4a build/system_stm32h7xx.o
 .comment       0x0000000000000049       0x4a build/list.o
 .comment       0x0000000000000049       0x4a build/queue.o
 .comment       0x0000000000000049       0x4a build/tasks.o
 .comment       0x0000000000000049       0x4a build/timers.o
 .comment       0x0000000000000049       0x4a build/cmsis_os2.o
 .comment       0x0000000000000049       0x4a build/heap_4.o
 .comment       0x0000000000000049       0x4a build/port.o

.debug_frame    0x0000000000000000     0x4ef0
 .debug_frame   0x0000000000000000       0x70 build/main.o
 .debug_frame   0x0000000000000070       0x38 build/gpio.o
 .debug_frame   0x00000000000000a8       0x40 build/freertos.o
 .debug_frame   0x00000000000000e8       0x64 build/eth.o
 .debug_frame   0x000000000000014c       0x64 build/usart.o
 .debug_frame   0x00000000000001b0       0x68 build/usb_otg.o
 .debug_frame   0x0000000000000218       0x88 build/stm32h7xx_it.o
 .debug_frame   0x00000000000002a0       0x2c build/stm32h7xx_hal_msp.o
 .debug_frame   0x00000000000002cc       0x50 build/stm32h7xx_hal_timebase_tim.o
 .debug_frame   0x000000000000031c      0x158 build/stm32h7xx_hal_cortex.o
 .debug_frame   0x0000000000000474      0x49c build/stm32h7xx_hal_eth.o
 .debug_frame   0x0000000000000910      0x18c build/stm32h7xx_hal_rcc.o
 .debug_frame   0x0000000000000a9c      0x26c build/stm32h7xx_hal_rcc_ex.o
 .debug_frame   0x0000000000000d08       0xd0 build/stm32h7xx_hal_gpio.o
 .debug_frame   0x0000000000000dd8      0x2f4 build/stm32h7xx_hal_pwr_ex.o
 .debug_frame   0x00000000000010cc      0x360 build/stm32h7xx_hal.o
 .debug_frame   0x000000000000142c      0xb68 build/stm32h7xx_hal_tim.o
 .debug_frame   0x0000000000001f94      0x480 build/stm32h7xx_hal_tim_ex.o
 .debug_frame   0x0000000000002414      0x674 build/stm32h7xx_hal_uart.o
 .debug_frame   0x0000000000002a88      0x1c8 build/stm32h7xx_hal_uart_ex.o
 .debug_frame   0x0000000000002c50      0x348 build/stm32h7xx_hal_pcd.o
 .debug_frame   0x0000000000002f98       0xb8 build/stm32h7xx_hal_pcd_ex.o
 .debug_frame   0x0000000000003050      0x454 build/stm32h7xx_ll_usb.o
 .debug_frame   0x00000000000034a4       0x3c build/system_stm32h7xx.o
 .debug_frame   0x00000000000034e0       0x70 build/list.o
 .debug_frame   0x0000000000003550      0x458 build/queue.o
 .debug_frame   0x00000000000039a8      0x688 build/tasks.o
 .debug_frame   0x0000000000004030      0x30c build/timers.o
 .debug_frame   0x000000000000433c      0x900 build/cmsis_os2.o
 .debug_frame   0x0000000000004c3c       0xd0 build/heap_4.o
 .debug_frame   0x0000000000004d0c      0x110 build/port.o
 .debug_frame   0x0000000000004e1c       0x2c /usr/local/Cellar/arm-gcc-bin@10/10.3-2021.10_1/bin/../lib/gcc/arm-none-eabi/10.3.1/../../../../arm-none-eabi/lib/thumb/v7e-m+dp/hard/libc_nano.a(lib_a-init.o)
 .debug_frame   0x0000000000004e48       0x28 /usr/local/Cellar/arm-gcc-bin@10/10.3-2021.10_1/bin/../lib/gcc/arm-none-eabi/10.3.1/../../../../arm-none-eabi/lib/thumb/v7e-m+dp/hard/libc_nano.a(lib_a-memcpy-stub.o)
 .debug_frame   0x0000000000004e70       0x20 /usr/local/Cellar/arm-gcc-bin@10/10.3-2021.10_1/bin/../lib/gcc/arm-none-eabi/10.3.1/../../../../arm-none-eabi/lib/thumb/v7e-m+dp/hard/libc_nano.a(lib_a-memset.o)
 .debug_frame   0x0000000000004e90       0x2c /usr/local/Cellar/arm-gcc-bin@10/10.3-2021.10_1/bin/../lib/gcc/arm-none-eabi/10.3.1/thumb/v7e-m+dp/hard/libgcc.a(_aeabi_uldivmod.o)
 .debug_frame   0x0000000000004ebc       0x34 /usr/local/Cellar/arm-gcc-bin@10/10.3-2021.10_1/bin/../lib/gcc/arm-none-eabi/10.3.1/thumb/v7e-m+dp/hard/libgcc.a(_udivmoddi4.o)

Cross Reference Table

Symbol                                            File
ADC3_IRQHandler                                   build/startup_stm32h743xx.o
ADC_IRQHandler                                    build/startup_stm32h743xx.o
BDMA_Channel0_IRQHandler                          build/startup_stm32h743xx.o
BDMA_Channel1_IRQHandler                          build/startup_stm32h743xx.o
BDMA_Channel2_IRQHandler                          build/startup_stm32h743xx.o
BDMA_Channel3_IRQHandler                          build/startup_stm32h743xx.o
BDMA_Channel4_IRQHandler                          build/startup_stm32h743xx.o
BDMA_Channel5_IRQHandler                          build/startup_stm32h743xx.o
BDMA_Channel6_IRQHandler                          build/startup_stm32h743xx.o
BDMA_Channel7_IRQHandler                          build/startup_stm32h743xx.o
BusFault_Handler                                  build/stm32h7xx_it.o
CEC_IRQHandler                                    build/startup_stm32h743xx.o
COMP1_IRQHandler                                  build/startup_stm32h743xx.o
CRS_IRQHandler                                    build/startup_stm32h743xx.o
D1CorePrescTable                                  build/system_stm32h7xx.o
                                                  build/stm32h7xx_hal.o
                                                  build/stm32h7xx_hal_rcc_ex.o
                                                  build/stm32h7xx_hal_rcc.o
DCMI_IRQHandler                                   build/startup_stm32h743xx.o
DFSDM1_FLT0_IRQHandler                            build/startup_stm32h743xx.o
DFSDM1_FLT1_IRQHandler                            build/startup_stm32h743xx.o
DFSDM1_FLT2_IRQHandler                            build/startup_stm32h743xx.o
DFSDM1_FLT3_IRQHandler                            build/startup_stm32h743xx.o
DMA1_Stream0_IRQHandler                           build/startup_stm32h743xx.o
DMA1_Stream1_IRQHandler                           build/startup_stm32h743xx.o
DMA1_Stream2_IRQHandler                           build/startup_stm32h743xx.o
DMA1_Stream3_IRQHandler                           build/startup_stm32h743xx.o
DMA1_Stream4_IRQHandler                           build/startup_stm32h743xx.o
DMA1_Stream5_IRQHandler                           build/startup_stm32h743xx.o
DMA1_Stream6_IRQHandler                           build/startup_stm32h743xx.o
DMA1_Stream7_IRQHandler                           build/startup_stm32h743xx.o
DMA2D_IRQHandler                                  build/startup_stm32h743xx.o
DMA2_Stream0_IRQHandler                           build/startup_stm32h743xx.o
DMA2_Stream1_IRQHandler                           build/startup_stm32h743xx.o
DMA2_Stream2_IRQHandler                           build/startup_stm32h743xx.o
DMA2_Stream3_IRQHandler                           build/startup_stm32h743xx.o
DMA2_Stream4_IRQHandler                           build/startup_stm32h743xx.o
DMA2_Stream5_IRQHandler                           build/startup_stm32h743xx.o
DMA2_Stream6_IRQHandler                           build/startup_stm32h743xx.o
DMA2_Stream7_IRQHandler                           build/startup_stm32h743xx.o
DMAMUX1_OVR_IRQHandler                            build/startup_stm32h743xx.o
DMAMUX2_OVR_IRQHandler                            build/startup_stm32h743xx.o
DMARxDscrTab                                      build/eth.o
DMATxDscrTab                                      build/eth.o
DebugMon_Handler                                  build/stm32h7xx_it.o
Default_Handler                                   build/startup_stm32h743xx.o
ECC_IRQHandler                                    build/startup_stm32h743xx.o
ETH_IRQHandler                                    build/startup_stm32h743xx.o
ETH_WKUP_IRQHandler                               build/startup_stm32h743xx.o
EXTI0_IRQHandler                                  build/startup_stm32h743xx.o
EXTI15_10_IRQHandler                              build/startup_stm32h743xx.o
EXTI1_IRQHandler                                  build/startup_stm32h743xx.o
EXTI2_IRQHandler                                  build/startup_stm32h743xx.o
EXTI3_IRQHandler                                  build/startup_stm32h743xx.o
EXTI4_IRQHandler                                  build/startup_stm32h743xx.o
EXTI9_5_IRQHandler                                build/startup_stm32h743xx.o
Error_Handler                                     build/main.o
                                                  build/usb_otg.o
                                                  build/usart.o
                                                  build/eth.o
FDCAN1_IT0_IRQHandler                             build/startup_stm32h743xx.o
FDCAN1_IT1_IRQHandler                             build/startup_stm32h743xx.o
FDCAN2_IT0_IRQHandler                             build/startup_stm32h743xx.o
FDCAN2_IT1_IRQHandler                             build/startup_stm32h743xx.o
FDCAN_CAL_IRQHandler                              build/startup_stm32h743xx.o
FLASH_CRC_WaitForLastOperation                    build/stm32h7xx_hal_flash.o
                                                  build/stm32h7xx_hal_flash_ex.o
FLASH_Erase_Sector                                build/stm32h7xx_hal_flash_ex.o
                                                  build/stm32h7xx_hal_flash.o
FLASH_IRQHandler                                  build/startup_stm32h743xx.o
FLASH_OB_WaitForLastOperation                     build/stm32h7xx_hal_flash.o
                                                  build/stm32h7xx_hal_flash_ex.o
FLASH_WaitForLastOperation                        build/stm32h7xx_hal_flash.o
                                                  build/stm32h7xx_hal_flash_ex.o
FMC_IRQHandler                                    build/startup_stm32h743xx.o
FPU_IRQHandler                                    build/startup_stm32h743xx.o
HAL_DBGMCU_DisableDBGSleepMode                    build/stm32h7xx_hal.o
HAL_DBGMCU_DisableDBGStandbyMode                  build/stm32h7xx_hal.o
HAL_DBGMCU_DisableDBGStopMode                     build/stm32h7xx_hal.o
HAL_DBGMCU_EnableDBGSleepMode                     build/stm32h7xx_hal.o
HAL_DBGMCU_EnableDBGStandbyMode                   build/stm32h7xx_hal.o
HAL_DBGMCU_EnableDBGStopMode                      build/stm32h7xx_hal.o
HAL_DMAEx_ChangeMemory                            build/stm32h7xx_hal_dma_ex.o
HAL_DMAEx_ConfigMuxRequestGenerator               build/stm32h7xx_hal_dma_ex.o
HAL_DMAEx_ConfigMuxSync                           build/stm32h7xx_hal_dma_ex.o
HAL_DMAEx_DisableMuxRequestGenerator              build/stm32h7xx_hal_dma_ex.o
HAL_DMAEx_EnableMuxRequestGenerator               build/stm32h7xx_hal_dma_ex.o
HAL_DMAEx_MUX_IRQHandler                          build/stm32h7xx_hal_dma_ex.o
HAL_DMAEx_MultiBufferStart                        build/stm32h7xx_hal_dma_ex.o
HAL_DMAEx_MultiBufferStart_IT                     build/stm32h7xx_hal_dma_ex.o
HAL_DMA_Abort                                     build/stm32h7xx_hal_dma.o
                                                  build/stm32h7xx_hal_uart.o
HAL_DMA_Abort_IT                                  build/stm32h7xx_hal_dma.o
                                                  build/stm32h7xx_hal_uart.o
                                                  build/stm32h7xx_hal_tim_ex.o
                                                  build/stm32h7xx_hal_tim.o
                                                  build/stm32h7xx_hal_i2c.o
HAL_DMA_DeInit                                    build/stm32h7xx_hal_dma.o
HAL_DMA_GetError                                  build/stm32h7xx_hal_dma.o
                                                  build/stm32h7xx_hal_uart.o
                                                  build/stm32h7xx_hal_i2c.o
HAL_DMA_GetState                                  build/stm32h7xx_hal_dma.o
                                                  build/stm32h7xx_hal_i2c.o
HAL_DMA_IRQHandler                                build/stm32h7xx_hal_dma.o
HAL_DMA_Init                                      build/stm32h7xx_hal_dma.o
HAL_DMA_PollForTransfer                           build/stm32h7xx_hal_dma.o
HAL_DMA_RegisterCallback                          build/stm32h7xx_hal_dma.o
HAL_DMA_Start                                     build/stm32h7xx_hal_dma.o
HAL_DMA_Start_IT                                  build/stm32h7xx_hal_dma.o
                                                  build/stm32h7xx_hal_uart.o
                                                  build/stm32h7xx_hal_tim_ex.o
                                                  build/stm32h7xx_hal_tim.o
                                                  build/stm32h7xx_hal_i2c.o
HAL_DMA_UnRegisterCallback                        build/stm32h7xx_hal_dma.o
HAL_DeInit                                        build/stm32h7xx_hal.o
HAL_Delay                                         build/stm32h7xx_hal.o
                                                  build/stm32h7xx_ll_usb.o
                                                  build/stm32h7xx_hal_pcd_ex.o
HAL_DisableCompensationCell                       build/stm32h7xx_hal.o
HAL_ETHEx_DisableARPOffload                       build/stm32h7xx_hal_eth_ex.o
HAL_ETHEx_DisableL3L4Filtering                    build/stm32h7xx_hal_eth_ex.o
HAL_ETHEx_DisableVLANProcessing                   build/stm32h7xx_hal_eth_ex.o
HAL_ETHEx_EnableARPOffload                        build/stm32h7xx_hal_eth_ex.o
HAL_ETHEx_EnableL3L4Filtering                     build/stm32h7xx_hal_eth_ex.o
HAL_ETHEx_EnableVLANProcessing                    build/stm32h7xx_hal_eth_ex.o
HAL_ETHEx_EnterLPIMode                            build/stm32h7xx_hal_eth_ex.o
HAL_ETHEx_ExitLPIMode                             build/stm32h7xx_hal_eth_ex.o
HAL_ETHEx_GetL3FilterConfig                       build/stm32h7xx_hal_eth_ex.o
HAL_ETHEx_GetL4FilterConfig                       build/stm32h7xx_hal_eth_ex.o
HAL_ETHEx_GetMACLPIEvent                          build/stm32h7xx_hal_eth_ex.o
HAL_ETHEx_GetRxVLANConfig                         build/stm32h7xx_hal_eth_ex.o
HAL_ETHEx_GetTxVLANConfig                         build/stm32h7xx_hal_eth_ex.o
HAL_ETHEx_SetARPAddressMatch                      build/stm32h7xx_hal_eth_ex.o
HAL_ETHEx_SetL3FilterConfig                       build/stm32h7xx_hal_eth_ex.o
HAL_ETHEx_SetL4FilterConfig                       build/stm32h7xx_hal_eth_ex.o
HAL_ETHEx_SetRxVLANConfig                         build/stm32h7xx_hal_eth_ex.o
HAL_ETHEx_SetTxVLANConfig                         build/stm32h7xx_hal_eth_ex.o
HAL_ETHEx_SetTxVLANIdentifier                     build/stm32h7xx_hal_eth_ex.o
HAL_ETHEx_SetVLANHashTable                        build/stm32h7xx_hal_eth_ex.o
HAL_ETH_BuildRxDescriptors                        build/stm32h7xx_hal_eth.o
HAL_ETH_DMAErrorCallback                          build/stm32h7xx_hal_eth.o
HAL_ETH_DeInit                                    build/stm32h7xx_hal_eth.o
HAL_ETH_DescAssignMemory                          build/stm32h7xx_hal_eth.o
HAL_ETH_EEECallback                               build/stm32h7xx_hal_eth.o
HAL_ETH_EnterPowerDownMode                        build/stm32h7xx_hal_eth.o
HAL_ETH_ExitPowerDownMode                         build/stm32h7xx_hal_eth.o
HAL_ETH_GetDMAConfig                              build/stm32h7xx_hal_eth.o
HAL_ETH_GetDMAError                               build/stm32h7xx_hal_eth.o
HAL_ETH_GetError                                  build/stm32h7xx_hal_eth.o
HAL_ETH_GetMACConfig                              build/stm32h7xx_hal_eth.o
HAL_ETH_GetMACError                               build/stm32h7xx_hal_eth.o
HAL_ETH_GetMACFilterConfig                        build/stm32h7xx_hal_eth.o
HAL_ETH_GetMACWakeUpSource                        build/stm32h7xx_hal_eth.o
HAL_ETH_GetRxDataBuffer                           build/stm32h7xx_hal_eth.o
HAL_ETH_GetRxDataInfo                             build/stm32h7xx_hal_eth.o
HAL_ETH_GetRxDataLength                           build/stm32h7xx_hal_eth.o
HAL_ETH_GetState                                  build/stm32h7xx_hal_eth.o
HAL_ETH_IRQHandler                                build/stm32h7xx_hal_eth.o
HAL_ETH_Init                                      build/stm32h7xx_hal_eth.o
                                                  build/eth.o
HAL_ETH_IsRxDataAvailable                         build/stm32h7xx_hal_eth.o
HAL_ETH_MACErrorCallback                          build/stm32h7xx_hal_eth.o
HAL_ETH_MspDeInit                                 build/eth.o
HAL_ETH_MspInit                                   build/eth.o
HAL_ETH_PMTCallback                               build/stm32h7xx_hal_eth.o
HAL_ETH_ReadPHYRegister                           build/stm32h7xx_hal_eth.o